Archive member included to satisfy reference by file (symbol)

/home/jeferson/optee/optee_os-rpi4/out/arm-plat-rpi4/export-ta_arm64/lib/libutils.a(snprintf.o)
                              ./plugin_ta.o (snprintf)
/home/jeferson/optee/optee_os-rpi4/out/arm-plat-rpi4/export-ta_arm64/lib/libutils.a(stack_check.o)
                              ./plugin_ta.o (__stack_chk_fail)
/home/jeferson/optee/optee_os-rpi4/out/arm-plat-rpi4/export-ta_arm64/lib/libutils.a(memcpy.o)
                              ./plugin_ta.o (memcpy)
/home/jeferson/optee/optee_os-rpi4/out/arm-plat-rpi4/export-ta_arm64/lib/libutils.a(snprintk.o)
                              /home/jeferson/optee/optee_os-rpi4/out/arm-plat-rpi4/export-ta_arm64/lib/libutils.a(snprintf.o) (__vsnprintf)
/home/jeferson/optee/optee_os-rpi4/out/arm-plat-rpi4/export-ta_arm64/lib/libutils.a(trace.o)
                              ./plugin_ta.o (trace_printf)
/home/jeferson/optee/optee_os-rpi4/out/arm-plat-rpi4/export-ta_arm64/lib/libutils.a(memchr.o)
                              /home/jeferson/optee/optee_os-rpi4/out/arm-plat-rpi4/export-ta_arm64/lib/libutils.a(snprintk.o) (memchr)
/home/jeferson/optee/optee_os-rpi4/out/arm-plat-rpi4/export-ta_arm64/lib/libutils.a(strlen.o)
                              /home/jeferson/optee/optee_os-rpi4/out/arm-plat-rpi4/export-ta_arm64/lib/libutils.a(snprintk.o) (strlen)
/home/jeferson/optee/optee_os-rpi4/out/arm-plat-rpi4/export-ta_arm64/lib/libutee.a(trace_ext.o)
                              /home/jeferson/optee/optee_os-rpi4/out/arm-plat-rpi4/export-ta_arm64/lib/libutils.a(trace.o) (trace_ext_puts)
/home/jeferson/optee/optee_os-rpi4/out/arm-plat-rpi4/export-ta_arm64/lib/libutee.a(tee_system_pta.o)
                              ./plugin_ta.o (tee_invoke_supp_plugin)
/home/jeferson/optee/optee_os-rpi4/out/arm-plat-rpi4/export-ta_arm64/lib/libutee.a(utee_syscalls_a64.o)
                              /home/jeferson/optee/optee_os-rpi4/out/arm-plat-rpi4/export-ta_arm64/lib/libutils.a(stack_check.o) (_utee_panic)
/home/jeferson/optee/optee_os-rpi4/out/arm-plat-rpi4/export-ta_arm64/lib/libutee.a(user_ta_entry.o)
                              ./user_ta_header.o (__utee_entry)
/home/jeferson/optee/optee_os-rpi4/out/arm-plat-rpi4/export-ta_arm64/lib/libutee.a(user_ta_entry_compat.o)
                              ./user_ta_header.o (__ta_open_sess)
/home/jeferson/optee/optee_os-rpi4/out/arm-plat-rpi4/export-ta_arm64/lib/libutee.a(abort.o)
                              /home/jeferson/optee/optee_os-rpi4/out/arm-plat-rpi4/export-ta_arm64/lib/libutee.a(user_ta_entry.o) (abort)
/home/jeferson/optee/optee_os-rpi4/out/arm-plat-rpi4/export-ta_arm64/lib/libutee.a(tee_api.o)
                              /home/jeferson/optee/optee_os-rpi4/out/arm-plat-rpi4/export-ta_arm64/lib/libutee.a(tee_system_pta.o) (TEE_OpenTASession)
/home/jeferson/optee/optee_os-rpi4/out/arm-plat-rpi4/export-ta_arm64/lib/libutee.a(tee_api_arith_mpi.o)
                              /home/jeferson/optee/optee_os-rpi4/out/arm-plat-rpi4/export-ta_arm64/lib/libutee.a(user_ta_entry.o) (_TEE_MathAPI_Init)
/home/jeferson/optee/optee_os-rpi4/out/arm-plat-rpi4/export-ta_arm64/lib/libutee.a(tee_api_panic.o)
                              /home/jeferson/optee/optee_os-rpi4/out/arm-plat-rpi4/export-ta_arm64/lib/libutee.a(tee_api.o) (TEE_Panic)
/home/jeferson/optee/optee_os-rpi4/out/arm-plat-rpi4/export-ta_arm64/lib/libutee.a(tee_api_property.o)
                              /home/jeferson/optee/optee_os-rpi4/out/arm-plat-rpi4/export-ta_arm64/lib/libutee.a(user_ta_entry.o) (TEE_GetPropertyAsU32)
/home/jeferson/optee/optee_os-rpi4/out/arm-plat-rpi4/export-ta_arm64/lib/libutee.a(tcb.o)
                              /home/jeferson/optee/optee_os-rpi4/out/arm-plat-rpi4/export-ta_arm64/lib/libutee.a(user_ta_entry.o) (__utee_tcb_init)
/home/jeferson/optee/optee_os-rpi4/out/arm-plat-rpi4/export-ta_arm64/lib/libutee.a(assert.o)
                              /home/jeferson/optee/optee_os-rpi4/out/arm-plat-rpi4/export-ta_arm64/lib/libutee.a(tcb.o) (_assert_log)
/home/jeferson/optee/optee_os-rpi4/out/arm-plat-rpi4/export-ta_arm64/lib/libutee.a(base64.o)
                              /home/jeferson/optee/optee_os-rpi4/out/arm-plat-rpi4/export-ta_arm64/lib/libutee.a(tee_api_property.o) (_base64_enc_len)
/home/jeferson/optee/optee_os-rpi4/out/arm-plat-rpi4/export-ta_arm64/lib/libmbedtls.a(bignum.o)
                              /home/jeferson/optee/optee_os-rpi4/out/arm-plat-rpi4/export-ta_arm64/lib/libutee.a(tee_api_arith_mpi.o) (mbedtls_mpi_init_mempool)
/home/jeferson/optee/optee_os-rpi4/out/arm-plat-rpi4/export-ta_arm64/lib/libmbedtls.a(constant_time.o)
                              /home/jeferson/optee/optee_os-rpi4/out/arm-plat-rpi4/export-ta_arm64/lib/libmbedtls.a(bignum.o) (mbedtls_ct_size_bool_eq)
/home/jeferson/optee/optee_os-rpi4/out/arm-plat-rpi4/export-ta_arm64/lib/libmbedtls.a(platform_util.o)
[...]
Memory Configuration

Name             Origin             Length             Attributes
*default*        0x0000000000000000 0xffffffffffffffff

Linker script and memory map


.ta_head        0x0000000000000000       0x20
 *(SORT_BY_ALIGNMENT(.ta_head))
 .ta_head       0x0000000000000000       0x20 ./user_ta_header.o
                0x0000000000000000                ta_head

.text           0x0000000000000020     0xcad8
                0x0000000000000020                __text_start = .
 *(SORT_BY_ALIGNMENT(.text) SORT_BY_ALIGNMENT(.text.*))
 .text          0x0000000000000020       0xec /home/jeferson/optee/optee_os-rpi4/out/arm-plat-rpi4/export-ta_arm64/lib/libutils.a(memcpy.o)
                0x0000000000000020                memcpy
 .text          0x000000000000010c      0x150 ./plugin_ta.o
                0x000000000000010c                TA_CreateEntryPoint
                0x0000000000000114                TA_DestroyEntryPoint
                0x0000000000000118                __GP11_TA_OpenSessionEntryPoint
                0x0000000000000128                TA_CloseSessionEntryPoint
                0x000000000000012c                __GP11_TA_InvokeCommandEntryPoint
 .text          0x000000000000025c       0x34 ./user_ta_header.o
                0x000000000000025c                __ta_entry
                0x0000000000000270                tahead_get_trace_level
                0x0000000000000278                TA_OpenSessionEntryPoint
                0x0000000000000284                TA_InvokeCommandEntryPoint
 .text          0x0000000000000290      0x12c /home/jeferson/optee/optee_os-rpi4/out/arm-plat-rpi4/export-ta_arm64/lib/libutils.a(snprintf.o)
                0x0000000000000290                snprintf
                0x0000000000000364                vsnprintf
 .text          0x00000000000003bc       0x30 /home/jeferson/optee/optee_os-rpi4/out/arm-plat-rpi4/export-ta_arm64/lib/libutils.a(stack_check.o)
                0x00000000000003bc                __stack_chk_fail
 .text          0x00000000000003ec      0xdfc /home/jeferson/optee/optee_os-rpi4/out/arm-plat-rpi4/export-ta_arm64/lib/libutils.a(snprintk.o)
                0x00000000000003ec                __vsnprintf
                0x00000000000004b0                vsnprintk
                0x0000000000000508                snprintk
                0x000000000000119c                __vsprintf
 .text          0x00000000000011e8      0x330 /home/jeferson/optee/optee_os-rpi4/out/arm-plat-rpi4/export-ta_arm64/lib/libutils.a(trace.o)
                0x00000000000011e8                trace_set_level
                0x0000000000001204                trace_get_level
                0x0000000000001214                trace_vprintf
                0x0000000000001430                trace_printf
                0x0000000000001514                dhex_dump
 .text          0x0000000000001518       0x2c /home/jeferson/optee/optee_os-rpi4/out/arm-plat-rpi4/export-ta_arm64/lib/libutils.a(memchr.o)
                0x0000000000001518                memchr
 .text          0x0000000000001544       0x1c /home/jeferson/optee/optee_os-rpi4/out/arm-plat-rpi4/export-ta_arm64/lib/libutils.a(strlen.o)
                0x0000000000001544                strlen
 .text          0x0000000000001560      0x1e0 /home/jeferson/optee/optee_os-rpi4/out/arm-plat-rpi4/export-ta_arm64/lib/libutee.a(trace_ext.o)
                0x0000000000001560                trace_ext_puts
                0x0000000000001588                trace_ext_get_thread_id
                0x0000000000001590                printf
                0x0000000000001690                puts
                0x00000000000016d0                putchar
 .text          0x0000000000001740      0x2bc /home/jeferson/optee/optee_os-rpi4/out/arm-plat-rpi4/export-ta_arm64/lib/libutee.a(tee_system_pta.o)
                0x00000000000017c4                tee_map_zi
                0x0000000000001858                tee_unmap
                0x0000000000001914                tee_invoke_supp_plugin
 .text._utee_panic
                0x00000000000019fc        0xc /home/jeferson/optee/optee_os-rpi4/out/arm-plat-rpi4/export-ta_arm64/lib/libutee.a(utee_syscalls_a64.o)
                0x00000000000019fc                _utee_panic
 .text._utee_return
                0x0000000000001a08        0xc /home/jeferson/optee/optee_os-rpi4/out/arm-plat-rpi4/export-ta_arm64/lib/libutee.a(utee_syscalls_a64.o)
                0x0000000000001a08                _utee_return
 .text._utee_log
                0x0000000000001a14        0xc /home/jeferson/optee/optee_os-rpi4/out/arm-plat-rpi4/export-ta_arm64/lib/libutee.a(utee_syscalls_a64.o)
                0x0000000000001a14                _utee_log
 .text.__utee_panic
                0x0000000000001a20        0xc /home/jeferson/optee/optee_os-rpi4/out/arm-plat-rpi4/export-ta_arm64/lib/libutee.a(utee_syscalls_a64.o)
                0x0000000000001a20                __utee_panic
 .text._utee_get_property
                0x0000000000001a2c        0xc /home/jeferson/optee/optee_os-rpi4/out/arm-plat-rpi4/export-ta_arm64/lib/libutee.a(utee_syscalls_a64.o)
                0x0000000000001a2c                _utee_get_property
 .text._utee_get_property_name_to_index
                0x0000000000001a38        0xc /home/jeferson/optee/optee_os-rpi4/out/arm-plat-rpi4/export-ta_arm64/lib/libutee.a(utee_syscalls_a64.o)
                0x0000000000001a38                _utee_get_property_name_to_index
 .text._utee_open_ta_session
                0x0000000000001a44        0xc /home/jeferson/optee/optee_os-rpi4/out/arm-plat-rpi4/export-ta_arm64/lib/libutee.a(utee_syscalls_a64.o)
                0x0000000000001a44                _utee_open_ta_session
 .text._utee_close_ta_session
                0x0000000000001a50        0xc /home/jeferson/optee/optee_os-rpi4/out/arm-plat-rpi4/export-ta_arm64/lib/libutee.a(utee_syscalls_a64.o)
                0x0000000000001a50                _utee_close_ta_session
 .text._utee_invoke_ta_command
                0x0000000000001a5c        0xc /home/jeferson/optee/optee_os-rpi4/out/arm-plat-rpi4/export-ta_arm64/lib/libutee.a(utee_syscalls_a64.o)
                0x0000000000001a5c                _utee_invoke_ta_command
 .text._utee_get_cancellation_flag
                0x0000000000001a68        0xc /home/jeferson/optee/optee_os-rpi4/out/arm-plat-rpi4/export-ta_arm64/lib/libutee.a(utee_syscalls_a64.o)
                0x0000000000001a68                _utee_get_cancellation_flag
 .text._utee_check_access_rights
                0x0000000000001a74        0xc /home/jeferson/optee/optee_os-rpi4/out/arm-plat-rpi4/export-ta_arm64/lib/libutee.a(utee_syscalls_a64.o)
                0x0000000000001a74                _utee_check_access_rights
 .text._utee_unmask_cancellation
                0x0000000000001a80        0xc /home/jeferson/optee/optee_os-rpi4/out/arm-plat-rpi4/export-ta_arm64/lib/libutee.a(utee_syscalls_a64.o)
                0x0000000000001a80                _utee_unmask_cancellation
 .text._utee_mask_cancellation
                0x0000000000001a8c        0xc /home/jeferson/optee/optee_os-rpi4/out/arm-plat-rpi4/export-ta_arm64/lib/libutee.a(utee_syscalls_a64.o)
                0x0000000000001a8c                _utee_mask_cancellation
 .text._utee_wait
                0x0000000000001a98        0xc /home/jeferson/optee/optee_os-rpi4/out/arm-plat-rpi4/export-ta_arm64/lib/libutee.a(utee_syscalls_a64.o)
                0x0000000000001a98                _utee_wait
 .text._utee_get_time
                0x0000000000001aa4        0xc /home/jeferson/optee/optee_os-rpi4/out/arm-plat-rpi4/export-ta_arm64/lib/libutee.a(utee_syscalls_a64.o)
                0x0000000000001aa4                _utee_get_time
 .text._utee_set_ta_time
                0x0000000000001ab0        0xc /home/jeferson/optee/optee_os-rpi4/out/arm-plat-rpi4/export-ta_arm64/lib/libutee.a(utee_syscalls_a64.o)
                0x0000000000001ab0                _utee_set_ta_time
 .text._utee_cryp_state_alloc
                0x0000000000001abc        0xc /home/jeferson/optee/optee_os-rpi4/out/arm-plat-rpi4/export-ta_arm64/lib/libutee.a(utee_syscalls_a64.o)
                0x0000000000001abc                _utee_cryp_state_alloc
 .text._utee_cryp_state_copy
                0x0000000000001ac8        0xc /home/jeferson/optee/optee_os-rpi4/out/arm-plat-rpi4/export-ta_arm64/lib/libutee.a(utee_syscalls_a64.o)
                0x0000000000001ac8                _utee_cryp_state_copy
 .text._utee_cryp_state_free
                0x0000000000001ad4        0xc /home/jeferson/optee/optee_os-rpi4/out/arm-plat-rpi4/export-ta_arm64/lib/libutee.a(utee_syscalls_a64.o)
                0x0000000000001ad4                _utee_cryp_state_free
 .text._utee_hash_init
                0x0000000000001ae0        0xc /home/jeferson/optee/optee_os-rpi4/out/arm-plat-rpi4/export-ta_arm64/lib/libutee.a(utee_syscalls_a64.o)
                0x0000000000001ae0                _utee_hash_init
 .text._utee_hash_update
                0x0000000000001aec        0xc /home/jeferson/optee/optee_os-rpi4/out/arm-plat-rpi4/export-ta_arm64/lib/libutee.a(utee_syscalls_a64.o)
                0x0000000000001aec                _utee_hash_update
 .text._utee_hash_final
                0x0000000000001af8        0xc /home/jeferson/optee/optee_os-rpi4/out/arm-plat-rpi4/export-ta_arm64/lib/libutee.a(utee_syscalls_a64.o)
                0x0000000000001af8                _utee_hash_final
 .text._utee_cipher_init
                0x0000000000001b04        0xc /home/jeferson/optee/optee_os-rpi4/out/arm-plat-rpi4/export-ta_arm64/lib/libutee.a(utee_syscalls_a64.o)
                0x0000000000001b04                _utee_cipher_init
 .text._utee_cipher_update
                0x0000000000001b10        0xc /home/jeferson/optee/optee_os-rpi4/out/arm-plat-rpi4/export-ta_arm64/lib/libutee.a(utee_syscalls_a64.o)
                0x0000000000001b10                _utee_cipher_update
 .text._utee_cipher_final
                0x0000000000001b1c        0xc /home/jeferson/optee/optee_os-rpi4/out/arm-plat-rpi4/export-ta_arm64/lib/libutee.a(utee_syscalls_a64.o)
                0x0000000000001b1c                _utee_cipher_final
 .text._utee_cryp_obj_get_info
                0x0000000000001b28        0xc /home/jeferson/optee/optee_os-rpi4/out/arm-plat-rpi4/export-ta_arm64/lib/libutee.a(utee_syscalls_a64.o)
                0x0000000000001b28                _utee_cryp_obj_get_info
 .text._utee_cryp_obj_restrict_usage
                0x0000000000001b34        0xc /home/jeferson/optee/optee_os-rpi4/out/arm-plat-rpi4/export-ta_arm64/lib/libutee.a(utee_syscalls_a64.o)
                0x0000000000001b34                _utee_cryp_obj_restrict_usage
 .text._utee_cryp_obj_get_attr
                0x0000000000001b40        0xc /home/jeferson/optee/optee_os-rpi4/out/arm-plat-rpi4/export-ta_arm64/lib/libutee.a(utee_syscalls_a64.o)
                0x0000000000001b40                _utee_cryp_obj_get_attr
 .text._utee_cryp_obj_alloc
                0x0000000000001b4c        0xc /home/jeferson/optee/optee_os-rpi4/out/arm-plat-rpi4/export-ta_arm64/lib/libutee.a(utee_syscalls_a64.o)
                0x0000000000001b4c                _utee_cryp_obj_alloc
 .text._utee_cryp_obj_close
                0x0000000000001b58        0xc /home/jeferson/optee/optee_os-rpi4/out/arm-plat-rpi4/export-ta_arm64/lib/libutee.a(utee_syscalls_a64.o)
                0x0000000000001b58                _utee_cryp_obj_close
 .text._utee_cryp_obj_reset
                0x0000000000001b64        0xc /home/jeferson/optee/optee_os-rpi4/out/arm-plat-rpi4/export-ta_arm64/lib/libutee.a(utee_syscalls_a64.o)
                0x0000000000001b64                _utee_cryp_obj_reset
 .text._utee_cryp_obj_populate
                0x0000000000001b70        0xc /home/jeferson/optee/optee_os-rpi4/out/arm-plat-rpi4/export-ta_arm64/lib/libutee.a(utee_syscalls_a64.o)
                0x0000000000001b70                _utee_cryp_obj_populate
 .text._utee_cryp_obj_copy
                0x0000000000001b7c        0xc /home/jeferson/optee/optee_os-rpi4/out/arm-plat-rpi4/export-ta_arm64/lib/libutee.a(utee_syscalls_a64.o)
                0x0000000000001b7c                _utee_cryp_obj_copy
 .text._utee_cryp_derive_key
                0x0000000000001b88        0xc /home/jeferson/optee/optee_os-rpi4/out/arm-plat-rpi4/export-ta_arm64/lib/libutee.a(utee_syscalls_a64.o)
                0x0000000000001b88                _utee_cryp_derive_key
 .text._utee_cryp_random_number_generate
                0x0000000000001b94        0xc /home/jeferson/optee/optee_os-rpi4/out/arm-plat-rpi4/export-ta_arm64/lib/libutee.a(utee_syscalls_a64.o)
                0x0000000000001b94                _utee_cryp_random_number_generate
 .text._utee_authenc_init
                0x0000000000001ba0        0xc /home/jeferson/optee/optee_os-rpi4/out/arm-plat-rpi4/export-ta_arm64/lib/libutee.a(utee_syscalls_a64.o)
                0x0000000000001ba0                _utee_authenc_init
 .text._utee_authenc_update_aad
                0x0000000000001bac        0xc /home/jeferson/optee/optee_os-rpi4/out/arm-plat-rpi4/export-ta_arm64/lib/libutee.a(utee_syscalls_a64.o)
                0x0000000000001bac                _utee_authenc_update_aad
 .text._utee_authenc_update_payload
                0x0000000000001bb8        0xc /home/jeferson/optee/optee_os-rpi4/out/arm-plat-rpi4/export-ta_arm64/lib/libutee.a(utee_syscalls_a64.o)
                0x0000000000001bb8                _utee_authenc_update_payload
 .text._utee_authenc_enc_final
                0x0000000000001bc4        0xc /home/jeferson/optee/optee_os-rpi4/out/arm-plat-rpi4/export-ta_arm64/lib/libutee.a(utee_syscalls_a64.o)
                0x0000000000001bc4                _utee_authenc_enc_final
 .text._utee_authenc_dec_final
                0x0000000000001bd0        0xc /home/jeferson/optee/optee_os-rpi4/out/arm-plat-rpi4/export-ta_arm64/lib/libutee.a(utee_syscalls_a64.o)
                0x0000000000001bd0                _utee_authenc_dec_final
 .text._utee_asymm_operate
                0x0000000000001bdc        0xc /home/jeferson/optee/optee_os-rpi4/out/arm-plat-rpi4/export-ta_arm64/lib/libutee.a(utee_syscalls_a64.o)
                0x0000000000001bdc                _utee_asymm_operate
 .text._utee_asymm_verify
                0x0000000000001be8        0xc /home/jeferson/optee/optee_os-rpi4/out/arm-plat-rpi4/export-ta_arm64/lib/libutee.a(utee_syscalls_a64.o)
                0x0000000000001be8                _utee_asymm_verify
 .text._utee_storage_obj_open
                0x0000000000001bf4        0xc /home/jeferson/optee/optee_os-rpi4/out/arm-plat-rpi4/export-ta_arm64/lib/libutee.a(utee_syscalls_a64.o)
                0x0000000000001bf4                _utee_storage_obj_open
 .text._utee_storage_obj_create
                0x0000000000001c00        0xc /home/jeferson/optee/optee_os-rpi4/out/arm-plat-rpi4/export-ta_arm64/lib/libutee.a(utee_syscalls_a64.o)
                0x0000000000001c00                _utee_storage_obj_create
 .text._utee_storage_obj_del
                0x0000000000001c0c        0xc /home/jeferson/optee/optee_os-rpi4/out/arm-plat-rpi4/export-ta_arm64/lib/libutee.a(utee_syscalls_a64.o)
                0x0000000000001c0c                _utee_storage_obj_del
 .text._utee_storage_obj_rename
                0x0000000000001c18        0xc /home/jeferson/optee/optee_os-rpi4/out/arm-plat-rpi4/export-ta_arm64/lib/libutee.a(utee_syscalls_a64.o)
                0x0000000000001c18                _utee_storage_obj_rename
 .text._utee_storage_alloc_enum
                0x0000000000001c24        0xc /home/jeferson/optee/optee_os-rpi4/out/arm-plat-rpi4/export-ta_arm64/lib/libutee.a(utee_syscalls_a64.o)
                0x0000000000001c24                _utee_storage_alloc_enum
 .text._utee_storage_free_enum
                0x0000000000001c30        0xc /home/jeferson/optee/optee_os-rpi4/out/arm-plat-rpi4/export-ta_arm64/lib/libutee.a(utee_syscalls_a64.o)
                0x0000000000001c30                _utee_storage_free_enum
 .text._utee_storage_reset_enum
                0x0000000000001c3c        0xc /home/jeferson/optee/optee_os-rpi4/out/arm-plat-rpi4/export-ta_arm64/lib/libutee.a(utee_syscalls_a64.o)
                0x0000000000001c3c                _utee_storage_reset_enum
 .text._utee_storage_start_enum
                0x0000000000001c48        0xc /home/jeferson/optee/optee_os-rpi4/out/arm-plat-rpi4/export-ta_arm64/lib/libutee.a(utee_syscalls_a64.o)
                0x0000000000001c48                _utee_storage_start_enum
 .text._utee_storage_next_enum
                0x0000000000001c54        0xc /home/jeferson/optee/optee_os-rpi4/out/arm-plat-rpi4/export-ta_arm64/lib/libutee.a(utee_syscalls_a64.o)
                0x0000000000001c54                _utee_storage_next_enum
 .text._utee_storage_obj_read
                0x0000000000001c60        0xc /home/jeferson/optee/optee_os-rpi4/out/arm-plat-rpi4/export-ta_arm64/lib/libutee.a(utee_syscalls_a64.o)
                0x0000000000001c60                _utee_storage_obj_read
 .text._utee_storage_obj_write
                0x0000000000001c6c        0xc /home/jeferson/optee/optee_os-rpi4/out/arm-plat-rpi4/export-ta_arm64/lib/libutee.a(utee_syscalls_a64.o)
                0x0000000000001c6c                _utee_storage_obj_write
 .text._utee_storage_obj_trunc
                0x0000000000001c78        0xc /home/jeferson/optee/optee_os-rpi4/out/arm-plat-rpi4/export-ta_arm64/lib/libutee.a(utee_syscalls_a64.o)
                0x0000000000001c78                _utee_storage_obj_trunc
 .text._utee_storage_obj_seek
                0x0000000000001c84        0xc /home/jeferson/optee/optee_os-rpi4/out/arm-plat-rpi4/export-ta_arm64/lib/libutee.a(utee_syscalls_a64.o)
                0x0000000000001c84                _utee_storage_obj_seek
 .text._utee_cryp_obj_generate_key
                0x0000000000001c90        0xc /home/jeferson/optee/optee_os-rpi4/out/arm-plat-rpi4/export-ta_arm64/lib/libutee.a(utee_syscalls_a64.o)
                0x0000000000001c90                _utee_cryp_obj_generate_key
 .text._utee_cache_operation
                0x0000000000001c9c        0xc /home/jeferson/optee/optee_os-rpi4/out/arm-plat-rpi4/export-ta_arm64/lib/libutee.a(utee_syscalls_a64.o)
                0x0000000000001c9c                _utee_cache_operation
 .text          0x0000000000001ca8      0x740 /home/jeferson/optee/optee_os-rpi4/out/arm-plat-rpi4/export-ta_arm64/lib/libutee.a(user_ta_entry.o)
                0x0000000000001f70                __utee_call_elf_init_fn
                0x00000000000020bc                __utee_call_elf_fini_fn
                0x0000000000002160                __utee_entry
 .text          0x00000000000023e8      0x214 /home/jeferson/optee/optee_os-rpi4/out/arm-plat-rpi4/export-ta_arm64/lib/libutee.a(user_ta_entry_compat.o)
                0x00000000000024b0                __ta_open_sess
                0x000000000000254c                __ta_invoke_cmd
 .text.unlikely
                0x00000000000025fc       0x20 /home/jeferson/optee/optee_os-rpi4/out/arm-plat-rpi4/export-ta_arm64/lib/libutee.a(abort.o)
                0x00000000000025fc                abort
 .text          0x000000000000261c     0x10c0 /home/jeferson/optee/optee_os-rpi4/out/arm-plat-rpi4/export-ta_arm64/lib/libutee.a(tee_api.o)
                0x00000000000029c8                TEE_CloseTASession
                0x00000000000029f0                TEE_GetCancellationFlag
                0x0000000000002a50                TEE_UnmaskCancellation
                0x0000000000002ab0                TEE_MaskCancellation
                0x0000000000002b10                TEE_CheckMemoryAccessRights
                0x0000000000002d34                TEE_OpenTASession
                0x0000000000002e88                __GP11_TEE_OpenTASession
                0x0000000000002fd0                TEE_InvokeTACommand
                0x0000000000003154                __GP11_TEE_InvokeTACommand
                0x00000000000032cc                __GP11_TEE_CheckMemoryAccessRights
                0x00000000000032d4                TEE_SetInstanceData
                0x00000000000032e0                TEE_GetInstanceData
                0x00000000000032ec                TEE_MemMove
                0x00000000000032f0                __GP11_TEE_MemMove
                0x00000000000032f8                TEE_MemCompare
                0x00000000000032fc                __GP11_TEE_MemCompare
                0x0000000000003304                TEE_MemFill
                0x0000000000003308                __GP11_TEE_MemFill
                0x0000000000003310                TEE_GetSystemTime
                0x0000000000003338                TEE_Wait
                0x0000000000003374                TEE_GetTAPersistentTime
                0x00000000000033ec                TEE_SetTAPersistentTime
                0x0000000000003430                TEE_GetREETime
                0x0000000000003458                TEE_Malloc
                0x000000000000357c                __GP11_TEE_Malloc
                0x0000000000003584                TEE_Free
                0x00000000000035e4                TEE_Realloc
                0x00000000000036bc                __GP11_TEE_Realloc
                0x00000000000036c4                TEE_CacheClean
                0x00000000000036cc                TEE_CacheFlush
                0x00000000000036d4                TEE_CacheInvalidate
 .text          0x00000000000036dc     0x2150 /home/jeferson/optee/optee_os-rpi4/out/arm-plat-rpi4/export-ta_arm64/lib/libutee.a(tee_api_arith_mpi.o)
                0x0000000000003f40                _TEE_MathAPI_Init
                0x0000000000003f90                TEE_BigIntInit
                0x0000000000003ff0                __GP11_TEE_BigIntInit
                0x0000000000003ff8                TEE_BigIntConvertFromOctetString
                0x00000000000040c0                __GP11_TEE_BigIntConvertFromOctetString
                0x00000000000040c8                TEE_BigIntConvertToOctetString
                0x0000000000004190                __GP11_TEE_BigIntConvertToOctetString
                0x00000000000041f4                TEE_BigIntConvertFromS32
                0x00000000000042a8                TEE_BigIntConvertToS32
                0x0000000000004364                TEE_BigIntCmp
                0x00000000000043fc                TEE_BigIntCmpS32
                0x000000000000464c                TEE_BigIntShiftRight
                0x00000000000047ec                __GP11_TEE_BigIntShiftRight
                0x00000000000047f4                TEE_BigIntGetBit
                0x0000000000004878                TEE_BigIntGetBitCount
                0x00000000000048f0                TEE_BigIntSetBit
                0x00000000000049a0                TEE_BigIntAssign
                0x00000000000049f0                TEE_BigIntAbs
                0x0000000000004a1c                TEE_BigIntAdd
                0x0000000000004a28                TEE_BigIntSub
                0x0000000000004a34                TEE_BigIntNeg
                0x0000000000004b18                TEE_BigIntMul
                0x0000000000004c2c                TEE_BigIntSquare
                0x0000000000004c34                TEE_BigIntDiv
                0x0000000000004de8                TEE_BigIntMod
                0x0000000000004e54                TEE_BigIntAddMod
                0x0000000000004e60                TEE_BigIntSubMod
                0x0000000000004e6c                TEE_BigIntMulMod
                0x0000000000004e78                TEE_BigIntSquareMod
                0x0000000000004e84                TEE_BigIntInvMod
                0x0000000000004fd4                TEE_BigIntRelativePrime
                0x00000000000050dc                TEE_BigIntExpMod
                0x00000000000052b0                TEE_BigIntComputeExtendedGcd
                0x0000000000005518                TEE_BigIntIsProbablePrime
                0x00000000000055a0                TEE_BigIntInitFMM
                0x00000000000055a4                __GP11_TEE_BigIntInitFMM
                0x00000000000055ac                TEE_BigIntInitFMMContext
                0x00000000000055b0                __GP11_TEE_BigIntInitFMMContext
                0x00000000000055b8                TEE_BigIntInitFMMContext1
                0x00000000000055c0                TEE_BigIntFMMSizeInU32
                0x00000000000055d0                __GP11_TEE_BigIntFMMSizeInU32
                0x00000000000055e8                TEE_BigIntFMMContextSizeInU32
                0x00000000000055f0                __GP11_TEE_BigIntFMMContextSizeInU32
                0x0000000000005608                TEE_BigIntConvertToFMM
                0x000000000000560c                TEE_BigIntConvertFromFMM
                0x00000000000056e0                TEE_BigIntComputeFMM
 .text          0x000000000000582c      0x1fc /home/jeferson/optee/optee_os-rpi4/out/arm-plat-rpi4/export-ta_arm64/lib/libutee.a(tee_api_panic.o)
                0x0000000000005848                TEE_Panic
                0x0000000000005860                __utee_check_outbuf_annotation
                0x00000000000058ac                __utee_check_gp11_outbuf_annotation
                0x00000000000058f8                __utee_check_instring_annotation
                0x0000000000005928                __utee_check_outstring_annotation
                0x0000000000005974                __utee_check_gp11_outstring_annotation
                0x00000000000059c0                __utee_check_out_annotation
                0x00000000000059e0                __utee_check_attr_in_annotation
                0x0000000000005a04                __utee_check_gp11_attr_in_annotation
                0x0000000000005a08                __utee_check_inout_annotation
 .text          0x0000000000005a28      0xfc4 /home/jeferson/optee/optee_os-rpi4/out/arm-plat-rpi4/export-ta_arm64/lib/libutee.a(tee_api_property.o)
                0x0000000000005df8                TEE_GetPropertyAsString
                0x0000000000006050                __GP11_TEE_GetPropertyAsString
                0x00000000000060ec                TEE_GetPropertyAsBool
                0x00000000000061c4                TEE_GetPropertyAsU32
                0x00000000000062ac                TEE_GetPropertyAsU64
                0x0000000000006394                __GP11_TEE_GetPropertyAsBinaryBlock
                0x000000000000647c                TEE_GetPropertyAsBinaryBlock
                0x0000000000006518                TEE_GetPropertyAsUUID
                0x0000000000006600                TEE_GetPropertyAsIdentity
                0x00000000000066e8                TEE_ResetPropertyEnumerator
                0x00000000000066f4                TEE_AllocatePropertyEnumerator
                0x000000000000673c                TEE_FreePropertyEnumerator
                0x0000000000006740                TEE_StartPropertyEnumerator
                0x0000000000006750                __GP11_TEE_GetPropertyName
                0x0000000000006880                TEE_GetPropertyName
                0x000000000000690c                TEE_GetNextProperty
 .text          0x00000000000069ec      0x34c /home/jeferson/optee/optee_os-rpi4/out/arm-plat-rpi4/export-ta_arm64/lib/libutee.a(tcb.o)
                0x00000000000069ec                __utee_tcb_init
                0x0000000000006c2c                __tls_get_addr
                0x0000000000006c48                dl_iterate_phdr
 .text          0x0000000000006d38       0x58 /home/jeferson/optee/optee_os-rpi4/out/arm-plat-rpi4/export-ta_arm64/lib/libutee.a(assert.o)
                0x0000000000006d38                _assert_log
                0x0000000000006d7c                _assert_break
 .text          0x0000000000006d90      0x250 /home/jeferson/optee/optee_os-rpi4/out/arm-plat-rpi4/export-ta_arm64/lib/libutee.a(base64.o)
                0x0000000000006d90                _base64_enc_len
                0x0000000000006da8                _base64_enc
                0x0000000000006ebc                _base64_dec
 .text          0x0000000000006fe0     0x4180 /home/jeferson/optee/optee_os-rpi4/out/arm-plat-rpi4/export-ta_arm64/lib/libmbedtls.a(bignum.o)
                0x00000000000077b4                mbedtls_mpi_init
                0x00000000000077c4                mbedtls_mpi_init_mempool
                0x00000000000077ec                mbedtls_mpi_free
                0x0000000000007858                mbedtls_mpi_grow
                0x00000000000079ac                mbedtls_mpi_shrink
                0x0000000000007ac4                mbedtls_mpi_copy
                0x0000000000007b90                mbedtls_mpi_swap
                0x0000000000007c1c                mbedtls_mpi_lset
                0x0000000000007c84                mbedtls_mpi_get_bit
                0x0000000000007cb0                mbedtls_mpi_set_bit
                0x0000000000007d3c                mbedtls_mpi_lsb
                0x0000000000007d90                mbedtls_mpi_bitlen
                0x0000000000007dec                mbedtls_mpi_size
                0x0000000000007e08                mbedtls_mpi_read_binary_le
                0x0000000000007e80                mbedtls_mpi_read_binary
                0x0000000000007f04                mbedtls_mpi_write_binary_le
                0x0000000000007fbc                mbedtls_mpi_write_binary
                0x0000000000008080                mbedtls_mpi_shift_l
                0x0000000000008190                mbedtls_mpi_shift_r
                0x0000000000008250                mbedtls_mpi_cmp_abs
                0x00000000000082ec                mbedtls_mpi_cmp_mpi
                0x00000000000083bc                mbedtls_mpi_cmp_int
                0x0000000000008434                mbedtls_mpi_add_abs
                0x0000000000008554                mbedtls_mpi_sub_abs
                0x00000000000086b0                mbedtls_mpi_add_mpi
                0x0000000000008738                mbedtls_mpi_sub_mpi
                0x00000000000087c4                mbedtls_mpi_add_int
                0x000000000000883c                mbedtls_mpi_sub_int
                0x00000000000088b4                mbedtls_mpi_mul_mpi
                0x0000000000008a60                mbedtls_mpi_mul_int
                0x0000000000008b08                mbedtls_mpi_read_string
                0x0000000000008d14                mbedtls_mpi_div_mpi
                0x0000000000009234                mbedtls_mpi_div_int
                0x00000000000092ac                mbedtls_mpi_mod_mpi
                0x0000000000009360                mbedtls_mpi_mod_int
                0x00000000000093fc                mbedtls_mpi_write_string
                0x0000000000009734                mbedtls_mpi_montg_init
                0x000000000000973c                mbedtls_mpi_montmul
                0x0000000000009740                mbedtls_mpi_montred
                0x0000000000009744                mbedtls_mpi_exp_mod
                0x0000000000009e14                mbedtls_mpi_gcd
                0x0000000000009fec                mbedtls_mpi_fill_random
                0x000000000000a2f8                mbedtls_mpi_random
                0x000000000000a4b0                mbedtls_mpi_inv_mod
                0x000000000000a908                mbedtls_mpi_is_prime_ext
                0x000000000000a9e4                mbedtls_mpi_is_prime
                0x000000000000a9f4                mbedtls_mpi_gen_prime
                0x000000000000ad40                mbedtls_mpi_self_test
 .text          0x000000000000b160      0x7c4 /home/jeferson/optee/optee_os-rpi4/out/arm-plat-rpi4/export-ta_arm64/lib/libmbedtls.a(constant_time.o)
                0x000000000000b180                mbedtls_ct_memcmp
                0x000000000000b1c8                mbedtls_ct_uint_mask
                0x000000000000b1d8                mbedtls_ct_mpi_uint_mask
                0x000000000000b1e8                mbedtls_ct_size_bool_eq
                0x000000000000b200                mbedtls_ct_mpi_uint_lt
                0x000000000000b21c                mbedtls_ct_uint_if
                0x000000000000b24c                mbedtls_ct_mpi_uint_cond_assign
                0x000000000000b288                mbedtls_ct_base64_enc_char
                0x000000000000b33c                mbedtls_ct_base64_dec_value
                0x000000000000b3f8                mbedtls_mpi_safe_cond_assign
                0x000000000000b4b4                mbedtls_mpi_safe_cond_swap
                0x000000000000b5b0                mbedtls_mpi_lt_mpi_ct
                0x000000000000b6a8                mbedtls_ct_rsaes_pkcs1_v15_unpadding
 .text          0x000000000000b924       0x20 /home/jeferson/optee/optee_os-rpi4/out/arm-plat-rpi4/export-ta_arm64/lib/libmbedtls.a(platform_util.o)
                0x000000000000b924                mbedtls_platform_zeroize
 .text          0x000000000000b944      0xee0 /home/jeferson/optee/optee_os-rpi4/out/arm-plat-rpi4/export-ta_arm64/lib/libutils.a(bget_malloc.o)
                0x000000000000b9b4                bget
                0x000000000000bc94                bgetz
                0x000000000000bd1c                brel
                0x000000000000bfe0                bgetr
                0x000000000000c0b0                bpool
                0x000000000000c180                bstats
                0x000000000000c214                malloc_reset_stats
                0x000000000000c22c                raw_memalign
                0x000000000000c2b0                raw_malloc
                0x000000000000c2c0                raw_free
                0x000000000000c2d0                raw_calloc
                0x000000000000c340                raw_realloc
                0x000000000000c434                malloc
                0x000000000000c44c                calloc
                0x000000000000c468                realloc
                0x000000000000c480                memalign
                0x000000000000c49c                aligned_alloc
                0x000000000000c4b4                free
                0x000000000000c4c4                free_wipe
                0x000000000000c4d4                raw_malloc_get_ctx_size
                0x000000000000c4dc                raw_malloc_init_ctx
                0x000000000000c4f8                raw_malloc_add_pool
                0x000000000000c5cc                raw_malloc_buffer_overlaps_heap
                0x000000000000c64c                raw_malloc_buffer_is_within_alloced
                0x000000000000c79c                raw_malloc_get_stats
                0x000000000000c7d8                malloc_get_stats
                0x000000000000c7e8                malloc_add_pool
                0x000000000000c7fc                malloc_buffer_is_within_alloced
                0x000000000000c810                malloc_buffer_overlaps_heap
 .text          0x000000000000c824       0x5c /home/jeferson/optee/optee_os-rpi4/out/arm-plat-rpi4/export-ta_arm64/lib/libutils.a(memmove.o)
                0x000000000000c824                memmove
 .text          0x000000000000c880       0x1c /home/jeferson/optee/optee_os-rpi4/out/arm-plat-rpi4/export-ta_arm64/lib/libutils.a(memset.o)
                0x000000000000c880                memset
 .text          0x000000000000c89c       0x24 /home/jeferson/optee/optee_os-rpi4/out/arm-plat-rpi4/export-ta_arm64/lib/libutils.a(strcmp.o)
                0x000000000000c89c                strcmp
 .text          0x000000000000c8c0       0x38 /home/jeferson/optee/optee_os-rpi4/out/arm-plat-rpi4/export-ta_arm64/lib/libutils.a(strlcpy.o)
                0x000000000000c8c0                strlcpy
 .text          0x000000000000c8f8      0x190 /home/jeferson/optee/optee_os-rpi4/out/arm-plat-rpi4/export-ta_arm64/lib/libutils.a(mempool.o)
                0x000000000000c8f8                mempool_alloc_pool
                0x000000000000c9c0                mempool_alloc
                0x000000000000ca24                mempool_calloc
                0x000000000000ca74                mempool_free
 .text          0x000000000000ca88       0x70 /home/jeferson/optee/optee_os-rpi4/out/arm-plat-rpi4/export-ta_arm64/lib/libutils.a(consttime_memcmp.o)
                0x000000000000ca88                consttime_memcmp
 .text          0x000000000000caf8        0x0 /home/jeferson/optee/optee_os-rpi4/out/arm-plat-rpi4/export-ta_arm64/lib/libutee.a(utee_syscalls_a64.o)
 .text          0x000000000000caf8        0x0 /home/jeferson/optee/optee_os-rpi4/out/arm-plat-rpi4/export-ta_arm64/lib/libutee.a(abort.o)
 *(SORT_BY_ALIGNMENT(.stub))
 *(SORT_BY_ALIGNMENT(.glue_7))
 *(SORT_BY_ALIGNMENT(.glue_7t))
 *(SORT_BY_ALIGNMENT(.gnu.linkonce.t.*))
 *(SORT_BY_ALIGNMENT(.vfp11_veneer))
                0x000000000000caf8                __text_end = .

.note.gnu.property
 *(SORT_BY_ALIGNMENT(.note.gnu.property))

.plt            0x000000000000caf8        0x0
 *(SORT_BY_ALIGNMENT(.plt))
 .plt           0x000000000000caf8        0x0 ./plugin_ta.o

.eh_frame_hdr
 *(SORT_BY_ALIGNMENT(.eh_frame_hdr))
 *(SORT_BY_ALIGNMENT(.eh_frame_entry) SORT_BY_ALIGNMENT(.eh_frame_entry.*))

.eh_frame       0x000000000000caf8     0x2984
 *(SORT_BY_ALIGNMENT(.eh_frame))
 .eh_frame      0x000000000000caf8       0x90 ./plugin_ta.o
 .eh_frame      0x000000000000cb88       0x58 ./user_ta_header.o
                                         0x68 (size before relaxing)
 .eh_frame      0x000000000000cbe0       0x58 /home/jeferson/optee/optee_os-rpi4/out/arm-plat-rpi4/export-ta_arm64/lib/libutils.a(snprintf.o)
                                         0x68 (size before relaxing)
 .eh_frame      0x000000000000cc38       0x18 /home/jeferson/optee/optee_os-rpi4/out/arm-plat-rpi4/export-ta_arm64/lib/libutils.a(stack_check.o)
                                         0x30 (size before relaxing)
 .eh_frame      0x000000000000cc50       0x18 /home/jeferson/optee/optee_os-rpi4/out/arm-plat-rpi4/export-ta_arm64/lib/libutils.a(memcpy.o)
                                         0x28 (size before relaxing)
 .eh_frame      0x000000000000cc68       0xf0 /home/jeferson/optee/optee_os-rpi4/out/arm-plat-rpi4/export-ta_arm64/lib/libutils.a(snprintk.o)
                                        0x100 (size before relaxing)
 .eh_frame      0x000000000000cd58       0xb8 /home/jeferson/optee/optee_os-rpi4/out/arm-plat-rpi4/export-ta_arm64/lib/libutils.a(trace.o)
                                         0xc8 (size before relaxing)
 .eh_frame      0x000000000000ce10       0x18 /home/jeferson/optee/optee_os-rpi4/out/arm-plat-rpi4/export-ta_arm64/lib/libutils.a(memchr.o)
                                         0x28 (size before relaxing)
 .eh_frame      0x000000000000ce28       0x18 /home/jeferson/optee/optee_os-rpi4/out/arm-plat-rpi4/export-ta_arm64/lib/libutils.a(strlen.o)
                                         0x28 (size before relaxing)
 .eh_frame      0x000000000000ce40       0xa8 /home/jeferson/optee/optee_os-rpi4/out/arm-plat-rpi4/export-ta_arm64/lib/libutee.a(trace_ext.o)
                                         0xc0 (size before relaxing)
 .eh_frame      0x000000000000cee8       0xa8 /home/jeferson/optee/optee_os-rpi4/out/arm-plat-rpi4/export-ta_arm64/lib/libutee.a(tee_system_pta.o)
                                         0xc0 (size before relaxing)
 .eh_frame      0x000000000000cf90      0x150 /home/jeferson/optee/optee_os-rpi4/out/arm-plat-rpi4/export-ta_arm64/lib/libutee.a(user_ta_entry.o)
                                        0x160 (size before relaxing)
 .eh_frame      0x000000000000d0e0       0x80 /home/jeferson/optee/optee_os-rpi4/out/arm-plat-rpi4/export-ta_arm64/lib/libutee.a(user_ta_entry_compat.o)
                                         0x98 (size before relaxing)
 .eh_frame      0x000000000000d160       0x18 /home/jeferson/optee/optee_os-rpi4/out/arm-plat-rpi4/export-ta_arm64/lib/libutee.a(abort.o)
                                         0x30 (size before relaxing)
 .eh_frame      0x000000000000d178      0x588 /home/jeferson/optee/optee_os-rpi4/out/arm-plat-rpi4/export-ta_arm64/lib/libutee.a(tee_api.o)
                                        0x5a0 (size before relaxing)
 .eh_frame      0x000000000000d700      0x7d0 /home/jeferson/optee/optee_os-rpi4/out/arm-plat-rpi4/export-ta_arm64/lib/libutee.a(tee_api_arith_mpi.o)
                                        0x7e0 (size before relaxing)
 .eh_frame      0x000000000000ded0      0x178 /home/jeferson/optee/optee_os-rpi4/out/arm-plat-rpi4/export-ta_arm64/lib/libutee.a(tee_api_panic.o)
                                        0x188 (size before relaxing)
 .eh_frame      0x000000000000e048      0x310 /home/jeferson/optee/optee_os-rpi4/out/arm-plat-rpi4/export-ta_arm64/lib/libutee.a(tee_api_property.o)
                                        0x320 (size before relaxing)
 .eh_frame      0x000000000000e358       0x90 /home/jeferson/optee/optee_os-rpi4/out/arm-plat-rpi4/export-ta_arm64/lib/libutee.a(tcb.o)
                                         0xa0 (size before relaxing)
 .eh_frame      0x000000000000e3e8       0x38 /home/jeferson/optee/optee_os-rpi4/out/arm-plat-rpi4/export-ta_arm64/lib/libutee.a(assert.o)
                                         0x50 (size before relaxing)
 .eh_frame      0x000000000000e420       0x58 /home/jeferson/optee/optee_os-rpi4/out/arm-plat-rpi4/export-ta_arm64/lib/libutee.a(base64.o)
                                         0x70 (size before relaxing)
 .eh_frame      0x000000000000e478      0x988 /home/jeferson/optee/optee_os-rpi4/out/arm-plat-rpi4/export-ta_arm64/lib/libmbedtls.a(bignum.o)
                                        0x9a0 (size before relaxing)
 .eh_frame      0x000000000000ee00      0x1e8 /home/jeferson/optee/optee_os-rpi4/out/arm-plat-rpi4/export-ta_arm64/lib/libmbedtls.a(constant_time.o)
                                        0x1f8 (size before relaxing)
 .eh_frame      0x000000000000efe8       0x18 /home/jeferson/optee/optee_os-rpi4/out/arm-plat-rpi4/export-ta_arm64/lib/libmbedtls.a(platform_util.o)
                                         0x28 (size before relaxing)
 .eh_frame      0x000000000000f000      0x378 /home/jeferson/optee/optee_os-rpi4/out/arm-plat-rpi4/export-ta_arm64/lib/libutils.a(bget_malloc.o)
                                        0x388 (size before relaxing)
 .eh_frame      0x000000000000f378       0x18 /home/jeferson/optee/optee_os-rpi4/out/arm-plat-rpi4/export-ta_arm64/lib/libutils.a(memmove.o)
                                         0x28 (size before relaxing)
 .eh_frame      0x000000000000f390       0x18 /home/jeferson/optee/optee_os-rpi4/out/arm-plat-rpi4/export-ta_arm64/lib/libutils.a(memset.o)
                                         0x28 (size before relaxing)
 .eh_frame      0x000000000000f3a8       0x18 /home/jeferson/optee/optee_os-rpi4/out/arm-plat-rpi4/export-ta_arm64/lib/libutils.a(strcmp.o)
                                         0x28 (size before relaxing)
 .eh_frame      0x000000000000f3c0       0x18 /home/jeferson/optee/optee_os-rpi4/out/arm-plat-rpi4/export-ta_arm64/lib/libutils.a(strlcpy.o)
                                         0x28 (size before relaxing)
 .eh_frame      0x000000000000f3d8       0x88 /home/jeferson/optee/optee_os-rpi4/out/arm-plat-rpi4/export-ta_arm64/lib/libutils.a(mempool.o)
                                         0xa0 (size before relaxing)
 .eh_frame      0x000000000000f460       0x1c /home/jeferson/optee/optee_os-rpi4/out/arm-plat-rpi4/export-ta_arm64/lib/libutils.a(consttime_memcmp.o)
                                         0x30 (size before relaxing)
 *(SORT_BY_ALIGNMENT(.eh_frame.*))

.gcc_except_table
 *(SORT_BY_ALIGNMENT(.gcc_except_table) SORT_BY_ALIGNMENT(.gcc_except_table.*))

.rodata         0x000000000000f480     0x12c0
 *(SORT_BY_ALIGNMENT(.gnu.linkonce.r.*))
 *(SORT_BY_ALIGNMENT(.rodata) SORT_BY_ALIGNMENT(.rodata.*))
 .rodata.user_ta_header.c
                0x000000000000f480       0x33 ./user_ta_header.o
                0x000000000000f480                ta_num_props
                0x000000000000f4a0                __ta_no_share_heap_size
                0x000000000000f4a8                ta_heap_size
                0x000000000000f4b0                trace_ext_prefix
 *fill*         0x000000000000f4b3        0x5 
 .rodata.lib/libutee/tee_api.c
                0x000000000000f4b8       0x20 /home/jeferson/optee/optee_os-rpi4/out/arm-plat-rpi4/export-ta_arm64/lib/libutee.a(tee_api.o)
 .rodata.plugin_ta.c
                0x000000000000f4d8       0x23 ./plugin_ta.o
 *fill*         0x000000000000f4fb        0x1 
 .rodata.lib/libutils/ext/snprintk.c
                0x000000000000f4fc       0xac /home/jeferson/optee/optee_os-rpi4/out/arm-plat-rpi4/export-ta_arm64/lib/libutils.a(snprintk.o)
 .rodata.lib/libutee/tee_system_pta.c
                0x000000000000f5a8       0x31 /home/jeferson/optee/optee_os-rpi4/out/arm-plat-rpi4/export-ta_arm64/lib/libutee.a(tee_system_pta.o)
 *fill*         0x000000000000f5d9        0x3 
 .rodata.lib/libutee/tee_api_property.c
                0x000000000000f5dc       0x20 /home/jeferson/optee/optee_os-rpi4/out/arm-plat-rpi4/export-ta_arm64/lib/libutee.a(tee_api_property.o)
 .rodata.lib/libutee/base64.c
                0x000000000000f5fc       0x45 /home/jeferson/optee/optee_os-rpi4/out/arm-plat-rpi4/export-ta_arm64/lib/libutee.a(base64.o)
 *fill*         0x000000000000f641        0x3 
 .rodata.lib/libmbedtls/mbedtls/library/bignum.c
                0x000000000000f644      0x2c4 /home/jeferson/optee/optee_os-rpi4/out/arm-plat-rpi4/export-ta_arm64/lib/libmbedtls.a(bignum.o)
 .rodata.str1.1.plugin_ta.c
                0x000000000000f908       0x5f ./plugin_ta.o
 .rodata.str1.1.user_ta_header.c
                0x000000000000f967      0x105 ./user_ta_header.o
 .rodata.str1.1.lib/libutils/isoc/stack_check.c
                0x000000000000fa6c       0x18 /home/jeferson/optee/optee_os-rpi4/out/arm-plat-rpi4/export-ta_arm64/lib/libutils.a(stack_check.o)
 .rodata.str1.1.lib/libutils/ext/snprintk.c
                0x000000000000fa84       0x38 /home/jeferson/optee/optee_os-rpi4/out/arm-plat-rpi4/export-ta_arm64/lib/libutils.a(snprintk.o)
 .rodata.str1.1.lib/libutils/ext/trace.c
                0x000000000000fabc       0x1a /home/jeferson/optee/optee_os-rpi4/out/arm-plat-rpi4/export-ta_arm64/lib/libutils.a(trace.o)
                                         0x1b (size before relaxing)
 .rodata.lib/libutils/ext/trace.c
                0x000000000000fad6        0x5 /home/jeferson/optee/optee_os-rpi4/out/arm-plat-rpi4/export-ta_arm64/lib/libutils.a(trace.o)
 .rodata.str1.1.lib/libutee/trace_ext.c
                0x000000000000fadb       0x1a /home/jeferson/optee/optee_os-rpi4/out/arm-plat-rpi4/export-ta_arm64/lib/libutee.a(trace_ext.o)
                                          0x2 (size before relaxing)
 .rodata.str1.1.lib/libutee/tee_system_pta.c
                0x000000000000fadb       0x55 /home/jeferson/optee/optee_os-rpi4/out/arm-plat-rpi4/export-ta_arm64/lib/libutee.a(tee_system_pta.o)
 .rodata.str1.1.lib/libutee/arch/arm/user_ta_entry.c
                0x000000000000fb30       0x4f /home/jeferson/optee/optee_os-rpi4/out/arm-plat-rpi4/export-ta_arm64/lib/libutee.a(user_ta_entry.o)
 .rodata.lib/libutee/arch/arm/user_ta_entry.c
                0x000000000000fb7f       0x16 /home/jeferson/optee/optee_os-rpi4/out/arm-plat-rpi4/export-ta_arm64/lib/libutee.a(user_ta_entry.o)
 .rodata.str1.1.lib/libutee/abort.c
                0x000000000000fb95        0x7 /home/jeferson/optee/optee_os-rpi4/out/arm-plat-rpi4/export-ta_arm64/lib/libutee.a(abort.o)
 .rodata.str1.1.lib/libutee/tee_api.c
                0x000000000000fb9c       0x11 /home/jeferson/optee/optee_os-rpi4/out/arm-plat-rpi4/export-ta_arm64/lib/libutee.a(tee_api.o)
 .rodata.str1.1.lib/libutee/tee_api_arith_mpi.c
                0x000000000000fbad       0xc9 /home/jeferson/optee/optee_os-rpi4/out/arm-plat-rpi4/export-ta_arm64/lib/libutee.a(tee_api_arith_mpi.o)
 .rodata.lib/libutee/tee_api_arith_mpi.c
                0x000000000000fc76      0x14e /home/jeferson/optee/optee_os-rpi4/out/arm-plat-rpi4/export-ta_arm64/lib/libutee.a(tee_api_arith_mpi.o)
 .rodata.str1.1.lib/libutee/tee_api_property.c
                0x000000000000fdc4       0x83 /home/jeferson/optee/optee_os-rpi4/out/arm-plat-rpi4/export-ta_arm64/lib/libutee.a(tee_api_property.o)
                                         0x88 (size before relaxing)
 .rodata.str1.1.lib/libutee/arch/arm/tcb.c
                0x000000000000fe47       0x96 /home/jeferson/optee/optee_os-rpi4/out/arm-plat-rpi4/export-ta_arm64/lib/libutee.a(tcb.o)
 .rodata.lib/libutee/arch/arm/tcb.c
                0x000000000000fedd       0x20 /home/jeferson/optee/optee_os-rpi4/out/arm-plat-rpi4/export-ta_arm64/lib/libutee.a(tcb.o)
 .rodata.str1.1.lib/libutee/assert.c
                0x000000000000fefd       0x27 /home/jeferson/optee/optee_os-rpi4/out/arm-plat-rpi4/export-ta_arm64/lib/libutee.a(assert.o)
 .rodata.str1.1.lib/libmbedtls/mbedtls/library/bignum.c
                0x000000000000ff24      0x456 /home/jeferson/optee/optee_os-rpi4/out/arm-plat-rpi4/export-ta_arm64/lib/libmbedtls.a(bignum.o)
                                        0x45d (size before relaxing)
 .rodata.str1.1.lib/libutils/isoc/bget_malloc.c
                0x000000000001037a      0x2b9 /home/jeferson/optee/optee_os-rpi4/out/arm-plat-rpi4/export-ta_arm64/lib/libutils.a(bget_malloc.o)
                                        0x2c2 (size before relaxing)
 .rodata.lib/libutils/isoc/bget_malloc.c
                0x0000000000010633       0x58 /home/jeferson/optee/optee_os-rpi4/out/arm-plat-rpi4/export-ta_arm64/lib/libutils.a(bget_malloc.o)
 .rodata.str1.1.lib/libutils/ext/mempool.c
                0x000000000001068b       0x89 /home/jeferson/optee/optee_os-rpi4/out/arm-plat-rpi4/export-ta_arm64/lib/libutils.a(mempool.o)
 .rodata.lib/libutils/ext/mempool.c
                0x0000000000010714       0x2c /home/jeferson/optee/optee_os-rpi4/out/arm-plat-rpi4/export-ta_arm64/lib/libutils.a(mempool.o)

.gnu.version_d  0x0000000000010740        0x0
 .gnu.version_d
                0x0000000000010740        0x0 ./plugin_ta.o

.gnu.version    0x0000000000010740        0x0
 .gnu.version   0x0000000000010740        0x0 ./plugin_ta.o

.gnu.version_r  0x0000000000010740        0x0
 .gnu.version_r
                0x0000000000010740        0x0 ./plugin_ta.o

.gnu.hash       0x0000000000010740       0x30
 .gnu.hash      0x0000000000010740       0x30 ./plugin_ta.o

.ARM.extab
 *(SORT_BY_ALIGNMENT(.ARM.extab*) SORT_BY_ALIGNMENT(.gnu.linkonce.armextab.*))
                [!provide]                        PROVIDE (__exidx_start = .)

.ARM.exidx
 *(SORT_BY_ALIGNMENT(.ARM.exidx*) SORT_BY_ALIGNMENT(.gnu.linkonce.armexidx.*))
                [!provide]                        PROVIDE (__exidx_end = .)

.ctors
 *(SORT_BY_ALIGNMENT(.ctors))

.dtors
 *(SORT_BY_ALIGNMENT(.dtors))

.dynsym         0x0000000000010770       0x90
 *(SORT_BY_ALIGNMENT(.dynsym))
 .dynsym        0x0000000000010770       0x90 ./plugin_ta.o

.dynstr         0x0000000000010800       0x2e
 *(SORT_BY_ALIGNMENT(.dynstr))
 .dynstr        0x0000000000010800       0x2e ./plugin_ta.o

.hash           0x0000000000010830       0x2c
 *(SORT_BY_ALIGNMENT(.hash))
 .hash          0x0000000000010830       0x2c ./plugin_ta.o

.rela.dyn       0x0000000000010860      0x2e8
 .rela.data.rel.ro
                0x0000000000010860        0x0 ./plugin_ta.o
 .rela.ifunc    0x0000000000010860        0x0 ./plugin_ta.o
 .rela.data.rel.ro.local
                0x0000000000010860      0x270 ./plugin_ta.o
 .rela.data.rel.local
                0x0000000000010ad0       0x60 ./plugin_ta.o
 .rela.data.rel
                0x0000000000010b30       0x18 ./plugin_ta.o
                0x0000000000011000                . = ALIGN (0x1000)

.dynamic        0x0000000000011000      0x110
 *(SORT_BY_ALIGNMENT(.dynamic))
 .dynamic       0x0000000000011000      0x110 ./plugin_ta.o
                0x0000000000011000                _DYNAMIC

.tdata
 *(SORT_BY_ALIGNMENT(.tdata) SORT_BY_ALIGNMENT(.tdata.*) SORT_BY_ALIGNMENT(.gnu.linkonce.td.*))

.tbss
 *(SORT_BY_ALIGNMENT(.tbss) SORT_BY_ALIGNMENT(.tbss.*) SORT_BY_ALIGNMENT(.gnu.linkonce.tb.*))
 *(SORT_BY_ALIGNMENT(.tcommon))

.got            0x0000000000011110       0xd0
 *(SORT_BY_ALIGNMENT(.got.plt))
 .got.plt       0x0000000000011110       0x18 ./plugin_ta.o
 *(SORT_BY_ALIGNMENT(.got))
 .got           0x0000000000011128       0xb8 ./plugin_ta.o
                0x0000000000011128                _GLOBAL_OFFSET_TABLE_

.rel.text
 *(SORT_BY_ALIGNMENT(.rel.text))
 *(SORT_BY_ALIGNMENT(.rel.gnu.linkonce.t*))

.rela.text
 *(SORT_BY_ALIGNMENT(.rela.text))
 *(SORT_BY_ALIGNMENT(.rela.gnu.linkonce.t*))

.rel.data
 *(SORT_BY_ALIGNMENT(.rel.data))
 *(SORT_BY_ALIGNMENT(.rel.gnu.linkonce.d*))

.rela.data
 *(SORT_BY_ALIGNMENT(.rela.data))
 *(SORT_BY_ALIGNMENT(.rela.gnu.linkonce.d*))

.rel.tdata
 *(SORT_BY_ALIGNMENT(.rel.tdata) SORT_BY_ALIGNMENT(.rel.tdata.*) SORT_BY_ALIGNMENT(.rel.gnu.linkonce.td.*))

.rela.tdata
 *(SORT_BY_ALIGNMENT(.rela.tdata) SORT_BY_ALIGNMENT(.rela.tdata.*) SORT_BY_ALIGNMENT(.rela.gnu.linkonce.td.*))

.rel.tbss
 *(SORT_BY_ALIGNMENT(.rel.tbss) SORT_BY_ALIGNMENT(.rel.tbss.*) SORT_BY_ALIGNMENT(.rel.gnu.linkonce.tb.*))

.rela.tbss
 *(SORT_BY_ALIGNMENT(.rela.tbss) SORT_BY_ALIGNMENT(.rela.tbss.*) SORT_BY_ALIGNMENT(.rela.gnu.linkonce.tb.*))

.rel.rodata
 *(SORT_BY_ALIGNMENT(.rel.rodata))
 *(SORT_BY_ALIGNMENT(.rel.gnu.linkonce.r*))

.rela.rodata
 *(SORT_BY_ALIGNMENT(.rela.rodata))
 *(SORT_BY_ALIGNMENT(.rela.gnu.linkonce.r*))

.rel.dyn
 *(SORT_BY_ALIGNMENT(.rel.dyn))

.rel.got
 *(SORT_BY_ALIGNMENT(.rel.got))

.rela.got       0x00000000000111e0      0x210
 *(SORT_BY_ALIGNMENT(.rela.got))
 .rela.got      0x00000000000111e0      0x210 ./plugin_ta.o

.rel.ctors
 *(SORT_BY_ALIGNMENT(.rel.ctors))

.rela.ctors
 *(SORT_BY_ALIGNMENT(.rela.ctors))

.rel.dtors
 *(SORT_BY_ALIGNMENT(.rel.dtors))

.rela.dtors
 *(SORT_BY_ALIGNMENT(.rela.dtors))

.rel.init
 *(SORT_BY_ALIGNMENT(.rel.init))

.rela.init
 *(SORT_BY_ALIGNMENT(.rela.init))

.rel.fini
 *(SORT_BY_ALIGNMENT(.rel.fini))

.rela.fini
 *(SORT_BY_ALIGNMENT(.rela.fini))

.rel.bss
 *(SORT_BY_ALIGNMENT(.rel.bss))

.rela.bss       0x00000000000113f0        0x0
 *(SORT_BY_ALIGNMENT(.rela.bss))
 .rela.bss      0x00000000000113f0        0x0 ./plugin_ta.o

.rel.plt
 *(SORT_BY_ALIGNMENT(.rel.plt))

.rela.plt       0x00000000000113f0        0x0
 *(SORT_BY_ALIGNMENT(.rela.plt))
 .rela.plt      0x00000000000113f0        0x0 ./plugin_ta.o

.data           0x00000000000113f0      0x1ec
 *(SORT_BY_ALIGNMENT(.data) SORT_BY_ALIGNMENT(.data.*) SORT_BY_ALIGNMENT(.gnu.linkonce.d.*))
 .data.rel.ro.local
                0x00000000000113f0       0xd8 ./user_ta_header.o
                0x00000000000113f0                ta_props
 .data          0x00000000000114c8        0x8 /home/jeferson/optee/optee_os-rpi4/out/arm-plat-rpi4/export-ta_arm64/lib/libutils.a(stack_check.o)
                0x00000000000114c8                __stack_chk_guard
 .data.rel.local
                0x00000000000114d0       0x20 /home/jeferson/optee/optee_os-rpi4/out/arm-plat-rpi4/export-ta_arm64/lib/libutee.a(user_ta_entry.o)
 .data.rel.ro.local
                0x00000000000114f0       0x60 /home/jeferson/optee/optee_os-rpi4/out/arm-plat-rpi4/export-ta_arm64/lib/libutee.a(tee_api_property.o)
                0x00000000000114f0                tee_props
 .data.rel      0x0000000000011550        0x8 /home/jeferson/optee/optee_os-rpi4/out/arm-plat-rpi4/export-ta_arm64/lib/libmbedtls.a(platform_util.o)
 .data.rel.local
                0x0000000000011558       0x80 /home/jeferson/optee/optee_os-rpi4/out/arm-plat-rpi4/export-ta_arm64/lib/libutils.a(bget_malloc.o)
 .data          0x00000000000115d8        0x4 ./user_ta_header.o
                0x00000000000115d8                trace_level
 .data          0x00000000000115dc        0x0 ./plugin_ta.o
 .data.rel.ro   0x00000000000115dc        0x0 ./plugin_ta.o
 .data          0x00000000000115dc        0x0 /home/jeferson/optee/optee_os-rpi4/out/arm-plat-rpi4/export-ta_arm64/lib/libutils.a(snprintf.o)
 .data          0x00000000000115dc        0x0 /home/jeferson/optee/optee_os-rpi4/out/arm-plat-rpi4/export-ta_arm64/lib/libutils.a(memcpy.o)
 .data          0x00000000000115dc        0x0 /home/jeferson/optee/optee_os-rpi4/out/arm-plat-rpi4/export-ta_arm64/lib/libutils.a(snprintk.o)
 .data          0x00000000000115dc        0x0 /home/jeferson/optee/optee_os-rpi4/out/arm-plat-rpi4/export-ta_arm64/lib/libutils.a(trace.o)
 .data          0x00000000000115dc        0x0 /home/jeferson/optee/optee_os-rpi4/out/arm-plat-rpi4/export-ta_arm64/lib/libutils.a(memchr.o)
 .data          0x00000000000115dc        0x0 /home/jeferson/optee/optee_os-rpi4/out/arm-plat-rpi4/export-ta_arm64/lib/libutils.a(strlen.o)
 .data          0x00000000000115dc        0x0 /home/jeferson/optee/optee_os-rpi4/out/arm-plat-rpi4/export-ta_arm64/lib/libutee.a(trace_ext.o)
 .data          0x00000000000115dc        0x0 /home/jeferson/optee/optee_os-rpi4/out/arm-plat-rpi4/export-ta_arm64/lib/libutee.a(tee_system_pta.o)
 .data          0x00000000000115dc        0x0 /home/jeferson/optee/optee_os-rpi4/out/arm-plat-rpi4/export-ta_arm64/lib/libutee.a(utee_syscalls_a64.o)
 .data          0x00000000000115dc        0x0 /home/jeferson/optee/optee_os-rpi4/out/arm-plat-rpi4/export-ta_arm64/lib/libutee.a(user_ta_entry.o)
 .data          0x00000000000115dc        0x0 /home/jeferson/optee/optee_os-rpi4/out/arm-plat-rpi4/export-ta_arm64/lib/libutee.a(user_ta_entry_compat.o)
 .data          0x00000000000115dc        0x0 /home/jeferson/optee/optee_os-rpi4/out/arm-plat-rpi4/export-ta_arm64/lib/libutee.a(abort.o)
 .data          0x00000000000115dc        0x0 /home/jeferson/optee/optee_os-rpi4/out/arm-plat-rpi4/export-ta_arm64/lib/libutee.a(tee_api.o)
 .data          0x00000000000115dc        0x0 /home/jeferson/optee/optee_os-rpi4/out/arm-plat-rpi4/export-ta_arm64/lib/libutee.a(tee_api_arith_mpi.o)
 .data          0x00000000000115dc        0x0 /home/jeferson/optee/optee_os-rpi4/out/arm-plat-rpi4/export-ta_arm64/lib/libutee.a(tee_api_panic.o)
 .data          0x00000000000115dc        0x0 /home/jeferson/optee/optee_os-rpi4/out/arm-plat-rpi4/export-ta_arm64/lib/libutee.a(tee_api_property.o)
 .data          0x00000000000115dc        0x0 /home/jeferson/optee/optee_os-rpi4/out/arm-plat-rpi4/export-ta_arm64/lib/libutee.a(tcb.o)
 .data          0x00000000000115dc        0x0 /home/jeferson/optee/optee_os-rpi4/out/arm-plat-rpi4/export-ta_arm64/lib/libutee.a(assert.o)
 .data          0x00000000000115dc        0x0 /home/jeferson/optee/optee_os-rpi4/out/arm-plat-rpi4/export-ta_arm64/lib/libutee.a(base64.o)
 .data          0x00000000000115dc        0x0 /home/jeferson/optee/optee_os-rpi4/out/arm-plat-rpi4/export-ta_arm64/lib/libmbedtls.a(bignum.o)
 .data          0x00000000000115dc        0x0 /home/jeferson/optee/optee_os-rpi4/out/arm-plat-rpi4/export-ta_arm64/lib/libmbedtls.a(constant_time.o)
 .data          0x00000000000115dc        0x0 /home/jeferson/optee/optee_os-rpi4/out/arm-plat-rpi4/export-ta_arm64/lib/libmbedtls.a(platform_util.o)
 .data          0x00000000000115dc        0x0 /home/jeferson/optee/optee_os-rpi4/out/arm-plat-rpi4/export-ta_arm64/lib/libutils.a(bget_malloc.o)
 .data          0x00000000000115dc        0x0 /home/jeferson/optee/optee_os-rpi4/out/arm-plat-rpi4/export-ta_arm64/lib/libutils.a(memmove.o)
 .data          0x00000000000115dc        0x0 /home/jeferson/optee/optee_os-rpi4/out/arm-plat-rpi4/export-ta_arm64/lib/libutils.a(memset.o)
 .data          0x00000000000115dc        0x0 /home/jeferson/optee/optee_os-rpi4/out/arm-plat-rpi4/export-ta_arm64/lib/libutils.a(strcmp.o)
 .data          0x00000000000115dc        0x0 /home/jeferson/optee/optee_os-rpi4/out/arm-plat-rpi4/export-ta_arm64/lib/libutils.a(strlcpy.o)
 .data          0x00000000000115dc        0x0 /home/jeferson/optee/optee_os-rpi4/out/arm-plat-rpi4/export-ta_arm64/lib/libutils.a(mempool.o)
 .data          0x00000000000115dc        0x0 /home/jeferson/optee/optee_os-rpi4/out/arm-plat-rpi4/export-ta_arm64/lib/libutils.a(consttime_memcmp.o)

.bss            0x00000000000115e0     0xb8a8
 *(SORT_BY_ALIGNMENT(.bss) SORT_BY_ALIGNMENT(.bss.*) SORT_BY_ALIGNMENT(.gnu.linkonce.b.*) SORT_BY_ALIGNMENT(COMMON))
 .bss           0x00000000000115e0        0x8 /home/jeferson/optee/optee_os-rpi4/out/arm-plat-rpi4/export-ta_arm64/lib/libutee.a(tee_system_pta.o)
 .bss           0x00000000000115e8       0x6c /home/jeferson/optee/optee_os-rpi4/out/arm-plat-rpi4/export-ta_arm64/lib/libutee.a(user_ta_entry.o)
                0x00000000000115f8                __elf_phdr_info
                0x0000000000011608                __ta_no_share_malloc_ctx
                0x0000000000011610                ta_params
                0x0000000000011650                ta_param_types
 *fill*         0x0000000000011654        0x4 
 .bss           0x0000000000011658       0x10 /home/jeferson/optee/optee_os-rpi4/out/arm-plat-rpi4/export-ta_arm64/lib/libutee.a(tee_api.o)
 .bss           0x0000000000011668     0x3800 /home/jeferson/optee/optee_os-rpi4/out/arm-plat-rpi4/export-ta_arm64/lib/libutee.a(tee_api_arith_mpi.o)
 .bss           0x0000000000014e68       0x10 /home/jeferson/optee/optee_os-rpi4/out/arm-plat-rpi4/export-ta_arm64/lib/libutee.a(tcb.o)
 .bss           0x0000000000014e78        0x8 /home/jeferson/optee/optee_os-rpi4/out/arm-plat-rpi4/export-ta_arm64/lib/libmbedtls.a(bignum.o)
                0x0000000000014e78                mbedtls_mpi_mempool
 .bss           0x0000000000014e80        0x4 ./plugin_ta.o
 .bss           0x0000000000014e84     0x8000 ./user_ta_header.o
                0x0000000000014e84                ta_heap
                0x0000000000014e84                __ta_no_share_heap
 .bss           0x000000000001ce84        0x0 /home/jeferson/optee/optee_os-rpi4/out/arm-plat-rpi4/export-ta_arm64/lib/libutils.a(snprintf.o)
 .bss           0x000000000001ce84        0x0 /home/jeferson/optee/optee_os-rpi4/out/arm-plat-rpi4/export-ta_arm64/lib/libutils.a(stack_check.o)
 .bss           0x000000000001ce84        0x0 /home/jeferson/optee/optee_os-rpi4/out/arm-plat-rpi4/export-ta_arm64/lib/libutils.a(memcpy.o)
 .bss           0x000000000001ce84        0x0 /home/jeferson/optee/optee_os-rpi4/out/arm-plat-rpi4/export-ta_arm64/lib/libutils.a(snprintk.o)
 .bss           0x000000000001ce84        0x0 /home/jeferson/optee/optee_os-rpi4/out/arm-plat-rpi4/export-ta_arm64/lib/libutils.a(trace.o)
 .bss           0x000000000001ce84        0x0 /home/jeferson/optee/optee_os-rpi4/out/arm-plat-rpi4/export-ta_arm64/lib/libutils.a(memchr.o)
 .bss           0x000000000001ce84        0x0 /home/jeferson/optee/optee_os-rpi4/out/arm-plat-rpi4/export-ta_arm64/lib/libutils.a(strlen.o)
 .bss           0x000000000001ce84        0x0 /home/jeferson/optee/optee_os-rpi4/out/arm-plat-rpi4/export-ta_arm64/lib/libutee.a(trace_ext.o)
 .bss           0x000000000001ce84        0x0 /home/jeferson/optee/optee_os-rpi4/out/arm-plat-rpi4/export-ta_arm64/lib/libutee.a(utee_syscalls_a64.o)
 .bss           0x000000000001ce84        0x0 /home/jeferson/optee/optee_os-rpi4/out/arm-plat-rpi4/export-ta_arm64/lib/libutee.a(user_ta_entry_compat.o)
 .bss           0x000000000001ce84        0x0 /home/jeferson/optee/optee_os-rpi4/out/arm-plat-rpi4/export-ta_arm64/lib/libutee.a(abort.o)
 .bss           0x000000000001ce84        0x0 /home/jeferson/optee/optee_os-rpi4/out/arm-plat-rpi4/export-ta_arm64/lib/libutee.a(tee_api_panic.o)
 .bss           0x000000000001ce84        0x0 /home/jeferson/optee/optee_os-rpi4/out/arm-plat-rpi4/export-ta_arm64/lib/libutee.a(tee_api_property.o)
 .bss           0x000000000001ce84        0x0 /home/jeferson/optee/optee_os-rpi4/out/arm-plat-rpi4/export-ta_arm64/lib/libutee.a(assert.o)
 .bss           0x000000000001ce84        0x0 /home/jeferson/optee/optee_os-rpi4/out/arm-plat-rpi4/export-ta_arm64/lib/libutee.a(base64.o)
 .bss           0x000000000001ce84        0x0 /home/jeferson/optee/optee_os-rpi4/out/arm-plat-rpi4/export-ta_arm64/lib/libmbedtls.a(constant_time.o)
 .bss           0x000000000001ce84        0x0 /home/jeferson/optee/optee_os-rpi4/out/arm-plat-rpi4/export-ta_arm64/lib/libmbedtls.a(platform_util.o)
 .bss           0x000000000001ce84        0x0 /home/jeferson/optee/optee_os-rpi4/out/arm-plat-rpi4/export-ta_arm64/lib/libutils.a(bget_malloc.o)
 .bss           0x000000000001ce84        0x0 /home/jeferson/optee/optee_os-rpi4/out/arm-plat-rpi4/export-ta_arm64/lib/libutils.a(memmove.o)
 .bss           0x000000000001ce84        0x0 /home/jeferson/optee/optee_os-rpi4/out/arm-plat-rpi4/export-ta_arm64/lib/libutils.a(memset.o)
 .bss           0x000000000001ce84        0x0 /home/jeferson/optee/optee_os-rpi4/out/arm-plat-rpi4/export-ta_arm64/lib/libutils.a(strcmp.o)
 .bss           0x000000000001ce84        0x0 /home/jeferson/optee/optee_os-rpi4/out/arm-plat-rpi4/export-ta_arm64/lib/libutils.a(strlcpy.o)
 .bss           0x000000000001ce84        0x0 /home/jeferson/optee/optee_os-rpi4/out/arm-plat-rpi4/export-ta_arm64/lib/libutils.a(mempool.o)
 .bss           0x000000000001ce84        0x0 /home/jeferson/optee/optee_os-rpi4/out/arm-plat-rpi4/export-ta_arm64/lib/libutils.a(consttime_memcmp.o)
                0x000000000001ce88                . = ALIGN (0x8)
 *fill*         0x000000000001ce84        0x4 
                0x000000000001ce88                __ftrace_buf_start = .
                0x000000000001ce88                . = (. + DEFINED (_mcount)?0x800:0x0)
                0x000000000001ce88                __ftrace_buf_end = .

.dynbss         0x000000000001ce88        0x0
 .dynbss        0x000000000001ce88        0x0 ./plugin_ta.o

/DISCARD/
 *(SORT_BY_ALIGNMENT(.interp))
LOAD ./plugin_ta.o
LOAD ./user_ta_header.o
START GROUP
LOAD /home/jeferson/optee/optee_os-rpi4/out/arm-plat-rpi4/export-ta_arm64/lib/libutils.a
LOAD /home/jeferson/optee/optee_os-rpi4/out/arm-plat-rpi4/export-ta_arm64/lib/libutee.a
LOAD /home/jeferson/optee/optee_os-rpi4/out/arm-plat-rpi4/export-ta_arm64/lib/libmbedtls.a
LOAD /home/jeferson/optee/optee_os-rpi4/out/arm-plat-rpi4/export-ta_arm64/lib/libdl.a
END GROUP
LOAD /home/jeferson/optee/buildroot/output/host/lib/gcc/aarch64-buildroot-linux-gnu/11.3.0/libgcc.a
LOAD /home/jeferson/optee/optee_os-rpi4/out/arm-plat-rpi4/export-ta_arm64/lib/libutils.a
OUTPUT(2a287631-de1b-4fdd-a55c-b9312e40769a.elf elf64-littleaarch64)
LOAD linker stubs

.debug_info     0x0000000000000000    0x199a5
 .debug_info    0x0000000000000000      0x54e ./plugin_ta.o
 .debug_info    0x000000000000054e      0x78f ./user_ta_header.o
 .debug_info    0x0000000000000cdd      0x2a0 /home/jeferson/optee/optee_os-rpi4/out/arm-plat-rpi4/export-ta_arm64/lib/libutils.a(snprintf.o)
 .debug_info    0x0000000000000f7d      0x146 /home/jeferson/optee/optee_os-rpi4/out/arm-plat-rpi4/export-ta_arm64/lib/libutils.a(stack_check.o)
 .debug_info    0x00000000000010c3      0x130 /home/jeferson/optee/optee_os-rpi4/out/arm-plat-rpi4/export-ta_arm64/lib/libutils.a(memcpy.o)
 .debug_info    0x00000000000011f3      0x961 /home/jeferson/optee/optee_os-rpi4/out/arm-plat-rpi4/export-ta_arm64/lib/libutils.a(snprintk.o)
 .debug_info    0x0000000000001b54      0x6ec /home/jeferson/optee/optee_os-rpi4/out/arm-plat-rpi4/export-ta_arm64/lib/libutils.a(trace.o)
 .debug_info    0x0000000000002240       0xff /home/jeferson/optee/optee_os-rpi4/out/arm-plat-rpi4/export-ta_arm64/lib/libutils.a(memchr.o)
 .debug_info    0x000000000000233f       0xbf /home/jeferson/optee/optee_os-rpi4/out/arm-plat-rpi4/export-ta_arm64/lib/libutils.a(strlen.o)
 .debug_info    0x00000000000023fe      0x3d8 /home/jeferson/optee/optee_os-rpi4/out/arm-plat-rpi4/export-ta_arm64/lib/libutee.a(trace_ext.o)
 .debug_info    0x00000000000027d6      0x785 /home/jeferson/optee/optee_os-rpi4/out/arm-plat-rpi4/export-ta_arm64/lib/libutee.a(tee_system_pta.o)
 .debug_info    0x0000000000002f5b       0x23 /home/jeferson/optee/optee_os-rpi4/out/arm-plat-rpi4/export-ta_arm64/lib/libutee.a(utee_syscalls_a64.o)
 .debug_info    0x0000000000002f7e     0x16ba /home/jeferson/optee/optee_os-rpi4/out/arm-plat-rpi4/export-ta_arm64/lib/libutee.a(user_ta_entry.o)
 .debug_info    0x0000000000004638      0x4d2 /home/jeferson/optee/optee_os-rpi4/out/arm-plat-rpi4/export-ta_arm64/lib/libutee.a(user_ta_entry_compat.o)
 .debug_info    0x0000000000004b0a       0xf1 /home/jeferson/optee/optee_os-rpi4/out/arm-plat-rpi4/export-ta_arm64/lib/libutee.a(abort.o)
 .debug_info    0x0000000000004bfb     0x2775 /home/jeferson/optee/optee_os-rpi4/out/arm-plat-rpi4/export-ta_arm64/lib/libutee.a(tee_api.o)
 .debug_info    0x0000000000007370     0x51a9 /home/jeferson/optee/optee_os-rpi4/out/arm-plat-rpi4/export-ta_arm64/lib/libutee.a(tee_api_arith_mpi.o)
 .debug_info    0x000000000000c519      0xa4c /home/jeferson/optee/optee_os-rpi4/out/arm-plat-rpi4/export-ta_arm64/lib/libutee.a(tee_api_panic.o)
 .debug_info    0x000000000000cf65     0x1940 /home/jeferson/optee/optee_os-rpi4/out/arm-plat-rpi4/export-ta_arm64/lib/libutee.a(tee_api_property.o)
 .debug_info    0x000000000000e8a5      0x8af /home/jeferson/optee/optee_os-rpi4/out/arm-plat-rpi4/export-ta_arm64/lib/libutee.a(tcb.o)
 .debug_info    0x000000000000f154      0x1b7 /home/jeferson/optee/optee_os-rpi4/out/arm-plat-rpi4/export-ta_arm64/lib/libutee.a(assert.o)
 .debug_info    0x000000000000f30b      0x339 /home/jeferson/optee/optee_os-rpi4/out/arm-plat-rpi4/export-ta_arm64/lib/libutee.a(base64.o)
 .debug_info    0x000000000000f644     0x5e66 /home/jeferson/optee/optee_os-rpi4/out/arm-plat-rpi4/export-ta_arm64/lib/libmbedtls.a(bignum.o)
 .debug_info    0x00000000000154aa     0x100f /home/jeferson/optee/optee_os-rpi4/out/arm-plat-rpi4/export-ta_arm64/lib/libmbedtls.a(constant_time.o)
 .debug_info    0x00000000000164b9      0x14b /home/jeferson/optee/optee_os-rpi4/out/arm-plat-rpi4/export-ta_arm64/lib/libmbedtls.a(platform_util.o)
 .debug_info    0x0000000000016604     0x2797 /home/jeferson/optee/optee_os-rpi4/out/arm-plat-rpi4/export-ta_arm64/lib/libutils.a(bget_malloc.o)
 .debug_info    0x0000000000018d9b       0xfb /home/jeferson/optee/optee_os-rpi4/out/arm-plat-rpi4/export-ta_arm64/lib/libutils.a(memmove.o)
 .debug_info    0x0000000000018e96       0xd3 /home/jeferson/optee/optee_os-rpi4/out/arm-plat-rpi4/export-ta_arm64/lib/libutils.a(memset.o)
 .debug_info    0x0000000000018f69       0xb4 /home/jeferson/optee/optee_os-rpi4/out/arm-plat-rpi4/export-ta_arm64/lib/libutils.a(strcmp.o)
 .debug_info    0x000000000001901d      0x123 /home/jeferson/optee/optee_os-rpi4/out/arm-plat-rpi4/export-ta_arm64/lib/libutils.a(strlcpy.o)
 .debug_info    0x0000000000019140      0x733 /home/jeferson/optee/optee_os-rpi4/out/arm-plat-rpi4/export-ta_arm64/lib/libutils.a(mempool.o)
 .debug_info    0x0000000000019873      0x132 /home/jeferson/optee/optee_os-rpi4/out/arm-plat-rpi4/export-ta_arm64/lib/libutils.a(consttime_memcmp.o)

.debug_abbrev   0x0000000000000000     0x4493
 .debug_abbrev  0x0000000000000000      0x25f ./plugin_ta.o
 .debug_abbrev  0x000000000000025f      0x280 ./user_ta_header.o
 .debug_abbrev  0x00000000000004df      0x155 /home/jeferson/optee/optee_os-rpi4/out/arm-plat-rpi4/export-ta_arm64/lib/libutils.a(snprintf.o)
 .debug_abbrev  0x0000000000000634       0xb1 /home/jeferson/optee/optee_os-rpi4/out/arm-plat-rpi4/export-ta_arm64/lib/libutils.a(stack_check.o)
 .debug_abbrev  0x00000000000006e5       0xbb /home/jeferson/optee/optee_os-rpi4/out/arm-plat-rpi4/export-ta_arm64/lib/libutils.a(memcpy.o)
 .debug_abbrev  0x00000000000007a0      0x300 /home/jeferson/optee/optee_os-rpi4/out/arm-plat-rpi4/export-ta_arm64/lib/libutils.a(snprintk.o)
 .debug_abbrev  0x0000000000000aa0      0x2bf /home/jeferson/optee/optee_os-rpi4/out/arm-plat-rpi4/export-ta_arm64/lib/libutils.a(trace.o)
 .debug_abbrev  0x0000000000000d5f       0xb4 /home/jeferson/optee/optee_os-rpi4/out/arm-plat-rpi4/export-ta_arm64/lib/libutils.a(memchr.o)
 .debug_abbrev  0x0000000000000e13       0x85 /home/jeferson/optee/optee_os-rpi4/out/arm-plat-rpi4/export-ta_arm64/lib/libutils.a(strlen.o)
 .debug_abbrev  0x0000000000000e98      0x1c4 /home/jeferson/optee/optee_os-rpi4/out/arm-plat-rpi4/export-ta_arm64/lib/libutee.a(trace_ext.o)
 .debug_abbrev  0x000000000000105c      0x283 /home/jeferson/optee/optee_os-rpi4/out/arm-plat-rpi4/export-ta_arm64/lib/libutee.a(tee_system_pta.o)
 .debug_abbrev  0x00000000000012df       0x12 /home/jeferson/optee/optee_os-rpi4/out/arm-plat-rpi4/export-ta_arm64/lib/libutee.a(utee_syscalls_a64.o)
 .debug_abbrev  0x00000000000012f1      0x5aa /home/jeferson/optee/optee_os-rpi4/out/arm-plat-rpi4/export-ta_arm64/lib/libutee.a(user_ta_entry.o)
 .debug_abbrev  0x000000000000189b      0x1a4 /home/jeferson/optee/optee_os-rpi4/out/arm-plat-rpi4/export-ta_arm64/lib/libutee.a(user_ta_entry_compat.o)
 .debug_abbrev  0x0000000000001a3f       0x94 /home/jeferson/optee/optee_os-rpi4/out/arm-plat-rpi4/export-ta_arm64/lib/libutee.a(abort.o)
 .debug_abbrev  0x0000000000001ad3      0x55a /home/jeferson/optee/optee_os-rpi4/out/arm-plat-rpi4/export-ta_arm64/lib/libutee.a(tee_api.o)
 .debug_abbrev  0x000000000000202d      0x530 /home/jeferson/optee/optee_os-rpi4/out/arm-plat-rpi4/export-ta_arm64/lib/libutee.a(tee_api_arith_mpi.o)
 .debug_abbrev  0x000000000000255d      0x21c /home/jeferson/optee/optee_os-rpi4/out/arm-plat-rpi4/export-ta_arm64/lib/libutee.a(tee_api_panic.o)
 .debug_abbrev  0x0000000000002779      0x343 /home/jeferson/optee/optee_os-rpi4/out/arm-plat-rpi4/export-ta_arm64/lib/libutee.a(tee_api_property.o)
 .debug_abbrev  0x0000000000002abc      0x2cf /home/jeferson/optee/optee_os-rpi4/out/arm-plat-rpi4/export-ta_arm64/lib/libutee.a(tcb.o)
 .debug_abbrev  0x0000000000002d8b       0xbc /home/jeferson/optee/optee_os-rpi4/out/arm-plat-rpi4/export-ta_arm64/lib/libutee.a(assert.o)
 .debug_abbrev  0x0000000000002e47      0x1a4 /home/jeferson/optee/optee_os-rpi4/out/arm-plat-rpi4/export-ta_arm64/lib/libutee.a(base64.o)
 .debug_abbrev  0x0000000000002feb      0x5ed /home/jeferson/optee/optee_os-rpi4/out/arm-plat-rpi4/export-ta_arm64/lib/libmbedtls.a(bignum.o)
 .debug_abbrev  0x00000000000035d8      0x390 /home/jeferson/optee/optee_os-rpi4/out/arm-plat-rpi4/export-ta_arm64/lib/libmbedtls.a(constant_time.o)
 .debug_abbrev  0x0000000000003968       0xd4 /home/jeferson/optee/optee_os-rpi4/out/arm-plat-rpi4/export-ta_arm64/lib/libmbedtls.a(platform_util.o)
 .debug_abbrev  0x0000000000003a3c      0x48f /home/jeferson/optee/optee_os-rpi4/out/arm-plat-rpi4/export-ta_arm64/lib/libutils.a(bget_malloc.o)
 .debug_abbrev  0x0000000000003ecb       0xa6 /home/jeferson/optee/optee_os-rpi4/out/arm-plat-rpi4/export-ta_arm64/lib/libutils.a(memmove.o)
 .debug_abbrev  0x0000000000003f71       0xa3 /home/jeferson/optee/optee_os-rpi4/out/arm-plat-rpi4/export-ta_arm64/lib/libutils.a(memset.o)
 .debug_abbrev  0x0000000000004014       0x6f /home/jeferson/optee/optee_os-rpi4/out/arm-plat-rpi4/export-ta_arm64/lib/libutils.a(strcmp.o)
 .debug_abbrev  0x0000000000004083       0xa5 /home/jeferson/optee/optee_os-rpi4/out/arm-plat-rpi4/export-ta_arm64/lib/libutils.a(strlcpy.o)
 .debug_abbrev  0x0000000000004128      0x2a9 /home/jeferson/optee/optee_os-rpi4/out/arm-plat-rpi4/export-ta_arm64/lib/libutils.a(mempool.o)
 .debug_abbrev  0x00000000000043d1       0xc2 /home/jeferson/optee/optee_os-rpi4/out/arm-plat-rpi4/export-ta_arm64/lib/libutils.a(consttime_memcmp.o)

.debug_loclists
                0x0000000000000000     0xed55
 .debug_loclists
                0x0000000000000000       0xe7 ./plugin_ta.o
 .debug_loclists
                0x00000000000000e7      0x151 ./user_ta_header.o
 .debug_loclists
                0x0000000000000238       0xd0 /home/jeferson/optee/optee_os-rpi4/out/arm-plat-rpi4/export-ta_arm64/lib/libutils.a(snprintf.o)
 .debug_loclists
                0x0000000000000308      0x2e5 /home/jeferson/optee/optee_os-rpi4/out/arm-plat-rpi4/export-ta_arm64/lib/libutils.a(memcpy.o)
 .debug_loclists
                0x00000000000005ed     0x16ab /home/jeferson/optee/optee_os-rpi4/out/arm-plat-rpi4/export-ta_arm64/lib/libutils.a(snprintk.o)
 .debug_loclists
                0x0000000000001c98      0x2a5 /home/jeferson/optee/optee_os-rpi4/out/arm-plat-rpi4/export-ta_arm64/lib/libutils.a(trace.o)
 .debug_loclists
                0x0000000000001f3d       0x65 /home/jeferson/optee/optee_os-rpi4/out/arm-plat-rpi4/export-ta_arm64/lib/libutils.a(memchr.o)
 .debug_loclists
                0x0000000000001fa2       0x34 /home/jeferson/optee/optee_os-rpi4/out/arm-plat-rpi4/export-ta_arm64/lib/libutils.a(strlen.o)
 .debug_loclists
                0x0000000000001fd6       0xae /home/jeferson/optee/optee_os-rpi4/out/arm-plat-rpi4/export-ta_arm64/lib/libutee.a(trace_ext.o)
 .debug_loclists
                0x0000000000002084      0x321 /home/jeferson/optee/optee_os-rpi4/out/arm-plat-rpi4/export-ta_arm64/lib/libutee.a(tee_system_pta.o)
 .debug_loclists
                0x00000000000023a5      0x614 /home/jeferson/optee/optee_os-rpi4/out/arm-plat-rpi4/export-ta_arm64/lib/libutee.a(user_ta_entry.o)
 .debug_loclists
                0x00000000000029b9      0x1cb /home/jeferson/optee/optee_os-rpi4/out/arm-plat-rpi4/export-ta_arm64/lib/libutee.a(user_ta_entry_compat.o)
 .debug_loclists
                0x0000000000002b84     0x1210 /home/jeferson/optee/optee_os-rpi4/out/arm-plat-rpi4/export-ta_arm64/lib/libutee.a(tee_api.o)
 .debug_loclists
                0x0000000000003d94     0x1f1c /home/jeferson/optee/optee_os-rpi4/out/arm-plat-rpi4/export-ta_arm64/lib/libutee.a(tee_api_arith_mpi.o)
 .debug_loclists
                0x0000000000005cb0      0x533 /home/jeferson/optee/optee_os-rpi4/out/arm-plat-rpi4/export-ta_arm64/lib/libutee.a(tee_api_panic.o)
 .debug_loclists
                0x00000000000061e3      0xb90 /home/jeferson/optee/optee_os-rpi4/out/arm-plat-rpi4/export-ta_arm64/lib/libutee.a(tee_api_property.o)
 .debug_loclists
                0x0000000000006d73      0x29d /home/jeferson/optee/optee_os-rpi4/out/arm-plat-rpi4/export-ta_arm64/lib/libutee.a(tcb.o)
 .debug_loclists
                0x0000000000007010       0x71 /home/jeferson/optee/optee_os-rpi4/out/arm-plat-rpi4/export-ta_arm64/lib/libutee.a(assert.o)
 .debug_loclists
                0x0000000000007081      0x2e3 /home/jeferson/optee/optee_os-rpi4/out/arm-plat-rpi4/export-ta_arm64/lib/libutee.a(base64.o)
 .debug_loclists
                0x0000000000007364     0x495d /home/jeferson/optee/optee_os-rpi4/out/arm-plat-rpi4/export-ta_arm64/lib/libmbedtls.a(bignum.o)
 .debug_loclists
                0x000000000000bcc1      0xd02 /home/jeferson/optee/optee_os-rpi4/out/arm-plat-rpi4/export-ta_arm64/lib/libmbedtls.a(constant_time.o)
 .debug_loclists
                0x000000000000c9c3       0x45 /home/jeferson/optee/optee_os-rpi4/out/arm-plat-rpi4/export-ta_arm64/lib/libmbedtls.a(platform_util.o)
 .debug_loclists
                0x000000000000ca08     0x1d1f /home/jeferson/optee/optee_os-rpi4/out/arm-plat-rpi4/export-ta_arm64/lib/libutils.a(bget_malloc.o)
 .debug_loclists
                0x000000000000e727      0x179 /home/jeferson/optee/optee_os-rpi4/out/arm-plat-rpi4/export-ta_arm64/lib/libutils.a(memmove.o)
 .debug_loclists
                0x000000000000e8a0       0x67 /home/jeferson/optee/optee_os-rpi4/out/arm-plat-rpi4/export-ta_arm64/lib/libutils.a(memset.o)
 .debug_loclists
                0x000000000000e907       0x50 /home/jeferson/optee/optee_os-rpi4/out/arm-plat-rpi4/export-ta_arm64/lib/libutils.a(strcmp.o)
 .debug_loclists
                0x000000000000e957       0x9e /home/jeferson/optee/optee_os-rpi4/out/arm-plat-rpi4/export-ta_arm64/lib/libutils.a(strlcpy.o)
 .debug_loclists
                0x000000000000e9f5      0x295 /home/jeferson/optee/optee_os-rpi4/out/arm-plat-rpi4/export-ta_arm64/lib/libutils.a(mempool.o)
 .debug_loclists
                0x000000000000ec8a       0xcb /home/jeferson/optee/optee_os-rpi4/out/arm-plat-rpi4/export-ta_arm64/lib/libutils.a(consttime_memcmp.o)

.debug_aranges  0x0000000000000000      0x980
 .debug_aranges
                0x0000000000000000       0x30 ./plugin_ta.o
 .debug_aranges
                0x0000000000000030       0x30 ./user_ta_header.o
 .debug_aranges
                0x0000000000000060       0x30 /home/jeferson/optee/optee_os-rpi4/out/arm-plat-rpi4/export-ta_arm64/lib/libutils.a(snprintf.o)
 .debug_aranges
                0x0000000000000090       0x30 /home/jeferson/optee/optee_os-rpi4/out/arm-plat-rpi4/export-ta_arm64/lib/libutils.a(stack_check.o)
 .debug_aranges
                0x00000000000000c0       0x30 /home/jeferson/optee/optee_os-rpi4/out/arm-plat-rpi4/export-ta_arm64/lib/libutils.a(memcpy.o)
 .debug_aranges
                0x00000000000000f0       0x30 /home/jeferson/optee/optee_os-rpi4/out/arm-plat-rpi4/export-ta_arm64/lib/libutils.a(snprintk.o)
 .debug_aranges
                0x0000000000000120       0x30 /home/jeferson/optee/optee_os-rpi4/out/arm-plat-rpi4/export-ta_arm64/lib/libutils.a(trace.o)
 .debug_aranges
                0x0000000000000150       0x30 /home/jeferson/optee/optee_os-rpi4/out/arm-plat-rpi4/export-ta_arm64/lib/libutils.a(memchr.o)
 .debug_aranges
                0x0000000000000180       0x30 /home/jeferson/optee/optee_os-rpi4/out/arm-plat-rpi4/export-ta_arm64/lib/libutils.a(strlen.o)
 .debug_aranges
                0x00000000000001b0       0x30 /home/jeferson/optee/optee_os-rpi4/out/arm-plat-rpi4/export-ta_arm64/lib/libutee.a(trace_ext.o)
 .debug_aranges
                0x00000000000001e0       0x30 /home/jeferson/optee/optee_os-rpi4/out/arm-plat-rpi4/export-ta_arm64/lib/libutee.a(tee_system_pta.o)
 .debug_aranges
                0x0000000000000210      0x3b0 /home/jeferson/optee/optee_os-rpi4/out/arm-plat-rpi4/export-ta_arm64/lib/libutee.a(utee_syscalls_a64.o)
 .debug_aranges
                0x00000000000005c0       0x30 /home/jeferson/optee/optee_os-rpi4/out/arm-plat-rpi4/export-ta_arm64/lib/libutee.a(user_ta_entry.o)
 .debug_aranges
                0x00000000000005f0       0x30 /home/jeferson/optee/optee_os-rpi4/out/arm-plat-rpi4/export-ta_arm64/lib/libutee.a(user_ta_entry_compat.o)
 .debug_aranges
                0x0000000000000620       0x30 /home/jeferson/optee/optee_os-rpi4/out/arm-plat-rpi4/export-ta_arm64/lib/libutee.a(abort.o)
 .debug_aranges
                0x0000000000000650       0x30 /home/jeferson/optee/optee_os-rpi4/out/arm-plat-rpi4/export-ta_arm64/lib/libutee.a(tee_api.o)
 .debug_aranges
                0x0000000000000680       0x30 /home/jeferson/optee/optee_os-rpi4/out/arm-plat-rpi4/export-ta_arm64/lib/libutee.a(tee_api_arith_mpi.o)
 .debug_aranges
                0x00000000000006b0       0x30 /home/jeferson/optee/optee_os-rpi4/out/arm-plat-rpi4/export-ta_arm64/lib/libutee.a(tee_api_panic.o)
 .debug_aranges
                0x00000000000006e0       0x30 /home/jeferson/optee/optee_os-rpi4/out/arm-plat-rpi4/export-ta_arm64/lib/libutee.a(tee_api_property.o)
 .debug_aranges
                0x0000000000000710       0x30 /home/jeferson/optee/optee_os-rpi4/out/arm-plat-rpi4/export-ta_arm64/lib/libutee.a(tcb.o)
 .debug_aranges
                0x0000000000000740       0x30 /home/jeferson/optee/optee_os-rpi4/out/arm-plat-rpi4/export-ta_arm64/lib/libutee.a(assert.o)
 .debug_aranges
                0x0000000000000770       0x30 /home/jeferson/optee/optee_os-rpi4/out/arm-plat-rpi4/export-ta_arm64/lib/libutee.a(base64.o)
 .debug_aranges
                0x00000000000007a0       0x30 /home/jeferson/optee/optee_os-rpi4/out/arm-plat-rpi4/export-ta_arm64/lib/libmbedtls.a(bignum.o)
 .debug_aranges
                0x00000000000007d0       0x30 /home/jeferson/optee/optee_os-rpi4/out/arm-plat-rpi4/export-ta_arm64/lib/libmbedtls.a(constant_time.o)
 .debug_aranges
                0x0000000000000800       0x30 /home/jeferson/optee/optee_os-rpi4/out/arm-plat-rpi4/export-ta_arm64/lib/libmbedtls.a(platform_util.o)
 .debug_aranges
                0x0000000000000830       0x30 /home/jeferson/optee/optee_os-rpi4/out/arm-plat-rpi4/export-ta_arm64/lib/libutils.a(bget_malloc.o)
 .debug_aranges
                0x0000000000000860       0x30 /home/jeferson/optee/optee_os-rpi4/out/arm-plat-rpi4/export-ta_arm64/lib/libutils.a(memmove.o)
 .debug_aranges
                0x0000000000000890       0x30 /home/jeferson/optee/optee_os-rpi4/out/arm-plat-rpi4/export-ta_arm64/lib/libutils.a(memset.o)
 .debug_aranges
                0x00000000000008c0       0x30 /home/jeferson/optee/optee_os-rpi4/out/arm-plat-rpi4/export-ta_arm64/lib/libutils.a(strcmp.o)
 .debug_aranges
                0x00000000000008f0       0x30 /home/jeferson/optee/optee_os-rpi4/out/arm-plat-rpi4/export-ta_arm64/lib/libutils.a(strlcpy.o)
 .debug_aranges
                0x0000000000000920       0x30 /home/jeferson/optee/optee_os-rpi4/out/arm-plat-rpi4/export-ta_arm64/lib/libutils.a(mempool.o)
 .debug_aranges
                0x0000000000000950       0x30 /home/jeferson/optee/optee_os-rpi4/out/arm-plat-rpi4/export-ta_arm64/lib/libutils.a(consttime_memcmp.o)

.debug_macro    0x0000000000000000    0x19c70
 .debug_macro   0x0000000000000000      0x103 ./plugin_ta.o
 .debug_macro   0x0000000000000103      0x9f4 ./plugin_ta.o
 .debug_macro   0x0000000000000af7      0x10b ./plugin_ta.o
 .debug_macro   0x0000000000000c02       0x58 ./plugin_ta.o
 .debug_macro   0x0000000000000c5a       0x22 ./plugin_ta.o
 .debug_macro   0x0000000000000c7c      0x174 ./plugin_ta.o
 .debug_macro   0x0000000000000df0       0x34 ./plugin_ta.o
 .debug_macro   0x0000000000000e24       0x79 ./plugin_ta.o
 .debug_macro   0x0000000000000e9d       0x16 ./plugin_ta.o
 .debug_macro   0x0000000000000eb3      0xceb ./plugin_ta.o
 .debug_macro   0x0000000000001b9e       0x7c ./plugin_ta.o
 .debug_macro   0x0000000000001c1a      0x1a0 ./plugin_ta.o
 .debug_macro   0x0000000000001dba       0xc4 ./plugin_ta.o
 .debug_macro   0x0000000000001e7e       0x35 ./plugin_ta.o
 .debug_macro   0x0000000000001eb3      0x184 ./plugin_ta.o
 .debug_macro   0x0000000000002037       0xf7 ./plugin_ta.o
 .debug_macro   0x000000000000212e       0x52 ./plugin_ta.o
 .debug_macro   0x0000000000002180       0x16 ./plugin_ta.o
 .debug_macro   0x0000000000002196      0x194 ./user_ta_header.o
 .debug_macro   0x000000000000232a      0x9f4 ./user_ta_header.o
 .debug_macro   0x0000000000002d1e       0x2e ./user_ta_header.o
 .debug_macro   0x0000000000002d4c       0x2e ./user_ta_header.o
 .debug_macro   0x0000000000002d7a       0x33 ./user_ta_header.o
 .debug_macro   0x0000000000002dad       0xf0 ./user_ta_header.o
 .debug_macro   0x0000000000002e9d       0x88 ./user_ta_header.o
 .debug_macro   0x0000000000002f25       0x28 ./user_ta_header.o
 .debug_macro   0x0000000000002f4d       0x4d /home/jeferson/optee/optee_os-rpi4/out/arm-plat-rpi4/export-ta_arm64/lib/libutils.a(snprintf.o)
 .debug_macro   0x0000000000002f9a      0x9b8 /home/jeferson/optee/optee_os-rpi4/out/arm-plat-rpi4/export-ta_arm64/lib/libutils.a(snprintf.o)
 .debug_macro   0x0000000000003952      0x584 /home/jeferson/optee/optee_os-rpi4/out/arm-plat-rpi4/export-ta_arm64/lib/libutils.a(snprintf.o)
 .debug_macro   0x0000000000003ed6       0xb5 /home/jeferson/optee/optee_os-rpi4/out/arm-plat-rpi4/export-ta_arm64/lib/libutils.a(stack_check.o)
 .debug_macro   0x0000000000003f8b      0x9b8 /home/jeferson/optee/optee_os-rpi4/out/arm-plat-rpi4/export-ta_arm64/lib/libutils.a(stack_check.o)
 .debug_macro   0x0000000000004943      0x10b /home/jeferson/optee/optee_os-rpi4/out/arm-plat-rpi4/export-ta_arm64/lib/libutils.a(stack_check.o)
 .debug_macro   0x0000000000004a4e       0x79 /home/jeferson/optee/optee_os-rpi4/out/arm-plat-rpi4/export-ta_arm64/lib/libutils.a(stack_check.o)
 .debug_macro   0x0000000000004ac7      0xcf1 /home/jeferson/optee/optee_os-rpi4/out/arm-plat-rpi4/export-ta_arm64/lib/libutils.a(stack_check.o)
 .debug_macro   0x00000000000057b8       0x57 /home/jeferson/optee/optee_os-rpi4/out/arm-plat-rpi4/export-ta_arm64/lib/libutils.a(memcpy.o)
 .debug_macro   0x000000000000580f      0x9b2 /home/jeferson/optee/optee_os-rpi4/out/arm-plat-rpi4/export-ta_arm64/lib/libutils.a(memcpy.o)
 .debug_macro   0x00000000000061c1       0x7c /home/jeferson/optee/optee_os-rpi4/out/arm-plat-rpi4/export-ta_arm64/lib/libutils.a(memcpy.o)
 .debug_macro   0x000000000000623d      0x13d /home/jeferson/optee/optee_os-rpi4/out/arm-plat-rpi4/export-ta_arm64/lib/libutils.a(snprintk.o)
 .debug_macro   0x000000000000637a      0x9b8 /home/jeferson/optee/optee_os-rpi4/out/arm-plat-rpi4/export-ta_arm64/lib/libutils.a(snprintk.o)
 .debug_macro   0x0000000000006d32       0xd6 /home/jeferson/optee/optee_os-rpi4/out/arm-plat-rpi4/export-ta_arm64/lib/libutils.a(trace.o)
 .debug_macro   0x0000000000006e08      0x9b8 /home/jeferson/optee/optee_os-rpi4/out/arm-plat-rpi4/export-ta_arm64/lib/libutils.a(trace.o)
 .debug_macro   0x00000000000077c0       0xea /home/jeferson/optee/optee_os-rpi4/out/arm-plat-rpi4/export-ta_arm64/lib/libutils.a(trace.o)
 .debug_macro   0x00000000000078aa       0x66 /home/jeferson/optee/optee_os-rpi4/out/arm-plat-rpi4/export-ta_arm64/lib/libutils.a(memchr.o)
 .debug_macro   0x0000000000007910      0x9b8 /home/jeferson/optee/optee_os-rpi4/out/arm-plat-rpi4/export-ta_arm64/lib/libutils.a(memchr.o)
 .debug_macro   0x00000000000082c8       0x5a /home/jeferson/optee/optee_os-rpi4/out/arm-plat-rpi4/export-ta_arm64/lib/libutils.a(strlen.o)
 .debug_macro   0x0000000000008322      0x9b8 /home/jeferson/optee/optee_os-rpi4/out/arm-plat-rpi4/export-ta_arm64/lib/libutils.a(strlen.o)
 .debug_macro   0x0000000000008cda       0xf1 /home/jeferson/optee/optee_os-rpi4/out/arm-plat-rpi4/export-ta_arm64/lib/libutee.a(trace_ext.o)
 .debug_macro   0x0000000000008dcb      0x9b8 /home/jeferson/optee/optee_os-rpi4/out/arm-plat-rpi4/export-ta_arm64/lib/libutee.a(trace_ext.o)
 .debug_macro   0x0000000000009783      0x13a /home/jeferson/optee/optee_os-rpi4/out/arm-plat-rpi4/export-ta_arm64/lib/libutee.a(tee_system_pta.o)
 .debug_macro   0x00000000000098bd      0x9b8 /home/jeferson/optee/optee_os-rpi4/out/arm-plat-rpi4/export-ta_arm64/lib/libutee.a(tee_system_pta.o)
 .debug_macro   0x000000000000a275       0x89 /home/jeferson/optee/optee_os-rpi4/out/arm-plat-rpi4/export-ta_arm64/lib/libutee.a(tee_system_pta.o)
 .debug_macro   0x000000000000a2fe      0x20b /home/jeferson/optee/optee_os-rpi4/out/arm-plat-rpi4/export-ta_arm64/lib/libutee.a(user_ta_entry.o)
 .debug_macro   0x000000000000a509      0x9b8 /home/jeferson/optee/optee_os-rpi4/out/arm-plat-rpi4/export-ta_arm64/lib/libutee.a(user_ta_entry.o)
 .debug_macro   0x000000000000aec1     0x1609 /home/jeferson/optee/optee_os-rpi4/out/arm-plat-rpi4/export-ta_arm64/lib/libutee.a(user_ta_entry.o)
 .debug_macro   0x000000000000c4ca       0x5f /home/jeferson/optee/optee_os-rpi4/out/arm-plat-rpi4/export-ta_arm64/lib/libutee.a(user_ta_entry.o)
 .debug_macro   0x000000000000c529       0x39 /home/jeferson/optee/optee_os-rpi4/out/arm-plat-rpi4/export-ta_arm64/lib/libutee.a(user_ta_entry.o)
 .debug_macro   0x000000000000c562       0x1c /home/jeferson/optee/optee_os-rpi4/out/arm-plat-rpi4/export-ta_arm64/lib/libutee.a(user_ta_entry.o)
 .debug_macro   0x000000000000c57e      0x2e9 /home/jeferson/optee/optee_os-rpi4/out/arm-plat-rpi4/export-ta_arm64/lib/libutee.a(user_ta_entry.o)
 .debug_macro   0x000000000000c867       0x34 /home/jeferson/optee/optee_os-rpi4/out/arm-plat-rpi4/export-ta_arm64/lib/libutee.a(user_ta_entry.o)
 .debug_macro   0x000000000000c89b       0x8e /home/jeferson/optee/optee_os-rpi4/out/arm-plat-rpi4/export-ta_arm64/lib/libutee.a(user_ta_entry.o)
 .debug_macro   0x000000000000c929       0xb3 /home/jeferson/optee/optee_os-rpi4/out/arm-plat-rpi4/export-ta_arm64/lib/libutee.a(user_ta_entry_compat.o)
 .debug_macro   0x000000000000c9dc      0x9b8 /home/jeferson/optee/optee_os-rpi4/out/arm-plat-rpi4/export-ta_arm64/lib/libutee.a(user_ta_entry_compat.o)
 .debug_macro   0x000000000000d394      0x139 /home/jeferson/optee/optee_os-rpi4/out/arm-plat-rpi4/export-ta_arm64/lib/libutee.a(abort.o)
 .debug_macro   0x000000000000d4cd      0x9b8 /home/jeferson/optee/optee_os-rpi4/out/arm-plat-rpi4/export-ta_arm64/lib/libutee.a(abort.o)
 .debug_macro   0x000000000000de85      0x1a5 /home/jeferson/optee/optee_os-rpi4/out/arm-plat-rpi4/export-ta_arm64/lib/libutee.a(tee_api.o)
 .debug_macro   0x000000000000e02a      0x9b8 /home/jeferson/optee/optee_os-rpi4/out/arm-plat-rpi4/export-ta_arm64/lib/libutee.a(tee_api.o)
 .debug_macro   0x000000000000e9e2      0x1cb /home/jeferson/optee/optee_os-rpi4/out/arm-plat-rpi4/export-ta_arm64/lib/libutee.a(tee_api_arith_mpi.o)
 .debug_macro   0x000000000000ebad      0x9b8 /home/jeferson/optee/optee_os-rpi4/out/arm-plat-rpi4/export-ta_arm64/lib/libutee.a(tee_api_arith_mpi.o)
 .debug_macro   0x000000000000f565      0x13c /home/jeferson/optee/optee_os-rpi4/out/arm-plat-rpi4/export-ta_arm64/lib/libutee.a(tee_api_arith_mpi.o)
 .debug_macro   0x000000000000f6a1       0x12 /home/jeferson/optee/optee_os-rpi4/out/arm-plat-rpi4/export-ta_arm64/lib/libutee.a(tee_api_arith_mpi.o)
 .debug_macro   0x000000000000f6b3       0x79 /home/jeferson/optee/optee_os-rpi4/out/arm-plat-rpi4/export-ta_arm64/lib/libutee.a(tee_api_arith_mpi.o)
 .debug_macro   0x000000000000f72c      0x21c /home/jeferson/optee/optee_os-rpi4/out/arm-plat-rpi4/export-ta_arm64/lib/libutee.a(tee_api_arith_mpi.o)
 .debug_macro   0x000000000000f948      0x124 /home/jeferson/optee/optee_os-rpi4/out/arm-plat-rpi4/export-ta_arm64/lib/libutee.a(tee_api_panic.o)
 .debug_macro   0x000000000000fa6c      0x9b8 /home/jeferson/optee/optee_os-rpi4/out/arm-plat-rpi4/export-ta_arm64/lib/libutee.a(tee_api_panic.o)
 .debug_macro   0x0000000000010424      0x1f3 /home/jeferson/optee/optee_os-rpi4/out/arm-plat-rpi4/export-ta_arm64/lib/libutee.a(tee_api_property.o)
 .debug_macro   0x0000000000010617      0x9b8 /home/jeferson/optee/optee_os-rpi4/out/arm-plat-rpi4/export-ta_arm64/lib/libutee.a(tee_api_property.o)
 .debug_macro   0x0000000000010fcf       0x3a /home/jeferson/optee/optee_os-rpi4/out/arm-plat-rpi4/export-ta_arm64/lib/libutee.a(tee_api_property.o)
 .debug_macro   0x0000000000011009      0x189 /home/jeferson/optee/optee_os-rpi4/out/arm-plat-rpi4/export-ta_arm64/lib/libutee.a(tcb.o)
 .debug_macro   0x0000000000011192      0x9b8 /home/jeferson/optee/optee_os-rpi4/out/arm-plat-rpi4/export-ta_arm64/lib/libutee.a(tcb.o)
 .debug_macro   0x0000000000011b4a       0x10 /home/jeferson/optee/optee_os-rpi4/out/arm-plat-rpi4/export-ta_arm64/lib/libutee.a(tcb.o)
 .debug_macro   0x0000000000011b5a      0x105 /home/jeferson/optee/optee_os-rpi4/out/arm-plat-rpi4/export-ta_arm64/lib/libutee.a(assert.o)
 .debug_macro   0x0000000000011c5f      0x9b8 /home/jeferson/optee/optee_os-rpi4/out/arm-plat-rpi4/export-ta_arm64/lib/libutee.a(assert.o)
 .debug_macro   0x0000000000012617       0x48 /home/jeferson/optee/optee_os-rpi4/out/arm-plat-rpi4/export-ta_arm64/lib/libutee.a(base64.o)