Archive member included to satisfy reference by file (symbol)

/home/jeferson/optee/optee_os-rpi4/out/arm-plat-rpi4/export-ta_arm64/lib/libutils.a(trace.o)
                              ./hi_world_ta.o (trace_printf)
/home/jeferson/optee/optee_os-rpi4/out/arm-plat-rpi4/export-ta_arm64/lib/libutils.a(stack_check.o)
                              /home/jeferson/optee/optee_os-rpi4/out/arm-plat-rpi4/export-ta_arm64/lib/libutils.a(trace.o) (__stack_chk_fail)
/home/jeferson/optee/optee_os-rpi4/out/arm-plat-rpi4/export-ta_arm64/lib/libutils.a(memcpy.o)
                              /home/jeferson/optee/optee_os-rpi4/out/arm-plat-rpi4/export-ta_arm64/lib/libutils.a(trace.o) (memcpy)
/home/jeferson/optee/optee_os-rpi4/out/arm-plat-rpi4/export-ta_arm64/lib/libutils.a(snprintk.o)
                              /home/jeferson/optee/optee_os-rpi4/out/arm-plat-rpi4/export-ta_arm64/lib/libutils.a(trace.o) (vsnprintk)
/home/jeferson/optee/optee_os-rpi4/out/arm-plat-rpi4/export-ta_arm64/lib/libutils.a(memchr.o)
                              /home/jeferson/optee/optee_os-rpi4/out/arm-plat-rpi4/export-ta_arm64/lib/libutils.a(snprintk.o) (memchr)
/home/jeferson/optee/optee_os-rpi4/out/arm-plat-rpi4/export-ta_arm64/lib/libutils.a(strlen.o)
                              /home/jeferson/optee/optee_os-rpi4/out/arm-plat-rpi4/export-ta_arm64/lib/libutils.a(snprintk.o) (strlen)
/home/jeferson/optee/optee_os-rpi4/out/arm-plat-rpi4/export-ta_arm64/lib/libutee.a(trace_ext.o)
                              /home/jeferson/optee/optee_os-rpi4/out/arm-plat-rpi4/export-ta_arm64/lib/libutils.a(trace.o) (trace_ext_puts)
/home/jeferson/optee/optee_os-rpi4/out/arm-plat-rpi4/export-ta_arm64/lib/libutee.a(utee_syscalls_a64.o)
                              /home/jeferson/optee/optee_os-rpi4/out/arm-plat-rpi4/export-ta_arm64/lib/libutils.a(stack_check.o) (_utee_panic)
/home/jeferson/optee/optee_os-rpi4/out/arm-plat-rpi4/export-ta_arm64/lib/libutee.a(user_ta_entry.o)
                              ./user_ta_header.o (__utee_entry)
/home/jeferson/optee/optee_os-rpi4/out/arm-plat-rpi4/export-ta_arm64/lib/libutee.a(user_ta_entry_compat.o)
                              ./user_ta_header.o (__ta_open_sess)
/home/jeferson/optee/optee_os-rpi4/out/arm-plat-rpi4/export-ta_arm64/lib/libutee.a(abort.o)
                              /home/jeferson/optee/optee_os-rpi4/out/arm-plat-rpi4/export-ta_arm64/lib/libutee.a(user_ta_entry.o) (abort)
/home/jeferson/optee/optee_os-rpi4/out/arm-plat-rpi4/export-ta_arm64/lib/libutee.a(tee_api.o)
                              /home/jeferson/optee/optee_os-rpi4/out/arm-plat-rpi4/export-ta_arm64/lib/libutee.a(user_ta_entry.o) (TEE_Malloc)
/home/jeferson/optee/optee_os-rpi4/out/arm-plat-rpi4/export-ta_arm64/lib/libutee.a(tee_api_arith_mpi.o)
                              /home/jeferson/optee/optee_os-rpi4/out/arm-plat-rpi4/export-ta_arm64/lib/libutee.a(user_ta_entry.o) (_TEE_MathAPI_Init)
/home/jeferson/optee/optee_os-rpi4/out/arm-plat-rpi4/export-ta_arm64/lib/libutee.a(tee_api_panic.o)
                              /home/jeferson/optee/optee_os-rpi4/out/arm-plat-rpi4/export-ta_arm64/lib/libutee.a(tee_api.o) (TEE_Panic)
/home/jeferson/optee/optee_os-rpi4/out/arm-plat-rpi4/export-ta_arm64/lib/libutee.a(tee_api_property.o)
                              /home/jeferson/optee/optee_os-rpi4/out/arm-plat-rpi4/export-ta_arm64/lib/libutee.a(user_ta_entry.o) (TEE_GetPropertyAsU32)
/home/jeferson/optee/optee_os-rpi4/out/arm-plat-rpi4/export-ta_arm64/lib/libutee.a(tee_system_pta.o)
                              /home/jeferson/optee/optee_os-rpi4/out/arm-plat-rpi4/export-ta_arm64/lib/libutee.a(tee_api.o) (tee_map_zi)
/home/jeferson/optee/optee_os-rpi4/out/arm-plat-rpi4/export-ta_arm64/lib/libutee.a(tcb.o)
                              /home/jeferson/optee/optee_os-rpi4/out/arm-plat-rpi4/export-ta_arm64/lib/libutee.a(user_ta_entry.o) (__utee_tcb_init)
/home/jeferson/optee/optee_os-rpi4/out/arm-plat-rpi4/export-ta_arm64/lib/libutee.a(assert.o)
                              /home/jeferson/optee/optee_os-rpi4/out/arm-plat-rpi4/export-ta_arm64/lib/libutee.a(tcb.o) (_assert_log)
/home/jeferson/optee/optee_os-rpi4/out/arm-plat-rpi4/export-ta_arm64/lib/libutee.a(base64.o)
                              /home/jeferson/optee/optee_os-rpi4/out/arm-plat-rpi4/export-ta_arm64/lib/libutee.a(tee_api_property.o) (_base64_enc_len)
/home/jeferson/optee/optee_os-rpi4/out/arm-plat-rpi4/export-ta_arm64/lib/libmbedtls.a(bignum.o)
                              /home/jeferson/optee/optee_os-rpi4/out/arm-plat-rpi4/export-ta_arm64/lib/libutee.a(tee_api_arith_mpi.o) (mbedtls_mpi_init_mempool)
/home/jeferson/optee/optee_os-rpi4/out/arm-plat-rpi4/export-ta_arm64/lib/libmbedtls.a(constant_time.o)
                              /home/jeferson/optee/optee_os-rpi4/out/arm-plat-rpi4/export-ta_arm64/lib/libmbedtls.a(bignum.o) (mbedtls_ct_size_bool_eq)
/home/jeferson/optee/optee_os-rpi4/out/arm-plat-rpi4/export-ta_arm64/lib/libmbedtls.a(platform_util.o)
[...]
Memory Configuration

Name             Origin             Length             Attributes
*default*        0x0000000000000000 0xffffffffffffffff

Linker script and memory map


.ta_head        0x0000000000000000       0x20
 *(SORT_BY_ALIGNMENT(.ta_head))
 .ta_head       0x0000000000000000       0x20 ./user_ta_header.o
                0x0000000000000000                ta_head

.text           0x0000000000000020     0xcbb0
                0x0000000000000020                __text_start = .
 *(SORT_BY_ALIGNMENT(.text) SORT_BY_ALIGNMENT(.text.*))
 .text          0x0000000000000020       0xec /home/jeferson/optee/optee_os-rpi4/out/arm-plat-rpi4/export-ta_arm64/lib/libutils.a(memcpy.o)
                0x0000000000000020                memcpy
 .text          0x000000000000010c      0x228 ./hi_world_ta.o
                0x000000000000010c                TA_CreateEntryPoint
                0x0000000000000140                TA_DestroyEntryPoint
                0x0000000000000164                __GP11_TA_OpenSessionEntryPoint
                0x00000000000001d4                TA_CloseSessionEntryPoint
                0x00000000000001f8                __GP11_TA_InvokeCommandEntryPoint
 .text          0x0000000000000334       0x34 ./user_ta_header.o
                0x0000000000000334                __ta_entry
                0x0000000000000348                tahead_get_trace_level
                0x0000000000000350                TA_OpenSessionEntryPoint
                0x000000000000035c                TA_InvokeCommandEntryPoint
 .text          0x0000000000000368      0x330 /home/jeferson/optee/optee_os-rpi4/out/arm-plat-rpi4/export-ta_arm64/lib/libutils.a(trace.o)
                0x0000000000000368                trace_set_level
                0x0000000000000384                trace_get_level
                0x0000000000000394                trace_vprintf
                0x00000000000005b0                trace_printf
                0x0000000000000694                dhex_dump
 .text          0x0000000000000698       0x30 /home/jeferson/optee/optee_os-rpi4/out/arm-plat-rpi4/export-ta_arm64/lib/libutils.a(stack_check.o)
                0x0000000000000698                __stack_chk_fail
 .text          0x00000000000006c8      0xdfc /home/jeferson/optee/optee_os-rpi4/out/arm-plat-rpi4/export-ta_arm64/lib/libutils.a(snprintk.o)
                0x00000000000006c8                __vsnprintf
                0x000000000000078c                vsnprintk
                0x00000000000007e4                snprintk
                0x0000000000001478                __vsprintf
 .text          0x00000000000014c4       0x2c /home/jeferson/optee/optee_os-rpi4/out/arm-plat-rpi4/export-ta_arm64/lib/libutils.a(memchr.o)
                0x00000000000014c4                memchr
 .text          0x00000000000014f0       0x1c /home/jeferson/optee/optee_os-rpi4/out/arm-plat-rpi4/export-ta_arm64/lib/libutils.a(strlen.o)
                0x00000000000014f0                strlen
 .text          0x000000000000150c      0x1e0 /home/jeferson/optee/optee_os-rpi4/out/arm-plat-rpi4/export-ta_arm64/lib/libutee.a(trace_ext.o)
                0x000000000000150c                trace_ext_puts
                0x0000000000001534                trace_ext_get_thread_id
                0x000000000000153c                printf
                0x000000000000163c                puts
                0x000000000000167c                putchar
 .text._utee_panic
                0x00000000000016ec        0xc /home/jeferson/optee/optee_os-rpi4/out/arm-plat-rpi4/export-ta_arm64/lib/libutee.a(utee_syscalls_a64.o)
                0x00000000000016ec                _utee_panic
 .text._utee_return
                0x00000000000016f8        0xc /home/jeferson/optee/optee_os-rpi4/out/arm-plat-rpi4/export-ta_arm64/lib/libutee.a(utee_syscalls_a64.o)
                0x00000000000016f8                _utee_return
 .text._utee_log
                0x0000000000001704        0xc /home/jeferson/optee/optee_os-rpi4/out/arm-plat-rpi4/export-ta_arm64/lib/libutee.a(utee_syscalls_a64.o)
                0x0000000000001704                _utee_log
 .text.__utee_panic
                0x0000000000001710        0xc /home/jeferson/optee/optee_os-rpi4/out/arm-plat-rpi4/export-ta_arm64/lib/libutee.a(utee_syscalls_a64.o)
                0x0000000000001710                __utee_panic
 .text._utee_get_property
                0x000000000000171c        0xc /home/jeferson/optee/optee_os-rpi4/out/arm-plat-rpi4/export-ta_arm64/lib/libutee.a(utee_syscalls_a64.o)
                0x000000000000171c                _utee_get_property
 .text._utee_get_property_name_to_index
                0x0000000000001728        0xc /home/jeferson/optee/optee_os-rpi4/out/arm-plat-rpi4/export-ta_arm64/lib/libutee.a(utee_syscalls_a64.o)
                0x0000000000001728                _utee_get_property_name_to_index
 .text._utee_open_ta_session
                0x0000000000001734        0xc /home/jeferson/optee/optee_os-rpi4/out/arm-plat-rpi4/export-ta_arm64/lib/libutee.a(utee_syscalls_a64.o)
                0x0000000000001734                _utee_open_ta_session
 .text._utee_close_ta_session
                0x0000000000001740        0xc /home/jeferson/optee/optee_os-rpi4/out/arm-plat-rpi4/export-ta_arm64/lib/libutee.a(utee_syscalls_a64.o)
                0x0000000000001740                _utee_close_ta_session
 .text._utee_invoke_ta_command
                0x000000000000174c        0xc /home/jeferson/optee/optee_os-rpi4/out/arm-plat-rpi4/export-ta_arm64/lib/libutee.a(utee_syscalls_a64.o)
                0x000000000000174c                _utee_invoke_ta_command
 .text._utee_get_cancellation_flag
                0x0000000000001758        0xc /home/jeferson/optee/optee_os-rpi4/out/arm-plat-rpi4/export-ta_arm64/lib/libutee.a(utee_syscalls_a64.o)
                0x0000000000001758                _utee_get_cancellation_flag
 .text._utee_check_access_rights
                0x0000000000001764        0xc /home/jeferson/optee/optee_os-rpi4/out/arm-plat-rpi4/export-ta_arm64/lib/libutee.a(utee_syscalls_a64.o)
                0x0000000000001764                _utee_check_access_rights
 .text._utee_unmask_cancellation
                0x0000000000001770        0xc /home/jeferson/optee/optee_os-rpi4/out/arm-plat-rpi4/export-ta_arm64/lib/libutee.a(utee_syscalls_a64.o)
                0x0000000000001770                _utee_unmask_cancellation
 .text._utee_mask_cancellation
                0x000000000000177c        0xc /home/jeferson/optee/optee_os-rpi4/out/arm-plat-rpi4/export-ta_arm64/lib/libutee.a(utee_syscalls_a64.o)
                0x000000000000177c                _utee_mask_cancellation
 .text._utee_wait
                0x0000000000001788        0xc /home/jeferson/optee/optee_os-rpi4/out/arm-plat-rpi4/export-ta_arm64/lib/libutee.a(utee_syscalls_a64.o)
                0x0000000000001788                _utee_wait
 .text._utee_get_time
                0x0000000000001794        0xc /home/jeferson/optee/optee_os-rpi4/out/arm-plat-rpi4/export-ta_arm64/lib/libutee.a(utee_syscalls_a64.o)
                0x0000000000001794                _utee_get_time
 .text._utee_set_ta_time
                0x00000000000017a0        0xc /home/jeferson/optee/optee_os-rpi4/out/arm-plat-rpi4/export-ta_arm64/lib/libutee.a(utee_syscalls_a64.o)
                0x00000000000017a0                _utee_set_ta_time
 .text._utee_cryp_state_alloc
                0x00000000000017ac        0xc /home/jeferson/optee/optee_os-rpi4/out/arm-plat-rpi4/export-ta_arm64/lib/libutee.a(utee_syscalls_a64.o)
                0x00000000000017ac                _utee_cryp_state_alloc
 .text._utee_cryp_state_copy
                0x00000000000017b8        0xc /home/jeferson/optee/optee_os-rpi4/out/arm-plat-rpi4/export-ta_arm64/lib/libutee.a(utee_syscalls_a64.o)
                0x00000000000017b8                _utee_cryp_state_copy
 .text._utee_cryp_state_free
                0x00000000000017c4        0xc /home/jeferson/optee/optee_os-rpi4/out/arm-plat-rpi4/export-ta_arm64/lib/libutee.a(utee_syscalls_a64.o)
                0x00000000000017c4                _utee_cryp_state_free
 .text._utee_hash_init
                0x00000000000017d0        0xc /home/jeferson/optee/optee_os-rpi4/out/arm-plat-rpi4/export-ta_arm64/lib/libutee.a(utee_syscalls_a64.o)
                0x00000000000017d0                _utee_hash_init
 .text._utee_hash_update
                0x00000000000017dc        0xc /home/jeferson/optee/optee_os-rpi4/out/arm-plat-rpi4/export-ta_arm64/lib/libutee.a(utee_syscalls_a64.o)
                0x00000000000017dc                _utee_hash_update
 .text._utee_hash_final
                0x00000000000017e8        0xc /home/jeferson/optee/optee_os-rpi4/out/arm-plat-rpi4/export-ta_arm64/lib/libutee.a(utee_syscalls_a64.o)
                0x00000000000017e8                _utee_hash_final
 .text._utee_cipher_init
                0x00000000000017f4        0xc /home/jeferson/optee/optee_os-rpi4/out/arm-plat-rpi4/export-ta_arm64/lib/libutee.a(utee_syscalls_a64.o)
                0x00000000000017f4                _utee_cipher_init
 .text._utee_cipher_update
                0x0000000000001800        0xc /home/jeferson/optee/optee_os-rpi4/out/arm-plat-rpi4/export-ta_arm64/lib/libutee.a(utee_syscalls_a64.o)
                0x0000000000001800                _utee_cipher_update
 .text._utee_cipher_final
                0x000000000000180c        0xc /home/jeferson/optee/optee_os-rpi4/out/arm-plat-rpi4/export-ta_arm64/lib/libutee.a(utee_syscalls_a64.o)
                0x000000000000180c                _utee_cipher_final
 .text._utee_cryp_obj_get_info
                0x0000000000001818        0xc /home/jeferson/optee/optee_os-rpi4/out/arm-plat-rpi4/export-ta_arm64/lib/libutee.a(utee_syscalls_a64.o)
                0x0000000000001818                _utee_cryp_obj_get_info
 .text._utee_cryp_obj_restrict_usage
                0x0000000000001824        0xc /home/jeferson/optee/optee_os-rpi4/out/arm-plat-rpi4/export-ta_arm64/lib/libutee.a(utee_syscalls_a64.o)
                0x0000000000001824                _utee_cryp_obj_restrict_usage
 .text._utee_cryp_obj_get_attr
                0x0000000000001830        0xc /home/jeferson/optee/optee_os-rpi4/out/arm-plat-rpi4/export-ta_arm64/lib/libutee.a(utee_syscalls_a64.o)
                0x0000000000001830                _utee_cryp_obj_get_attr
 .text._utee_cryp_obj_alloc
                0x000000000000183c        0xc /home/jeferson/optee/optee_os-rpi4/out/arm-plat-rpi4/export-ta_arm64/lib/libutee.a(utee_syscalls_a64.o)
                0x000000000000183c                _utee_cryp_obj_alloc
 .text._utee_cryp_obj_close
                0x0000000000001848        0xc /home/jeferson/optee/optee_os-rpi4/out/arm-plat-rpi4/export-ta_arm64/lib/libutee.a(utee_syscalls_a64.o)
                0x0000000000001848                _utee_cryp_obj_close
 .text._utee_cryp_obj_reset
                0x0000000000001854        0xc /home/jeferson/optee/optee_os-rpi4/out/arm-plat-rpi4/export-ta_arm64/lib/libutee.a(utee_syscalls_a64.o)
                0x0000000000001854                _utee_cryp_obj_reset
 .text._utee_cryp_obj_populate
                0x0000000000001860        0xc /home/jeferson/optee/optee_os-rpi4/out/arm-plat-rpi4/export-ta_arm64/lib/libutee.a(utee_syscalls_a64.o)
                0x0000000000001860                _utee_cryp_obj_populate
 .text._utee_cryp_obj_copy
                0x000000000000186c        0xc /home/jeferson/optee/optee_os-rpi4/out/arm-plat-rpi4/export-ta_arm64/lib/libutee.a(utee_syscalls_a64.o)
                0x000000000000186c                _utee_cryp_obj_copy
 .text._utee_cryp_derive_key
                0x0000000000001878        0xc /home/jeferson/optee/optee_os-rpi4/out/arm-plat-rpi4/export-ta_arm64/lib/libutee.a(utee_syscalls_a64.o)
                0x0000000000001878                _utee_cryp_derive_key
 .text._utee_cryp_random_number_generate
                0x0000000000001884        0xc /home/jeferson/optee/optee_os-rpi4/out/arm-plat-rpi4/export-ta_arm64/lib/libutee.a(utee_syscalls_a64.o)
                0x0000000000001884                _utee_cryp_random_number_generate
 .text._utee_authenc_init
                0x0000000000001890        0xc /home/jeferson/optee/optee_os-rpi4/out/arm-plat-rpi4/export-ta_arm64/lib/libutee.a(utee_syscalls_a64.o)
                0x0000000000001890                _utee_authenc_init
 .text._utee_authenc_update_aad
                0x000000000000189c        0xc /home/jeferson/optee/optee_os-rpi4/out/arm-plat-rpi4/export-ta_arm64/lib/libutee.a(utee_syscalls_a64.o)
                0x000000000000189c                _utee_authenc_update_aad
 .text._utee_authenc_update_payload
                0x00000000000018a8        0xc /home/jeferson/optee/optee_os-rpi4/out/arm-plat-rpi4/export-ta_arm64/lib/libutee.a(utee_syscalls_a64.o)
                0x00000000000018a8                _utee_authenc_update_payload
 .text._utee_authenc_enc_final
                0x00000000000018b4        0xc /home/jeferson/optee/optee_os-rpi4/out/arm-plat-rpi4/export-ta_arm64/lib/libutee.a(utee_syscalls_a64.o)
                0x00000000000018b4                _utee_authenc_enc_final
 .text._utee_authenc_dec_final
                0x00000000000018c0        0xc /home/jeferson/optee/optee_os-rpi4/out/arm-plat-rpi4/export-ta_arm64/lib/libutee.a(utee_syscalls_a64.o)
                0x00000000000018c0                _utee_authenc_dec_final
 .text._utee_asymm_operate
                0x00000000000018cc        0xc /home/jeferson/optee/optee_os-rpi4/out/arm-plat-rpi4/export-ta_arm64/lib/libutee.a(utee_syscalls_a64.o)
                0x00000000000018cc                _utee_asymm_operate
 .text._utee_asymm_verify
                0x00000000000018d8        0xc /home/jeferson/optee/optee_os-rpi4/out/arm-plat-rpi4/export-ta_arm64/lib/libutee.a(utee_syscalls_a64.o)
                0x00000000000018d8                _utee_asymm_verify
 .text._utee_storage_obj_open
                0x00000000000018e4        0xc /home/jeferson/optee/optee_os-rpi4/out/arm-plat-rpi4/export-ta_arm64/lib/libutee.a(utee_syscalls_a64.o)
                0x00000000000018e4                _utee_storage_obj_open
 .text._utee_storage_obj_create
                0x00000000000018f0        0xc /home/jeferson/optee/optee_os-rpi4/out/arm-plat-rpi4/export-ta_arm64/lib/libutee.a(utee_syscalls_a64.o)
                0x00000000000018f0                _utee_storage_obj_create
 .text._utee_storage_obj_del
                0x00000000000018fc        0xc /home/jeferson/optee/optee_os-rpi4/out/arm-plat-rpi4/export-ta_arm64/lib/libutee.a(utee_syscalls_a64.o)
                0x00000000000018fc                _utee_storage_obj_del
 .text._utee_storage_obj_rename
                0x0000000000001908        0xc /home/jeferson/optee/optee_os-rpi4/out/arm-plat-rpi4/export-ta_arm64/lib/libutee.a(utee_syscalls_a64.o)
                0x0000000000001908                _utee_storage_obj_rename
 .text._utee_storage_alloc_enum
                0x0000000000001914        0xc /home/jeferson/optee/optee_os-rpi4/out/arm-plat-rpi4/export-ta_arm64/lib/libutee.a(utee_syscalls_a64.o)
                0x0000000000001914                _utee_storage_alloc_enum
 .text._utee_storage_free_enum
                0x0000000000001920        0xc /home/jeferson/optee/optee_os-rpi4/out/arm-plat-rpi4/export-ta_arm64/lib/libutee.a(utee_syscalls_a64.o)
                0x0000000000001920                _utee_storage_free_enum
 .text._utee_storage_reset_enum
                0x000000000000192c        0xc /home/jeferson/optee/optee_os-rpi4/out/arm-plat-rpi4/export-ta_arm64/lib/libutee.a(utee_syscalls_a64.o)
                0x000000000000192c                _utee_storage_reset_enum
 .text._utee_storage_start_enum
                0x0000000000001938        0xc /home/jeferson/optee/optee_os-rpi4/out/arm-plat-rpi4/export-ta_arm64/lib/libutee.a(utee_syscalls_a64.o)
                0x0000000000001938                _utee_storage_start_enum
 .text._utee_storage_next_enum
                0x0000000000001944        0xc /home/jeferson/optee/optee_os-rpi4/out/arm-plat-rpi4/export-ta_arm64/lib/libutee.a(utee_syscalls_a64.o)
                0x0000000000001944                _utee_storage_next_enum
 .text._utee_storage_obj_read
                0x0000000000001950        0xc /home/jeferson/optee/optee_os-rpi4/out/arm-plat-rpi4/export-ta_arm64/lib/libutee.a(utee_syscalls_a64.o)
                0x0000000000001950                _utee_storage_obj_read
 .text._utee_storage_obj_write
                0x000000000000195c        0xc /home/jeferson/optee/optee_os-rpi4/out/arm-plat-rpi4/export-ta_arm64/lib/libutee.a(utee_syscalls_a64.o)
                0x000000000000195c                _utee_storage_obj_write
 .text._utee_storage_obj_trunc
                0x0000000000001968        0xc /home/jeferson/optee/optee_os-rpi4/out/arm-plat-rpi4/export-ta_arm64/lib/libutee.a(utee_syscalls_a64.o)
                0x0000000000001968                _utee_storage_obj_trunc
 .text._utee_storage_obj_seek
                0x0000000000001974        0xc /home/jeferson/optee/optee_os-rpi4/out/arm-plat-rpi4/export-ta_arm64/lib/libutee.a(utee_syscalls_a64.o)
                0x0000000000001974                _utee_storage_obj_seek
 .text._utee_cryp_obj_generate_key
                0x0000000000001980        0xc /home/jeferson/optee/optee_os-rpi4/out/arm-plat-rpi4/export-ta_arm64/lib/libutee.a(utee_syscalls_a64.o)
                0x0000000000001980                _utee_cryp_obj_generate_key
 .text._utee_cache_operation
                0x000000000000198c        0xc /home/jeferson/optee/optee_os-rpi4/out/arm-plat-rpi4/export-ta_arm64/lib/libutee.a(utee_syscalls_a64.o)
                0x000000000000198c                _utee_cache_operation
 .text          0x0000000000001998      0x740 /home/jeferson/optee/optee_os-rpi4/out/arm-plat-rpi4/export-ta_arm64/lib/libutee.a(user_ta_entry.o)
                0x0000000000001c60                __utee_call_elf_init_fn
                0x0000000000001dac                __utee_call_elf_fini_fn
                0x0000000000001e50                __utee_entry
 .text          0x00000000000020d8      0x214 /home/jeferson/optee/optee_os-rpi4/out/arm-plat-rpi4/export-ta_arm64/lib/libutee.a(user_ta_entry_compat.o)
                0x00000000000021a0                __ta_open_sess
                0x000000000000223c                __ta_invoke_cmd
 .text.unlikely
                0x00000000000022ec       0x20 /home/jeferson/optee/optee_os-rpi4/out/arm-plat-rpi4/export-ta_arm64/lib/libutee.a(abort.o)
                0x00000000000022ec                abort
 .text          0x000000000000230c     0x10c0 /home/jeferson/optee/optee_os-rpi4/out/arm-plat-rpi4/export-ta_arm64/lib/libutee.a(tee_api.o)
                0x00000000000026b8                TEE_CloseTASession
                0x00000000000026e0                TEE_GetCancellationFlag
                0x0000000000002740                TEE_UnmaskCancellation
                0x00000000000027a0                TEE_MaskCancellation
                0x0000000000002800                TEE_CheckMemoryAccessRights
                0x0000000000002a24                TEE_OpenTASession
                0x0000000000002b78                __GP11_TEE_OpenTASession
                0x0000000000002cc0                TEE_InvokeTACommand
                0x0000000000002e44                __GP11_TEE_InvokeTACommand
                0x0000000000002fbc                __GP11_TEE_CheckMemoryAccessRights
                0x0000000000002fc4                TEE_SetInstanceData
                0x0000000000002fd0                TEE_GetInstanceData
                0x0000000000002fdc                TEE_MemMove
                0x0000000000002fe0                __GP11_TEE_MemMove
                0x0000000000002fe8                TEE_MemCompare
                0x0000000000002fec                __GP11_TEE_MemCompare
                0x0000000000002ff4                TEE_MemFill
                0x0000000000002ff8                __GP11_TEE_MemFill
                0x0000000000003000                TEE_GetSystemTime
                0x0000000000003028                TEE_Wait
                0x0000000000003064                TEE_GetTAPersistentTime
                0x00000000000030dc                TEE_SetTAPersistentTime
                0x0000000000003120                TEE_GetREETime
                0x0000000000003148                TEE_Malloc
                0x000000000000326c                __GP11_TEE_Malloc
                0x0000000000003274                TEE_Free
                0x00000000000032d4                TEE_Realloc
                0x00000000000033ac                __GP11_TEE_Realloc
                0x00000000000033b4                TEE_CacheClean
                0x00000000000033bc                TEE_CacheFlush
                0x00000000000033c4                TEE_CacheInvalidate
 .text          0x00000000000033cc     0x2150 /home/jeferson/optee/optee_os-rpi4/out/arm-plat-rpi4/export-ta_arm64/lib/libutee.a(tee_api_arith_mpi.o)
                0x0000000000003c30                _TEE_MathAPI_Init
                0x0000000000003c80                TEE_BigIntInit
                0x0000000000003ce0                __GP11_TEE_BigIntInit
                0x0000000000003ce8                TEE_BigIntConvertFromOctetString
                0x0000000000003db0                __GP11_TEE_BigIntConvertFromOctetString
                0x0000000000003db8                TEE_BigIntConvertToOctetString
                0x0000000000003e80                __GP11_TEE_BigIntConvertToOctetString
                0x0000000000003ee4                TEE_BigIntConvertFromS32
                0x0000000000003f98                TEE_BigIntConvertToS32
                0x0000000000004054                TEE_BigIntCmp
                0x00000000000040ec                TEE_BigIntCmpS32
                0x000000000000433c                TEE_BigIntShiftRight
                0x00000000000044dc                __GP11_TEE_BigIntShiftRight
                0x00000000000044e4                TEE_BigIntGetBit
                0x0000000000004568                TEE_BigIntGetBitCount
                0x00000000000045e0                TEE_BigIntSetBit
                0x0000000000004690                TEE_BigIntAssign
                0x00000000000046e0                TEE_BigIntAbs
                0x000000000000470c                TEE_BigIntAdd
                0x0000000000004718                TEE_BigIntSub
                0x0000000000004724                TEE_BigIntNeg
                0x0000000000004808                TEE_BigIntMul
                0x000000000000491c                TEE_BigIntSquare
                0x0000000000004924                TEE_BigIntDiv
                0x0000000000004ad8                TEE_BigIntMod
                0x0000000000004b44                TEE_BigIntAddMod
                0x0000000000004b50                TEE_BigIntSubMod
                0x0000000000004b5c                TEE_BigIntMulMod
                0x0000000000004b68                TEE_BigIntSquareMod
                0x0000000000004b74                TEE_BigIntInvMod
                0x0000000000004cc4                TEE_BigIntRelativePrime
                0x0000000000004dcc                TEE_BigIntExpMod
                0x0000000000004fa0                TEE_BigIntComputeExtendedGcd
                0x0000000000005208                TEE_BigIntIsProbablePrime
                0x0000000000005290                TEE_BigIntInitFMM
                0x0000000000005294                __GP11_TEE_BigIntInitFMM
                0x000000000000529c                TEE_BigIntInitFMMContext
                0x00000000000052a0                __GP11_TEE_BigIntInitFMMContext
                0x00000000000052a8                TEE_BigIntInitFMMContext1
                0x00000000000052b0                TEE_BigIntFMMSizeInU32
                0x00000000000052c0                __GP11_TEE_BigIntFMMSizeInU32
                0x00000000000052d8                TEE_BigIntFMMContextSizeInU32
                0x00000000000052e0                __GP11_TEE_BigIntFMMContextSizeInU32
                0x00000000000052f8                TEE_BigIntConvertToFMM
                0x00000000000052fc                TEE_BigIntConvertFromFMM
                0x00000000000053d0                TEE_BigIntComputeFMM
 .text          0x000000000000551c      0x1fc /home/jeferson/optee/optee_os-rpi4/out/arm-plat-rpi4/export-ta_arm64/lib/libutee.a(tee_api_panic.o)
                0x0000000000005538                TEE_Panic
                0x0000000000005550                __utee_check_outbuf_annotation
                0x000000000000559c                __utee_check_gp11_outbuf_annotation
                0x00000000000055e8                __utee_check_instring_annotation
                0x0000000000005618                __utee_check_outstring_annotation
                0x0000000000005664                __utee_check_gp11_outstring_annotation
                0x00000000000056b0                __utee_check_out_annotation
                0x00000000000056d0                __utee_check_attr_in_annotation
                0x00000000000056f4                __utee_check_gp11_attr_in_annotation
                0x00000000000056f8                __utee_check_inout_annotation
 .text          0x0000000000005718      0xfc4 /home/jeferson/optee/optee_os-rpi4/out/arm-plat-rpi4/export-ta_arm64/lib/libutee.a(tee_api_property.o)
                0x0000000000005ae8                TEE_GetPropertyAsString
                0x0000000000005d40                __GP11_TEE_GetPropertyAsString
                0x0000000000005ddc                TEE_GetPropertyAsBool
                0x0000000000005eb4                TEE_GetPropertyAsU32
                0x0000000000005f9c                TEE_GetPropertyAsU64
                0x0000000000006084                __GP11_TEE_GetPropertyAsBinaryBlock
                0x000000000000616c                TEE_GetPropertyAsBinaryBlock
                0x0000000000006208                TEE_GetPropertyAsUUID
                0x00000000000062f0                TEE_GetPropertyAsIdentity
                0x00000000000063d8                TEE_ResetPropertyEnumerator
                0x00000000000063e4                TEE_AllocatePropertyEnumerator
                0x000000000000642c                TEE_FreePropertyEnumerator
                0x0000000000006430                TEE_StartPropertyEnumerator
                0x0000000000006440                __GP11_TEE_GetPropertyName
                0x0000000000006570                TEE_GetPropertyName
                0x00000000000065fc                TEE_GetNextProperty
 .text          0x00000000000066dc      0x2bc /home/jeferson/optee/optee_os-rpi4/out/arm-plat-rpi4/export-ta_arm64/lib/libutee.a(tee_system_pta.o)
                0x0000000000006760                tee_map_zi
                0x00000000000067f4                tee_unmap
                0x00000000000068b0                tee_invoke_supp_plugin
 .text          0x0000000000006998      0x34c /home/jeferson/optee/optee_os-rpi4/out/arm-plat-rpi4/export-ta_arm64/lib/libutee.a(tcb.o)
                0x0000000000006998                __utee_tcb_init
                0x0000000000006bd8                __tls_get_addr
                0x0000000000006bf4                dl_iterate_phdr
 .text          0x0000000000006ce4       0x58 /home/jeferson/optee/optee_os-rpi4/out/arm-plat-rpi4/export-ta_arm64/lib/libutee.a(assert.o)
                0x0000000000006ce4                _assert_log
                0x0000000000006d28                _assert_break
 .text          0x0000000000006d3c      0x250 /home/jeferson/optee/optee_os-rpi4/out/arm-plat-rpi4/export-ta_arm64/lib/libutee.a(base64.o)
                0x0000000000006d3c                _base64_enc_len
                0x0000000000006d54                _base64_enc
                0x0000000000006e68                _base64_dec
 .text          0x0000000000006f8c     0x4180 /home/jeferson/optee/optee_os-rpi4/out/arm-plat-rpi4/export-ta_arm64/lib/libmbedtls.a(bignum.o)
                0x0000000000007760                mbedtls_mpi_init
                0x0000000000007770                mbedtls_mpi_init_mempool
                0x0000000000007798                mbedtls_mpi_free
                0x0000000000007804                mbedtls_mpi_grow
                0x0000000000007958                mbedtls_mpi_shrink
                0x0000000000007a70                mbedtls_mpi_copy
                0x0000000000007b3c                mbedtls_mpi_swap
                0x0000000000007bc8                mbedtls_mpi_lset
                0x0000000000007c30                mbedtls_mpi_get_bit
                0x0000000000007c5c                mbedtls_mpi_set_bit
                0x0000000000007ce8                mbedtls_mpi_lsb
                0x0000000000007d3c                mbedtls_mpi_bitlen
                0x0000000000007d98                mbedtls_mpi_size
                0x0000000000007db4                mbedtls_mpi_read_binary_le
                0x0000000000007e2c                mbedtls_mpi_read_binary
                0x0000000000007eb0                mbedtls_mpi_write_binary_le
                0x0000000000007f68                mbedtls_mpi_write_binary
                0x000000000000802c                mbedtls_mpi_shift_l
                0x000000000000813c                mbedtls_mpi_shift_r
                0x00000000000081fc                mbedtls_mpi_cmp_abs
                0x0000000000008298                mbedtls_mpi_cmp_mpi
                0x0000000000008368                mbedtls_mpi_cmp_int
                0x00000000000083e0                mbedtls_mpi_add_abs
                0x0000000000008500                mbedtls_mpi_sub_abs
                0x000000000000865c                mbedtls_mpi_add_mpi
                0x00000000000086e4                mbedtls_mpi_sub_mpi
                0x0000000000008770                mbedtls_mpi_add_int
                0x00000000000087e8                mbedtls_mpi_sub_int
                0x0000000000008860                mbedtls_mpi_mul_mpi
                0x0000000000008a0c                mbedtls_mpi_mul_int
                0x0000000000008ab4                mbedtls_mpi_read_string
                0x0000000000008cc0                mbedtls_mpi_div_mpi
                0x00000000000091e0                mbedtls_mpi_div_int
                0x0000000000009258                mbedtls_mpi_mod_mpi
                0x000000000000930c                mbedtls_mpi_mod_int
                0x00000000000093a8                mbedtls_mpi_write_string
                0x00000000000096e0                mbedtls_mpi_montg_init
                0x00000000000096e8                mbedtls_mpi_montmul
                0x00000000000096ec                mbedtls_mpi_montred
                0x00000000000096f0                mbedtls_mpi_exp_mod
                0x0000000000009dc0                mbedtls_mpi_gcd
                0x0000000000009f98                mbedtls_mpi_fill_random
                0x000000000000a2a4                mbedtls_mpi_random
                0x000000000000a45c                mbedtls_mpi_inv_mod
                0x000000000000a8b4                mbedtls_mpi_is_prime_ext
                0x000000000000a990                mbedtls_mpi_is_prime
                0x000000000000a9a0                mbedtls_mpi_gen_prime
                0x000000000000acec                mbedtls_mpi_self_test
 .text          0x000000000000b10c      0x7c4 /home/jeferson/optee/optee_os-rpi4/out/arm-plat-rpi4/export-ta_arm64/lib/libmbedtls.a(constant_time.o)
                0x000000000000b12c                mbedtls_ct_memcmp
                0x000000000000b174                mbedtls_ct_uint_mask
                0x000000000000b184                mbedtls_ct_mpi_uint_mask
                0x000000000000b194                mbedtls_ct_size_bool_eq
                0x000000000000b1ac                mbedtls_ct_mpi_uint_lt
                0x000000000000b1c8                mbedtls_ct_uint_if
                0x000000000000b1f8                mbedtls_ct_mpi_uint_cond_assign
                0x000000000000b234                mbedtls_ct_base64_enc_char
                0x000000000000b2e8                mbedtls_ct_base64_dec_value
                0x000000000000b3a4                mbedtls_mpi_safe_cond_assign
                0x000000000000b460                mbedtls_mpi_safe_cond_swap
                0x000000000000b55c                mbedtls_mpi_lt_mpi_ct
                0x000000000000b654                mbedtls_ct_rsaes_pkcs1_v15_unpadding
 .text          0x000000000000b8d0       0x20 /home/jeferson/optee/optee_os-rpi4/out/arm-plat-rpi4/export-ta_arm64/lib/libmbedtls.a(platform_util.o)
                0x000000000000b8d0                mbedtls_platform_zeroize
 .text          0x000000000000b8f0      0xee0 /home/jeferson/optee/optee_os-rpi4/out/arm-plat-rpi4/export-ta_arm64/lib/libutils.a(bget_malloc.o)
                0x000000000000b960                bget
                0x000000000000bc40                bgetz
                0x000000000000bcc8                brel
                0x000000000000bf8c                bgetr
                0x000000000000c05c                bpool
                0x000000000000c12c                bstats
                0x000000000000c1c0                malloc_reset_stats
                0x000000000000c1d8                raw_memalign
                0x000000000000c25c                raw_malloc
                0x000000000000c26c                raw_free
                0x000000000000c27c                raw_calloc
                0x000000000000c2ec                raw_realloc
                0x000000000000c3e0                malloc
                0x000000000000c3f8                calloc
                0x000000000000c414                realloc
                0x000000000000c42c                memalign
                0x000000000000c448                aligned_alloc
                0x000000000000c460                free
                0x000000000000c470                free_wipe
                0x000000000000c480                raw_malloc_get_ctx_size
                0x000000000000c488                raw_malloc_init_ctx
                0x000000000000c4a4                raw_malloc_add_pool
                0x000000000000c578                raw_malloc_buffer_overlaps_heap
                0x000000000000c5f8                raw_malloc_buffer_is_within_alloced
                0x000000000000c748                raw_malloc_get_stats
                0x000000000000c784                malloc_get_stats
                0x000000000000c794                malloc_add_pool
                0x000000000000c7a8                malloc_buffer_is_within_alloced
                0x000000000000c7bc                malloc_buffer_overlaps_heap
 .text          0x000000000000c7d0      0x12c /home/jeferson/optee/optee_os-rpi4/out/arm-plat-rpi4/export-ta_arm64/lib/libutils.a(snprintf.o)
                0x000000000000c7d0                snprintf
                0x000000000000c8a4                vsnprintf
 .text          0x000000000000c8fc       0x5c /home/jeferson/optee/optee_os-rpi4/out/arm-plat-rpi4/export-ta_arm64/lib/libutils.a(memmove.o)
                0x000000000000c8fc                memmove
 .text          0x000000000000c958       0x1c /home/jeferson/optee/optee_os-rpi4/out/arm-plat-rpi4/export-ta_arm64/lib/libutils.a(memset.o)
                0x000000000000c958                memset
 .text          0x000000000000c974       0x24 /home/jeferson/optee/optee_os-rpi4/out/arm-plat-rpi4/export-ta_arm64/lib/libutils.a(strcmp.o)
                0x000000000000c974                strcmp
 .text          0x000000000000c998       0x38 /home/jeferson/optee/optee_os-rpi4/out/arm-plat-rpi4/export-ta_arm64/lib/libutils.a(strlcpy.o)
                0x000000000000c998                strlcpy
 .text          0x000000000000c9d0      0x190 /home/jeferson/optee/optee_os-rpi4/out/arm-plat-rpi4/export-ta_arm64/lib/libutils.a(mempool.o)
                0x000000000000c9d0                mempool_alloc_pool
                0x000000000000ca98                mempool_alloc
                0x000000000000cafc                mempool_calloc
                0x000000000000cb4c                mempool_free
 .text          0x000000000000cb60       0x70 /home/jeferson/optee/optee_os-rpi4/out/arm-plat-rpi4/export-ta_arm64/lib/libutils.a(consttime_memcmp.o)
                0x000000000000cb60                consttime_memcmp
 .text          0x000000000000cbd0        0x0 /home/jeferson/optee/optee_os-rpi4/out/arm-plat-rpi4/export-ta_arm64/lib/libutee.a(utee_syscalls_a64.o)
 .text          0x000000000000cbd0        0x0 /home/jeferson/optee/optee_os-rpi4/out/arm-plat-rpi4/export-ta_arm64/lib/libutee.a(abort.o)
 *(SORT_BY_ALIGNMENT(.stub))
 *(SORT_BY_ALIGNMENT(.glue_7))
 *(SORT_BY_ALIGNMENT(.glue_7t))
 *(SORT_BY_ALIGNMENT(.gnu.linkonce.t.*))
 *(SORT_BY_ALIGNMENT(.vfp11_veneer))
                0x000000000000cbd0                __text_end = .

.note.gnu.property
 *(SORT_BY_ALIGNMENT(.note.gnu.property))

.plt            0x000000000000cbd0        0x0
 *(SORT_BY_ALIGNMENT(.plt))
 .plt           0x000000000000cbd0        0x0 ./hi_world_ta.o

.eh_frame_hdr
 *(SORT_BY_ALIGNMENT(.eh_frame_hdr))
 *(SORT_BY_ALIGNMENT(.eh_frame_entry) SORT_BY_ALIGNMENT(.eh_frame_entry.*))

.eh_frame       0x000000000000cbd0     0x29ac
 *(SORT_BY_ALIGNMENT(.eh_frame))
 .eh_frame      0x000000000000cbd0       0xb8 ./hi_world_ta.o
 .eh_frame      0x000000000000cc88       0x58 ./user_ta_header.o
                                         0x68 (size before relaxing)
 .eh_frame      0x000000000000cce0       0xb8 /home/jeferson/optee/optee_os-rpi4/out/arm-plat-rpi4/export-ta_arm64/lib/libutils.a(trace.o)
                                         0xc8 (size before relaxing)
 .eh_frame      0x000000000000cd98       0x18 /home/jeferson/optee/optee_os-rpi4/out/arm-plat-rpi4/export-ta_arm64/lib/libutils.a(stack_check.o)
                                         0x30 (size before relaxing)
 .eh_frame      0x000000000000cdb0       0x18 /home/jeferson/optee/optee_os-rpi4/out/arm-plat-rpi4/export-ta_arm64/lib/libutils.a(memcpy.o)
                                         0x28 (size before relaxing)
 .eh_frame      0x000000000000cdc8       0xf0 /home/jeferson/optee/optee_os-rpi4/out/arm-plat-rpi4/export-ta_arm64/lib/libutils.a(snprintk.o)
                                        0x100 (size before relaxing)
 .eh_frame      0x000000000000ceb8       0x18 /home/jeferson/optee/optee_os-rpi4/out/arm-plat-rpi4/export-ta_arm64/lib/libutils.a(memchr.o)
                                         0x28 (size before relaxing)
 .eh_frame      0x000000000000ced0       0x18 /home/jeferson/optee/optee_os-rpi4/out/arm-plat-rpi4/export-ta_arm64/lib/libutils.a(strlen.o)
                                         0x28 (size before relaxing)
 .eh_frame      0x000000000000cee8       0xa8 /home/jeferson/optee/optee_os-rpi4/out/arm-plat-rpi4/export-ta_arm64/lib/libutee.a(trace_ext.o)
                                         0xc0 (size before relaxing)
 .eh_frame      0x000000000000cf90      0x150 /home/jeferson/optee/optee_os-rpi4/out/arm-plat-rpi4/export-ta_arm64/lib/libutee.a(user_ta_entry.o)
                                        0x160 (size before relaxing)
 .eh_frame      0x000000000000d0e0       0x80 /home/jeferson/optee/optee_os-rpi4/out/arm-plat-rpi4/export-ta_arm64/lib/libutee.a(user_ta_entry_compat.o)
                                         0x98 (size before relaxing)
 .eh_frame      0x000000000000d160       0x18 /home/jeferson/optee/optee_os-rpi4/out/arm-plat-rpi4/export-ta_arm64/lib/libutee.a(abort.o)
                                         0x30 (size before relaxing)
 .eh_frame      0x000000000000d178      0x588 /home/jeferson/optee/optee_os-rpi4/out/arm-plat-rpi4/export-ta_arm64/lib/libutee.a(tee_api.o)
                                        0x5a0 (size before relaxing)
 .eh_frame      0x000000000000d700      0x7d0 /home/jeferson/optee/optee_os-rpi4/out/arm-plat-rpi4/export-ta_arm64/lib/libutee.a(tee_api_arith_mpi.o)
                                        0x7e0 (size before relaxing)
 .eh_frame      0x000000000000ded0      0x178 /home/jeferson/optee/optee_os-rpi4/out/arm-plat-rpi4/export-ta_arm64/lib/libutee.a(tee_api_panic.o)
                                        0x188 (size before relaxing)
 .eh_frame      0x000000000000e048      0x310 /home/jeferson/optee/optee_os-rpi4/out/arm-plat-rpi4/export-ta_arm64/lib/libutee.a(tee_api_property.o)
                                        0x320 (size before relaxing)
 .eh_frame      0x000000000000e358       0xa8 /home/jeferson/optee/optee_os-rpi4/out/arm-plat-rpi4/export-ta_arm64/lib/libutee.a(tee_system_pta.o)
                                         0xc0 (size before relaxing)
 .eh_frame      0x000000000000e400       0x90 /home/jeferson/optee/optee_os-rpi4/out/arm-plat-rpi4/export-ta_arm64/lib/libutee.a(tcb.o)
                                         0xa0 (size before relaxing)
 .eh_frame      0x000000000000e490       0x38 /home/jeferson/optee/optee_os-rpi4/out/arm-plat-rpi4/export-ta_arm64/lib/libutee.a(assert.o)
                                         0x50 (size before relaxing)
 .eh_frame      0x000000000000e4c8       0x58 /home/jeferson/optee/optee_os-rpi4/out/arm-plat-rpi4/export-ta_arm64/lib/libutee.a(base64.o)
                                         0x70 (size before relaxing)
 .eh_frame      0x000000000000e520      0x988 /home/jeferson/optee/optee_os-rpi4/out/arm-plat-rpi4/export-ta_arm64/lib/libmbedtls.a(bignum.o)
                                        0x9a0 (size before relaxing)
 .eh_frame      0x000000000000eea8      0x1e8 /home/jeferson/optee/optee_os-rpi4/out/arm-plat-rpi4/export-ta_arm64/lib/libmbedtls.a(constant_time.o)
                                        0x1f8 (size before relaxing)
 .eh_frame      0x000000000000f090       0x18 /home/jeferson/optee/optee_os-rpi4/out/arm-plat-rpi4/export-ta_arm64/lib/libmbedtls.a(platform_util.o)
                                         0x28 (size before relaxing)
 .eh_frame      0x000000000000f0a8      0x378 /home/jeferson/optee/optee_os-rpi4/out/arm-plat-rpi4/export-ta_arm64/lib/libutils.a(bget_malloc.o)
                                        0x388 (size before relaxing)
 .eh_frame      0x000000000000f420       0x58 /home/jeferson/optee/optee_os-rpi4/out/arm-plat-rpi4/export-ta_arm64/lib/libutils.a(snprintf.o)
                                         0x68 (size before relaxing)
 .eh_frame      0x000000000000f478       0x18 /home/jeferson/optee/optee_os-rpi4/out/arm-plat-rpi4/export-ta_arm64/lib/libutils.a(memmove.o)
                                         0x28 (size before relaxing)
 .eh_frame      0x000000000000f490       0x18 /home/jeferson/optee/optee_os-rpi4/out/arm-plat-rpi4/export-ta_arm64/lib/libutils.a(memset.o)
                                         0x28 (size before relaxing)
 .eh_frame      0x000000000000f4a8       0x18 /home/jeferson/optee/optee_os-rpi4/out/arm-plat-rpi4/export-ta_arm64/lib/libutils.a(strcmp.o)
                                         0x28 (size before relaxing)
 .eh_frame      0x000000000000f4c0       0x18 /home/jeferson/optee/optee_os-rpi4/out/arm-plat-rpi4/export-ta_arm64/lib/libutils.a(strlcpy.o)
                                         0x28 (size before relaxing)
 .eh_frame      0x000000000000f4d8       0x88 /home/jeferson/optee/optee_os-rpi4/out/arm-plat-rpi4/export-ta_arm64/lib/libutils.a(mempool.o)
                                         0xa0 (size before relaxing)
 .eh_frame      0x000000000000f560       0x1c /home/jeferson/optee/optee_os-rpi4/out/arm-plat-rpi4/export-ta_arm64/lib/libutils.a(consttime_memcmp.o)
                                         0x30 (size before relaxing)
 *(SORT_BY_ALIGNMENT(.eh_frame.*))

.gcc_except_table
 *(SORT_BY_ALIGNMENT(.gcc_except_table) SORT_BY_ALIGNMENT(.gcc_except_table.*))

.rodata         0x000000000000f580     0x136d
 *(SORT_BY_ALIGNMENT(.gnu.linkonce.r.*))
 *(SORT_BY_ALIGNMENT(.rodata) SORT_BY_ALIGNMENT(.rodata.*))
 .rodata.user_ta_header.c
                0x000000000000f580       0x33 ./user_ta_header.o
                0x000000000000f580                ta_num_props
                0x000000000000f5a0                __ta_no_share_heap_size
                0x000000000000f5a8                ta_heap_size
                0x000000000000f5b0                trace_ext_prefix
 *fill*         0x000000000000f5b3        0x5 
 .rodata.lib/libutee/tee_api.c
                0x000000000000f5b8       0x20 /home/jeferson/optee/optee_os-rpi4/out/arm-plat-rpi4/export-ta_arm64/lib/libutee.a(tee_api.o)
 .rodata.lib/libutils/ext/snprintk.c
                0x000000000000f5d8       0xac /home/jeferson/optee/optee_os-rpi4/out/arm-plat-rpi4/export-ta_arm64/lib/libutils.a(snprintk.o)
 .rodata.lib/libutee/tee_api_property.c
                0x000000000000f684       0x20 /home/jeferson/optee/optee_os-rpi4/out/arm-plat-rpi4/export-ta_arm64/lib/libutee.a(tee_api_property.o)
 .rodata.lib/libutee/tee_system_pta.c
                0x000000000000f6a4       0x31 /home/jeferson/optee/optee_os-rpi4/out/arm-plat-rpi4/export-ta_arm64/lib/libutee.a(tee_system_pta.o)
 *fill*         0x000000000000f6d5        0x3 
 .rodata.lib/libutee/base64.c
                0x000000000000f6d8       0x45 /home/jeferson/optee/optee_os-rpi4/out/arm-plat-rpi4/export-ta_arm64/lib/libutee.a(base64.o)
 *fill*         0x000000000000f71d        0x3 
 .rodata.lib/libmbedtls/mbedtls/library/bignum.c
                0x000000000000f720      0x2c4 /home/jeferson/optee/optee_os-rpi4/out/arm-plat-rpi4/export-ta_arm64/lib/libmbedtls.a(bignum.o)
 .rodata.str1.1.hi_world_ta.c
                0x000000000000f9e4       0x6b ./hi_world_ta.o
 .rodata.hi_world_ta.c
                0x000000000000fa4f       0x77 ./hi_world_ta.o
 .rodata.str1.1.user_ta_header.c
                0x000000000000fac6      0x156 ./user_ta_header.o
 .rodata.str1.1.lib/libutils/ext/trace.c
                0x000000000000fc1c       0x1a /home/jeferson/optee/optee_os-rpi4/out/arm-plat-rpi4/export-ta_arm64/lib/libutils.a(trace.o)
                                         0x1b (size before relaxing)
 .rodata.lib/libutils/ext/trace.c
                0x000000000000fc36        0x5 /home/jeferson/optee/optee_os-rpi4/out/arm-plat-rpi4/export-ta_arm64/lib/libutils.a(trace.o)
 .rodata.str1.1.lib/libutils/isoc/stack_check.c
                0x000000000000fc3b       0x18 /home/jeferson/optee/optee_os-rpi4/out/arm-plat-rpi4/export-ta_arm64/lib/libutils.a(stack_check.o)
 .rodata.str1.1.lib/libutils/ext/snprintk.c
                0x000000000000fc53       0x38 /home/jeferson/optee/optee_os-rpi4/out/arm-plat-rpi4/export-ta_arm64/lib/libutils.a(snprintk.o)
 .rodata.str1.1.lib/libutee/trace_ext.c
                0x000000000000fc8b       0x38 /home/jeferson/optee/optee_os-rpi4/out/arm-plat-rpi4/export-ta_arm64/lib/libutee.a(trace_ext.o)
                                          0x2 (size before relaxing)
 .rodata.str1.1.lib/libutee/arch/arm/user_ta_entry.c
                0x000000000000fc8b       0x4f /home/jeferson/optee/optee_os-rpi4/out/arm-plat-rpi4/export-ta_arm64/lib/libutee.a(user_ta_entry.o)
 .rodata.lib/libutee/arch/arm/user_ta_entry.c
                0x000000000000fcda       0x16 /home/jeferson/optee/optee_os-rpi4/out/arm-plat-rpi4/export-ta_arm64/lib/libutee.a(user_ta_entry.o)
 .rodata.str1.1.lib/libutee/abort.c
                0x000000000000fcf0        0x7 /home/jeferson/optee/optee_os-rpi4/out/arm-plat-rpi4/export-ta_arm64/lib/libutee.a(abort.o)
 .rodata.str1.1.lib/libutee/tee_api.c
                0x000000000000fcf7       0x11 /home/jeferson/optee/optee_os-rpi4/out/arm-plat-rpi4/export-ta_arm64/lib/libutee.a(tee_api.o)
 .rodata.str1.1.lib/libutee/tee_api_arith_mpi.c
                0x000000000000fd08       0xc9 /home/jeferson/optee/optee_os-rpi4/out/arm-plat-rpi4/export-ta_arm64/lib/libutee.a(tee_api_arith_mpi.o)
 .rodata.lib/libutee/tee_api_arith_mpi.c
                0x000000000000fdd1      0x14e /home/jeferson/optee/optee_os-rpi4/out/arm-plat-rpi4/export-ta_arm64/lib/libutee.a(tee_api_arith_mpi.o)
 .rodata.str1.1.lib/libutee/tee_api_property.c
                0x000000000000ff1f       0x80 /home/jeferson/optee/optee_os-rpi4/out/arm-plat-rpi4/export-ta_arm64/lib/libutee.a(tee_api_property.o)
                                         0x88 (size before relaxing)
 .rodata.str1.1.lib/libutee/tee_system_pta.c
                0x000000000000ff9f       0x55 /home/jeferson/optee/optee_os-rpi4/out/arm-plat-rpi4/export-ta_arm64/lib/libutee.a(tee_system_pta.o)
 .rodata.str1.1.lib/libutee/arch/arm/tcb.c
                0x000000000000fff4       0x96 /home/jeferson/optee/optee_os-rpi4/out/arm-plat-rpi4/export-ta_arm64/lib/libutee.a(tcb.o)
 .rodata.lib/libutee/arch/arm/tcb.c
                0x000000000001008a       0x20 /home/jeferson/optee/optee_os-rpi4/out/arm-plat-rpi4/export-ta_arm64/lib/libutee.a(tcb.o)
 .rodata.str1.1.lib/libutee/assert.c
                0x00000000000100aa       0x27 /home/jeferson/optee/optee_os-rpi4/out/arm-plat-rpi4/export-ta_arm64/lib/libutee.a(assert.o)
 .rodata.str1.1.lib/libmbedtls/mbedtls/library/bignum.c
                0x00000000000100d1      0x456 /home/jeferson/optee/optee_os-rpi4/out/arm-plat-rpi4/export-ta_arm64/lib/libmbedtls.a(bignum.o)
                                        0x45d (size before relaxing)
 .rodata.str1.1.lib/libutils/isoc/bget_malloc.c
                0x0000000000010527      0x2b9 /home/jeferson/optee/optee_os-rpi4/out/arm-plat-rpi4/export-ta_arm64/lib/libutils.a(bget_malloc.o)
                                        0x2c2 (size before relaxing)
 .rodata.lib/libutils/isoc/bget_malloc.c
                0x00000000000107e0       0x58 /home/jeferson/optee/optee_os-rpi4/out/arm-plat-rpi4/export-ta_arm64/lib/libutils.a(bget_malloc.o)
 .rodata.str1.1.lib/libutils/ext/mempool.c
                0x0000000000010838       0x89 /home/jeferson/optee/optee_os-rpi4/out/arm-plat-rpi4/export-ta_arm64/lib/libutils.a(mempool.o)
 .rodata.lib/libutils/ext/mempool.c
                0x00000000000108c1       0x2c /home/jeferson/optee/optee_os-rpi4/out/arm-plat-rpi4/export-ta_arm64/lib/libutils.a(mempool.o)

.gnu.version_d  0x00000000000108f0        0x0
 .gnu.version_d
                0x00000000000108f0        0x0 ./hi_world_ta.o

.gnu.version    0x00000000000108ee        0x0
 .gnu.version   0x00000000000108ee        0x0 ./hi_world_ta.o

.gnu.version_r  0x00000000000108f0        0x0
 .gnu.version_r
                0x00000000000108f0        0x0 ./hi_world_ta.o

.gnu.hash       0x00000000000108f0       0x30
 .gnu.hash      0x00000000000108f0       0x30 ./hi_world_ta.o

.ARM.extab
 *(SORT_BY_ALIGNMENT(.ARM.extab*) SORT_BY_ALIGNMENT(.gnu.linkonce.armextab.*))
                [!provide]                        PROVIDE (__exidx_start = .)

.ARM.exidx
 *(SORT_BY_ALIGNMENT(.ARM.exidx*) SORT_BY_ALIGNMENT(.gnu.linkonce.armexidx.*))
                [!provide]                        PROVIDE (__exidx_end = .)

.ctors
 *(SORT_BY_ALIGNMENT(.ctors))

.dtors
 *(SORT_BY_ALIGNMENT(.dtors))

.dynsym         0x0000000000010920       0x90
 *(SORT_BY_ALIGNMENT(.dynsym))
 .dynsym        0x0000000000010920       0x90 ./hi_world_ta.o

.dynstr         0x00000000000109b0       0x2e
 *(SORT_BY_ALIGNMENT(.dynstr))
 .dynstr        0x00000000000109b0       0x2e ./hi_world_ta.o

.hash           0x00000000000109e0       0x2c
 *(SORT_BY_ALIGNMENT(.hash))
 .hash          0x00000000000109e0       0x2c ./hi_world_ta.o

.rela.dyn       0x0000000000010a10      0x348
 .rela.data.rel.ro
                0x0000000000010a10        0x0 ./hi_world_ta.o
 .rela.ifunc    0x0000000000010a10        0x0 ./hi_world_ta.o
 .rela.data.rel.ro.local
                0x0000000000010a10      0x2d0 ./hi_world_ta.o
 .rela.data.rel.local
                0x0000000000010ce0       0x60 ./hi_world_ta.o
 .rela.data.rel
                0x0000000000010d40       0x18 ./hi_world_ta.o
                0x0000000000011000                . = ALIGN (0x1000)

.dynamic        0x0000000000011000      0x110
 *(SORT_BY_ALIGNMENT(.dynamic))
 .dynamic       0x0000000000011000      0x110 ./hi_world_ta.o
                0x0000000000011000                _DYNAMIC

.tdata
 *(SORT_BY_ALIGNMENT(.tdata) SORT_BY_ALIGNMENT(.tdata.*) SORT_BY_ALIGNMENT(.gnu.linkonce.td.*))

.tbss
 *(SORT_BY_ALIGNMENT(.tbss) SORT_BY_ALIGNMENT(.tbss.*) SORT_BY_ALIGNMENT(.gnu.linkonce.tb.*))
 *(SORT_BY_ALIGNMENT(.tcommon))

.got            0x0000000000011110       0xd0
 *(SORT_BY_ALIGNMENT(.got.plt))
 .got.plt       0x0000000000011110       0x18 ./hi_world_ta.o
 *(SORT_BY_ALIGNMENT(.got))
 .got           0x0000000000011128       0xb8 ./hi_world_ta.o
                0x0000000000011128                _GLOBAL_OFFSET_TABLE_

.rel.text
 *(SORT_BY_ALIGNMENT(.rel.text))
 *(SORT_BY_ALIGNMENT(.rel.gnu.linkonce.t*))

.rela.text
 *(SORT_BY_ALIGNMENT(.rela.text))
 *(SORT_BY_ALIGNMENT(.rela.gnu.linkonce.t*))

.rel.data
 *(SORT_BY_ALIGNMENT(.rel.data))
 *(SORT_BY_ALIGNMENT(.rel.gnu.linkonce.d*))

.rela.data
 *(SORT_BY_ALIGNMENT(.rela.data))
 *(SORT_BY_ALIGNMENT(.rela.gnu.linkonce.d*))

.rel.tdata
 *(SORT_BY_ALIGNMENT(.rel.tdata) SORT_BY_ALIGNMENT(.rel.tdata.*) SORT_BY_ALIGNMENT(.rel.gnu.linkonce.td.*))

.rela.tdata
 *(SORT_BY_ALIGNMENT(.rela.tdata) SORT_BY_ALIGNMENT(.rela.tdata.*) SORT_BY_ALIGNMENT(.rela.gnu.linkonce.td.*))

.rel.tbss
 *(SORT_BY_ALIGNMENT(.rel.tbss) SORT_BY_ALIGNMENT(.rel.tbss.*) SORT_BY_ALIGNMENT(.rel.gnu.linkonce.tb.*))

.rela.tbss
 *(SORT_BY_ALIGNMENT(.rela.tbss) SORT_BY_ALIGNMENT(.rela.tbss.*) SORT_BY_ALIGNMENT(.rela.gnu.linkonce.tb.*))

.rel.rodata
 *(SORT_BY_ALIGNMENT(.rel.rodata))
 *(SORT_BY_ALIGNMENT(.rel.gnu.linkonce.r*))

.rela.rodata
 *(SORT_BY_ALIGNMENT(.rela.rodata))
 *(SORT_BY_ALIGNMENT(.rela.gnu.linkonce.r*))

.rel.dyn
 *(SORT_BY_ALIGNMENT(.rel.dyn))

.rel.got
 *(SORT_BY_ALIGNMENT(.rel.got))

.rela.got       0x00000000000111e0      0x210
 *(SORT_BY_ALIGNMENT(.rela.got))
 .rela.got      0x00000000000111e0      0x210 ./hi_world_ta.o

.rel.ctors
 *(SORT_BY_ALIGNMENT(.rel.ctors))

.rela.ctors
 *(SORT_BY_ALIGNMENT(.rela.ctors))

.rel.dtors
 *(SORT_BY_ALIGNMENT(.rel.dtors))

.rela.dtors
 *(SORT_BY_ALIGNMENT(.rela.dtors))

.rel.init
 *(SORT_BY_ALIGNMENT(.rel.init))

.rela.init
 *(SORT_BY_ALIGNMENT(.rela.init))

.rel.fini
 *(SORT_BY_ALIGNMENT(.rel.fini))

.rela.fini
 *(SORT_BY_ALIGNMENT(.rela.fini))

.rel.bss
 *(SORT_BY_ALIGNMENT(.rel.bss))

.rela.bss       0x00000000000113f0        0x0
 *(SORT_BY_ALIGNMENT(.rela.bss))
 .rela.bss      0x00000000000113f0        0x0 ./hi_world_ta.o

.rel.plt
 *(SORT_BY_ALIGNMENT(.rel.plt))

.rela.plt       0x00000000000113f0        0x0
 *(SORT_BY_ALIGNMENT(.rela.plt))
 .rela.plt      0x00000000000113f0        0x0 ./hi_world_ta.o

.data           0x00000000000113f0      0x21c
 *(SORT_BY_ALIGNMENT(.data) SORT_BY_ALIGNMENT(.data.*) SORT_BY_ALIGNMENT(.gnu.linkonce.d.*))
 .data.rel.ro.local
                0x00000000000113f0      0x108 ./user_ta_header.o
                0x00000000000113f0                ta_props
 .data          0x00000000000114f8        0x8 /home/jeferson/optee/optee_os-rpi4/out/arm-plat-rpi4/export-ta_arm64/lib/libutils.a(stack_check.o)
                0x00000000000114f8                __stack_chk_guard
 .data.rel.local
                0x0000000000011500       0x20 /home/jeferson/optee/optee_os-rpi4/out/arm-plat-rpi4/export-ta_arm64/lib/libutee.a(user_ta_entry.o)
 .data.rel.ro.local
                0x0000000000011520       0x60 /home/jeferson/optee/optee_os-rpi4/out/arm-plat-rpi4/export-ta_arm64/lib/libutee.a(tee_api_property.o)
                0x0000000000011520                tee_props
 .data.rel      0x0000000000011580        0x8 /home/jeferson/optee/optee_os-rpi4/out/arm-plat-rpi4/export-ta_arm64/lib/libmbedtls.a(platform_util.o)
 .data.rel.local
                0x0000000000011588       0x80 /home/jeferson/optee/optee_os-rpi4/out/arm-plat-rpi4/export-ta_arm64/lib/libutils.a(bget_malloc.o)
 .data          0x0000000000011608        0x4 ./user_ta_header.o
                0x0000000000011608                trace_level
 .data          0x000000000001160c        0x0 ./hi_world_ta.o
 .data.rel.ro   0x000000000001160c        0x0 ./hi_world_ta.o
 .data          0x000000000001160c        0x0 /home/jeferson/optee/optee_os-rpi4/out/arm-plat-rpi4/export-ta_arm64/lib/libutils.a(trace.o)
 .data          0x000000000001160c        0x0 /home/jeferson/optee/optee_os-rpi4/out/arm-plat-rpi4/export-ta_arm64/lib/libutils.a(memcpy.o)
 .data          0x000000000001160c        0x0 /home/jeferson/optee/optee_os-rpi4/out/arm-plat-rpi4/export-ta_arm64/lib/libutils.a(snprintk.o)
 .data          0x000000000001160c        0x0 /home/jeferson/optee/optee_os-rpi4/out/arm-plat-rpi4/export-ta_arm64/lib/libutils.a(memchr.o)
 .data          0x000000000001160c        0x0 /home/jeferson/optee/optee_os-rpi4/out/arm-plat-rpi4/export-ta_arm64/lib/libutils.a(strlen.o)
 .data          0x000000000001160c        0x0 /home/jeferson/optee/optee_os-rpi4/out/arm-plat-rpi4/export-ta_arm64/lib/libutee.a(trace_ext.o)
 .data          0x000000000001160c        0x0 /home/jeferson/optee/optee_os-rpi4/out/arm-plat-rpi4/export-ta_arm64/lib/libutee.a(utee_syscalls_a64.o)
 .data          0x000000000001160c        0x0 /home/jeferson/optee/optee_os-rpi4/out/arm-plat-rpi4/export-ta_arm64/lib/libutee.a(user_ta_entry.o)
 .data          0x000000000001160c        0x0 /home/jeferson/optee/optee_os-rpi4/out/arm-plat-rpi4/export-ta_arm64/lib/libutee.a(user_ta_entry_compat.o)
 .data          0x000000000001160c        0x0 /home/jeferson/optee/optee_os-rpi4/out/arm-plat-rpi4/export-ta_arm64/lib/libutee.a(abort.o)
 .data          0x000000000001160c        0x0 /home/jeferson/optee/optee_os-rpi4/out/arm-plat-rpi4/export-ta_arm64/lib/libutee.a(tee_api.o)
 .data          0x000000000001160c        0x0 /home/jeferson/optee/optee_os-rpi4/out/arm-plat-rpi4/export-ta_arm64/lib/libutee.a(tee_api_arith_mpi.o)
 .data          0x000000000001160c        0x0 /home/jeferson/optee/optee_os-rpi4/out/arm-plat-rpi4/export-ta_arm64/lib/libutee.a(tee_api_panic.o)
 .data          0x000000000001160c        0x0 /home/jeferson/optee/optee_os-rpi4/out/arm-plat-rpi4/export-ta_arm64/lib/libutee.a(tee_api_property.o)
 .data          0x000000000001160c        0x0 /home/jeferson/optee/optee_os-rpi4/out/arm-plat-rpi4/export-ta_arm64/lib/libutee.a(tee_system_pta.o)
 .data          0x000000000001160c        0x0 /home/jeferson/optee/optee_os-rpi4/out/arm-plat-rpi4/export-ta_arm64/lib/libutee.a(tcb.o)
 .data          0x000000000001160c        0x0 /home/jeferson/optee/optee_os-rpi4/out/arm-plat-rpi4/export-ta_arm64/lib/libutee.a(assert.o)
 .data          0x000000000001160c        0x0 /home/jeferson/optee/optee_os-rpi4/out/arm-plat-rpi4/export-ta_arm64/lib/libutee.a(base64.o)
 .data          0x000000000001160c        0x0 /home/jeferson/optee/optee_os-rpi4/out/arm-plat-rpi4/export-ta_arm64/lib/libmbedtls.a(bignum.o)
 .data          0x000000000001160c        0x0 /home/jeferson/optee/optee_os-rpi4/out/arm-plat-rpi4/export-ta_arm64/lib/libmbedtls.a(constant_time.o)
 .data          0x000000000001160c        0x0 /home/jeferson/optee/optee_os-rpi4/out/arm-plat-rpi4/export-ta_arm64/lib/libmbedtls.a(platform_util.o)
 .data          0x000000000001160c        0x0 /home/jeferson/optee/optee_os-rpi4/out/arm-plat-rpi4/export-ta_arm64/lib/libutils.a(bget_malloc.o)
 .data          0x000000000001160c        0x0 /home/jeferson/optee/optee_os-rpi4/out/arm-plat-rpi4/export-ta_arm64/lib/libutils.a(snprintf.o)
 .data          0x000000000001160c        0x0 /home/jeferson/optee/optee_os-rpi4/out/arm-plat-rpi4/export-ta_arm64/lib/libutils.a(memmove.o)
 .data          0x000000000001160c        0x0 /home/jeferson/optee/optee_os-rpi4/out/arm-plat-rpi4/export-ta_arm64/lib/libutils.a(memset.o)
 .data          0x000000000001160c        0x0 /home/jeferson/optee/optee_os-rpi4/out/arm-plat-rpi4/export-ta_arm64/lib/libutils.a(strcmp.o)
 .data          0x000000000001160c        0x0 /home/jeferson/optee/optee_os-rpi4/out/arm-plat-rpi4/export-ta_arm64/lib/libutils.a(strlcpy.o)
 .data          0x000000000001160c        0x0 /home/jeferson/optee/optee_os-rpi4/out/arm-plat-rpi4/export-ta_arm64/lib/libutils.a(mempool.o)
 .data          0x000000000001160c        0x0 /home/jeferson/optee/optee_os-rpi4/out/arm-plat-rpi4/export-ta_arm64/lib/libutils.a(consttime_memcmp.o)

.bss            0x0000000000011610     0xb8a0
 *(SORT_BY_ALIGNMENT(.bss) SORT_BY_ALIGNMENT(.bss.*) SORT_BY_ALIGNMENT(.gnu.linkonce.b.*) SORT_BY_ALIGNMENT(COMMON))
 .bss           0x0000000000011610       0x6c /home/jeferson/optee/optee_os-rpi4/out/arm-plat-rpi4/export-ta_arm64/lib/libutee.a(user_ta_entry.o)
                0x0000000000011620                __elf_phdr_info
                0x0000000000011630                __ta_no_share_malloc_ctx
                0x0000000000011638                ta_params
                0x0000000000011678                ta_param_types
 *fill*         0x000000000001167c        0x4 
 .bss           0x0000000000011680       0x10 /home/jeferson/optee/optee_os-rpi4/out/arm-plat-rpi4/export-ta_arm64/lib/libutee.a(tee_api.o)
 .bss           0x0000000000011690     0x3800 /home/jeferson/optee/optee_os-rpi4/out/arm-plat-rpi4/export-ta_arm64/lib/libutee.a(tee_api_arith_mpi.o)
 .bss           0x0000000000014e90        0x8 /home/jeferson/optee/optee_os-rpi4/out/arm-plat-rpi4/export-ta_arm64/lib/libutee.a(tee_system_pta.o)
 .bss           0x0000000000014e98       0x10 /home/jeferson/optee/optee_os-rpi4/out/arm-plat-rpi4/export-ta_arm64/lib/libutee.a(tcb.o)
 .bss           0x0000000000014ea8        0x8 /home/jeferson/optee/optee_os-rpi4/out/arm-plat-rpi4/export-ta_arm64/lib/libmbedtls.a(bignum.o)
                0x0000000000014ea8                mbedtls_mpi_mempool
 .bss           0x0000000000014eb0        0x0 ./hi_world_ta.o
 .bss           0x0000000000014eb0     0x8000 ./user_ta_header.o
                0x0000000000014eb0                ta_heap
                0x0000000000014eb0                __ta_no_share_heap
 .bss           0x000000000001ceb0        0x0 /home/jeferson/optee/optee_os-rpi4/out/arm-plat-rpi4/export-ta_arm64/lib/libutils.a(trace.o)
 .bss           0x000000000001ceb0        0x0 /home/jeferson/optee/optee_os-rpi4/out/arm-plat-rpi4/export-ta_arm64/lib/libutils.a(stack_check.o)
 .bss           0x000000000001ceb0        0x0 /home/jeferson/optee/optee_os-rpi4/out/arm-plat-rpi4/export-ta_arm64/lib/libutils.a(memcpy.o)
 .bss           0x000000000001ceb0        0x0 /home/jeferson/optee/optee_os-rpi4/out/arm-plat-rpi4/export-ta_arm64/lib/libutils.a(snprintk.o)
 .bss           0x000000000001ceb0        0x0 /home/jeferson/optee/optee_os-rpi4/out/arm-plat-rpi4/export-ta_arm64/lib/libutils.a(memchr.o)
 .bss           0x000000000001ceb0        0x0 /home/jeferson/optee/optee_os-rpi4/out/arm-plat-rpi4/export-ta_arm64/lib/libutils.a(strlen.o)
 .bss           0x000000000001ceb0        0x0 /home/jeferson/optee/optee_os-rpi4/out/arm-plat-rpi4/export-ta_arm64/lib/libutee.a(trace_ext.o)
 .bss           0x000000000001ceb0        0x0 /home/jeferson/optee/optee_os-rpi4/out/arm-plat-rpi4/export-ta_arm64/lib/libutee.a(utee_syscalls_a64.o)
 .bss           0x000000000001ceb0        0x0 /home/jeferson/optee/optee_os-rpi4/out/arm-plat-rpi4/export-ta_arm64/lib/libutee.a(user_ta_entry_compat.o)
 .bss           0x000000000001ceb0        0x0 /home/jeferson/optee/optee_os-rpi4/out/arm-plat-rpi4/export-ta_arm64/lib/libutee.a(abort.o)
 .bss           0x000000000001ceb0        0x0 /home/jeferson/optee/optee_os-rpi4/out/arm-plat-rpi4/export-ta_arm64/lib/libutee.a(tee_api_panic.o)
 .bss           0x000000000001ceb0        0x0 /home/jeferson/optee/optee_os-rpi4/out/arm-plat-rpi4/export-ta_arm64/lib/libutee.a(tee_api_property.o)
 .bss           0x000000000001ceb0        0x0 /home/jeferson/optee/optee_os-rpi4/out/arm-plat-rpi4/export-ta_arm64/lib/libutee.a(assert.o)
 .bss           0x000000000001ceb0        0x0 /home/jeferson/optee/optee_os-rpi4/out/arm-plat-rpi4/export-ta_arm64/lib/libutee.a(base64.o)
 .bss           0x000000000001ceb0        0x0 /home/jeferson/optee/optee_os-rpi4/out/arm-plat-rpi4/export-ta_arm64/lib/libmbedtls.a(constant_time.o)
 .bss           0x000000000001ceb0        0x0 /home/jeferson/optee/optee_os-rpi4/out/arm-plat-rpi4/export-ta_arm64/lib/libmbedtls.a(platform_util.o)
 .bss           0x000000000001ceb0        0x0 /home/jeferson/optee/optee_os-rpi4/out/arm-plat-rpi4/export-ta_arm64/lib/libutils.a(bget_malloc.o)
 .bss           0x000000000001ceb0        0x0 /home/jeferson/optee/optee_os-rpi4/out/arm-plat-rpi4/export-ta_arm64/lib/libutils.a(snprintf.o)
 .bss           0x000000000001ceb0        0x0 /home/jeferson/optee/optee_os-rpi4/out/arm-plat-rpi4/export-ta_arm64/lib/libutils.a(memmove.o)
 .bss           0x000000000001ceb0        0x0 /home/jeferson/optee/optee_os-rpi4/out/arm-plat-rpi4/export-ta_arm64/lib/libutils.a(memset.o)
 .bss           0x000000000001ceb0        0x0 /home/jeferson/optee/optee_os-rpi4/out/arm-plat-rpi4/export-ta_arm64/lib/libutils.a(strcmp.o)
 .bss           0x000000000001ceb0        0x0 /home/jeferson/optee/optee_os-rpi4/out/arm-plat-rpi4/export-ta_arm64/lib/libutils.a(strlcpy.o)
 .bss           0x000000000001ceb0        0x0 /home/jeferson/optee/optee_os-rpi4/out/arm-plat-rpi4/export-ta_arm64/lib/libutils.a(mempool.o)
 .bss           0x000000000001ceb0        0x0 /home/jeferson/optee/optee_os-rpi4/out/arm-plat-rpi4/export-ta_arm64/lib/libutils.a(consttime_memcmp.o)
                0x000000000001ceb0                . = ALIGN (0x8)
                0x000000000001ceb0                __ftrace_buf_start = .
                0x000000000001ceb0                . = (. + DEFINED (_mcount)?0x800:0x0)
                0x000000000001ceb0                __ftrace_buf_end = .

.dynbss         0x000000000001ceb0        0x0
 .dynbss        0x000000000001ceb0        0x0 ./hi_world_ta.o

/DISCARD/
 *(SORT_BY_ALIGNMENT(.interp))
LOAD ./hi_world_ta.o
LOAD ./user_ta_header.o
START GROUP
LOAD /home/jeferson/optee/optee_os-rpi4/out/arm-plat-rpi4/export-ta_arm64/lib/libutils.a
LOAD /home/jeferson/optee/optee_os-rpi4/out/arm-plat-rpi4/export-ta_arm64/lib/libutee.a
LOAD /home/jeferson/optee/optee_os-rpi4/out/arm-plat-rpi4/export-ta_arm64/lib/libmbedtls.a
LOAD /home/jeferson/optee/optee_os-rpi4/out/arm-plat-rpi4/export-ta_arm64/lib/libdl.a
END GROUP
LOAD /home/jeferson/optee/buildroot/output/host/lib/gcc/aarch64-buildroot-linux-gnu/11.3.0/libgcc.a
LOAD /home/jeferson/optee/optee_os-rpi4/out/arm-plat-rpi4/export-ta_arm64/lib/libutils.a
OUTPUT(4d9106cd-385f-48ee-b7f1-89f83b27e15c.elf elf64-littleaarch64)
LOAD linker stubs

.debug_info     0x0000000000000000    0x19b0f
 .debug_info    0x0000000000000000      0x6b8 ./hi_world_ta.o
 .debug_info    0x00000000000006b8      0x78f ./user_ta_header.o
 .debug_info    0x0000000000000e47      0x6ec /home/jeferson/optee/optee_os-rpi4/out/arm-plat-rpi4/export-ta_arm64/lib/libutils.a(trace.o)
 .debug_info    0x0000000000001533      0x146 /home/jeferson/optee/optee_os-rpi4/out/arm-plat-rpi4/export-ta_arm64/lib/libutils.a(stack_check.o)
 .debug_info    0x0000000000001679      0x130 /home/jeferson/optee/optee_os-rpi4/out/arm-plat-rpi4/export-ta_arm64/lib/libutils.a(memcpy.o)
 .debug_info    0x00000000000017a9      0x961 /home/jeferson/optee/optee_os-rpi4/out/arm-plat-rpi4/export-ta_arm64/lib/libutils.a(snprintk.o)
 .debug_info    0x000000000000210a       0xff /home/jeferson/optee/optee_os-rpi4/out/arm-plat-rpi4/export-ta_arm64/lib/libutils.a(memchr.o)
 .debug_info    0x0000000000002209       0xbf /home/jeferson/optee/optee_os-rpi4/out/arm-plat-rpi4/export-ta_arm64/lib/libutils.a(strlen.o)
 .debug_info    0x00000000000022c8      0x3d8 /home/jeferson/optee/optee_os-rpi4/out/arm-plat-rpi4/export-ta_arm64/lib/libutee.a(trace_ext.o)
 .debug_info    0x00000000000026a0       0x23 /home/jeferson/optee/optee_os-rpi4/out/arm-plat-rpi4/export-ta_arm64/lib/libutee.a(utee_syscalls_a64.o)
 .debug_info    0x00000000000026c3     0x16ba /home/jeferson/optee/optee_os-rpi4/out/arm-plat-rpi4/export-ta_arm64/lib/libutee.a(user_ta_entry.o)
 .debug_info    0x0000000000003d7d      0x4d2 /home/jeferson/optee/optee_os-rpi4/out/arm-plat-rpi4/export-ta_arm64/lib/libutee.a(user_ta_entry_compat.o)
 .debug_info    0x000000000000424f       0xf1 /home/jeferson/optee/optee_os-rpi4/out/arm-plat-rpi4/export-ta_arm64/lib/libutee.a(abort.o)
 .debug_info    0x0000000000004340     0x2775 /home/jeferson/optee/optee_os-rpi4/out/arm-plat-rpi4/export-ta_arm64/lib/libutee.a(tee_api.o)
 .debug_info    0x0000000000006ab5     0x51a9 /home/jeferson/optee/optee_os-rpi4/out/arm-plat-rpi4/export-ta_arm64/lib/libutee.a(tee_api_arith_mpi.o)
 .debug_info    0x000000000000bc5e      0xa4c /home/jeferson/optee/optee_os-rpi4/out/arm-plat-rpi4/export-ta_arm64/lib/libutee.a(tee_api_panic.o)
 .debug_info    0x000000000000c6aa     0x1940 /home/jeferson/optee/optee_os-rpi4/out/arm-plat-rpi4/export-ta_arm64/lib/libutee.a(tee_api_property.o)
 .debug_info    0x000000000000dfea      0x785 /home/jeferson/optee/optee_os-rpi4/out/arm-plat-rpi4/export-ta_arm64/lib/libutee.a(tee_system_pta.o)
 .debug_info    0x000000000000e76f      0x8af /home/jeferson/optee/optee_os-rpi4/out/arm-plat-rpi4/export-ta_arm64/lib/libutee.a(tcb.o)
 .debug_info    0x000000000000f01e      0x1b7 /home/jeferson/optee/optee_os-rpi4/out/arm-plat-rpi4/export-ta_arm64/lib/libutee.a(assert.o)
 .debug_info    0x000000000000f1d5      0x339 /home/jeferson/optee/optee_os-rpi4/out/arm-plat-rpi4/export-ta_arm64/lib/libutee.a(base64.o)
 .debug_info    0x000000000000f50e     0x5e66 /home/jeferson/optee/optee_os-rpi4/out/arm-plat-rpi4/export-ta_arm64/lib/libmbedtls.a(bignum.o)
 .debug_info    0x0000000000015374     0x100f /home/jeferson/optee/optee_os-rpi4/out/arm-plat-rpi4/export-ta_arm64/lib/libmbedtls.a(constant_time.o)
 .debug_info    0x0000000000016383      0x14b /home/jeferson/optee/optee_os-rpi4/out/arm-plat-rpi4/export-ta_arm64/lib/libmbedtls.a(platform_util.o)
 .debug_info    0x00000000000164ce     0x2797 /home/jeferson/optee/optee_os-rpi4/out/arm-plat-rpi4/export-ta_arm64/lib/libutils.a(bget_malloc.o)
 .debug_info    0x0000000000018c65      0x2a0 /home/jeferson/optee/optee_os-rpi4/out/arm-plat-rpi4/export-ta_arm64/lib/libutils.a(snprintf.o)
 .debug_info    0x0000000000018f05       0xfb /home/jeferson/optee/optee_os-rpi4/out/arm-plat-rpi4/export-ta_arm64/lib/libutils.a(memmove.o)
 .debug_info    0x0000000000019000       0xd3 /home/jeferson/optee/optee_os-rpi4/out/arm-plat-rpi4/export-ta_arm64/lib/libutils.a(memset.o)
 .debug_info    0x00000000000190d3       0xb4 /home/jeferson/optee/optee_os-rpi4/out/arm-plat-rpi4/export-ta_arm64/lib/libutils.a(strcmp.o)
 .debug_info    0x0000000000019187      0x123 /home/jeferson/optee/optee_os-rpi4/out/arm-plat-rpi4/export-ta_arm64/lib/libutils.a(strlcpy.o)
 .debug_info    0x00000000000192aa      0x733 /home/jeferson/optee/optee_os-rpi4/out/arm-plat-rpi4/export-ta_arm64/lib/libutils.a(mempool.o)
 .debug_info    0x00000000000199dd      0x132 /home/jeferson/optee/optee_os-rpi4/out/arm-plat-rpi4/export-ta_arm64/lib/libutils.a(consttime_memcmp.o)

.debug_abbrev   0x0000000000000000     0x4454
 .debug_abbrev  0x0000000000000000      0x220 ./hi_world_ta.o
 .debug_abbrev  0x0000000000000220      0x280 ./user_ta_header.o
 .debug_abbrev  0x00000000000004a0      0x2bf /home/jeferson/optee/optee_os-rpi4/out/arm-plat-rpi4/export-ta_arm64/lib/libutils.a(trace.o)
 .debug_abbrev  0x000000000000075f       0xb1 /home/jeferson/optee/optee_os-rpi4/out/arm-plat-rpi4/export-ta_arm64/lib/libutils.a(stack_check.o)
 .debug_abbrev  0x0000000000000810       0xbb /home/jeferson/optee/optee_os-rpi4/out/arm-plat-rpi4/export-ta_arm64/lib/libutils.a(memcpy.o)
 .debug_abbrev  0x00000000000008cb      0x300 /home/jeferson/optee/optee_os-rpi4/out/arm-plat-rpi4/export-ta_arm64/lib/libutils.a(snprintk.o)
 .debug_abbrev  0x0000000000000bcb       0xb4 /home/jeferson/optee/optee_os-rpi4/out/arm-plat-rpi4/export-ta_arm64/lib/libutils.a(memchr.o)
 .debug_abbrev  0x0000000000000c7f       0x85 /home/jeferson/optee/optee_os-rpi4/out/arm-plat-rpi4/export-ta_arm64/lib/libutils.a(strlen.o)
 .debug_abbrev  0x0000000000000d04      0x1c4 /home/jeferson/optee/optee_os-rpi4/out/arm-plat-rpi4/export-ta_arm64/lib/libutee.a(trace_ext.o)
 .debug_abbrev  0x0000000000000ec8       0x12 /home/jeferson/optee/optee_os-rpi4/out/arm-plat-rpi4/export-ta_arm64/lib/libutee.a(utee_syscalls_a64.o)
 .debug_abbrev  0x0000000000000eda      0x5aa /home/jeferson/optee/optee_os-rpi4/out/arm-plat-rpi4/export-ta_arm64/lib/libutee.a(user_ta_entry.o)
 .debug_abbrev  0x0000000000001484      0x1a4 /home/jeferson/optee/optee_os-rpi4/out/arm-plat-rpi4/export-ta_arm64/lib/libutee.a(user_ta_entry_compat.o)
 .debug_abbrev  0x0000000000001628       0x94 /home/jeferson/optee/optee_os-rpi4/out/arm-plat-rpi4/export-ta_arm64/lib/libutee.a(abort.o)
 .debug_abbrev  0x00000000000016bc      0x55a /home/jeferson/optee/optee_os-rpi4/out/arm-plat-rpi4/export-ta_arm64/lib/libutee.a(tee_api.o)
 .debug_abbrev  0x0000000000001c16      0x530 /home/jeferson/optee/optee_os-rpi4/out/arm-plat-rpi4/export-ta_arm64/lib/libutee.a(tee_api_arith_mpi.o)
 .debug_abbrev  0x0000000000002146      0x21c /home/jeferson/optee/optee_os-rpi4/out/arm-plat-rpi4/export-ta_arm64/lib/libutee.a(tee_api_panic.o)
 .debug_abbrev  0x0000000000002362      0x343 /home/jeferson/optee/optee_os-rpi4/out/arm-plat-rpi4/export-ta_arm64/lib/libutee.a(tee_api_property.o)
 .debug_abbrev  0x00000000000026a5      0x283 /home/jeferson/optee/optee_os-rpi4/out/arm-plat-rpi4/export-ta_arm64/lib/libutee.a(tee_system_pta.o)
 .debug_abbrev  0x0000000000002928      0x2cf /home/jeferson/optee/optee_os-rpi4/out/arm-plat-rpi4/export-ta_arm64/lib/libutee.a(tcb.o)
 .debug_abbrev  0x0000000000002bf7       0xbc /home/jeferson/optee/optee_os-rpi4/out/arm-plat-rpi4/export-ta_arm64/lib/libutee.a(assert.o)
 .debug_abbrev  0x0000000000002cb3      0x1a4 /home/jeferson/optee/optee_os-rpi4/out/arm-plat-rpi4/export-ta_arm64/lib/libutee.a(base64.o)
 .debug_abbrev  0x0000000000002e57      0x5ed /home/jeferson/optee/optee_os-rpi4/out/arm-plat-rpi4/export-ta_arm64/lib/libmbedtls.a(bignum.o)
 .debug_abbrev  0x0000000000003444      0x390 /home/jeferson/optee/optee_os-rpi4/out/arm-plat-rpi4/export-ta_arm64/lib/libmbedtls.a(constant_time.o)
 .debug_abbrev  0x00000000000037d4       0xd4 /home/jeferson/optee/optee_os-rpi4/out/arm-plat-rpi4/export-ta_arm64/lib/libmbedtls.a(platform_util.o)
 .debug_abbrev  0x00000000000038a8      0x48f /home/jeferson/optee/optee_os-rpi4/out/arm-plat-rpi4/export-ta_arm64/lib/libutils.a(bget_malloc.o)
 .debug_abbrev  0x0000000000003d37      0x155 /home/jeferson/optee/optee_os-rpi4/out/arm-plat-rpi4/export-ta_arm64/lib/libutils.a(snprintf.o)
 .debug_abbrev  0x0000000000003e8c       0xa6 /home/jeferson/optee/optee_os-rpi4/out/arm-plat-rpi4/export-ta_arm64/lib/libutils.a(memmove.o)
 .debug_abbrev  0x0000000000003f32       0xa3 /home/jeferson/optee/optee_os-rpi4/out/arm-plat-rpi4/export-ta_arm64/lib/libutils.a(memset.o)
 .debug_abbrev  0x0000000000003fd5       0x6f /home/jeferson/optee/optee_os-rpi4/out/arm-plat-rpi4/export-ta_arm64/lib/libutils.a(strcmp.o)
 .debug_abbrev  0x0000000000004044       0xa5 /home/jeferson/optee/optee_os-rpi4/out/arm-plat-rpi4/export-ta_arm64/lib/libutils.a(strlcpy.o)
 .debug_abbrev  0x00000000000040e9      0x2a9 /home/jeferson/optee/optee_os-rpi4/out/arm-plat-rpi4/export-ta_arm64/lib/libutils.a(mempool.o)
 .debug_abbrev  0x0000000000004392       0xc2 /home/jeferson/optee/optee_os-rpi4/out/arm-plat-rpi4/export-ta_arm64/lib/libutils.a(consttime_memcmp.o)

.debug_loclists
                0x0000000000000000     0xee61
 .debug_loclists
                0x0000000000000000      0x1f3 ./hi_world_ta.o
 .debug_loclists
                0x00000000000001f3      0x151 ./user_ta_header.o
 .debug_loclists
                0x0000000000000344      0x2a5 /home/jeferson/optee/optee_os-rpi4/out/arm-plat-rpi4/export-ta_arm64/lib/libutils.a(trace.o)
 .debug_loclists
                0x00000000000005e9      0x2e5 /home/jeferson/optee/optee_os-rpi4/out/arm-plat-rpi4/export-ta_arm64/lib/libutils.a(memcpy.o)
 .debug_loclists
                0x00000000000008ce     0x16ab /home/jeferson/optee/optee_os-rpi4/out/arm-plat-rpi4/export-ta_arm64/lib/libutils.a(snprintk.o)
 .debug_loclists
                0x0000000000001f79       0x65 /home/jeferson/optee/optee_os-rpi4/out/arm-plat-rpi4/export-ta_arm64/lib/libutils.a(memchr.o)
 .debug_loclists
                0x0000000000001fde       0x34 /home/jeferson/optee/optee_os-rpi4/out/arm-plat-rpi4/export-ta_arm64/lib/libutils.a(strlen.o)
 .debug_loclists
                0x0000000000002012       0xae /home/jeferson/optee/optee_os-rpi4/out/arm-plat-rpi4/export-ta_arm64/lib/libutee.a(trace_ext.o)
 .debug_loclists
                0x00000000000020c0      0x614 /home/jeferson/optee/optee_os-rpi4/out/arm-plat-rpi4/export-ta_arm64/lib/libutee.a(user_ta_entry.o)
 .debug_loclists
                0x00000000000026d4      0x1cb /home/jeferson/optee/optee_os-rpi4/out/arm-plat-rpi4/export-ta_arm64/lib/libutee.a(user_ta_entry_compat.o)
 .debug_loclists
                0x000000000000289f     0x1210 /home/jeferson/optee/optee_os-rpi4/out/arm-plat-rpi4/export-ta_arm64/lib/libutee.a(tee_api.o)
 .debug_loclists
                0x0000000000003aaf     0x1f1c /home/jeferson/optee/optee_os-rpi4/out/arm-plat-rpi4/export-ta_arm64/lib/libutee.a(tee_api_arith_mpi.o)
 .debug_loclists
                0x00000000000059cb      0x533 /home/jeferson/optee/optee_os-rpi4/out/arm-plat-rpi4/export-ta_arm64/lib/libutee.a(tee_api_panic.o)
 .debug_loclists
                0x0000000000005efe      0xb90 /home/jeferson/optee/optee_os-rpi4/out/arm-plat-rpi4/export-ta_arm64/lib/libutee.a(tee_api_property.o)
 .debug_loclists
                0x0000000000006a8e      0x321 /home/jeferson/optee/optee_os-rpi4/out/arm-plat-rpi4/export-ta_arm64/lib/libutee.a(tee_system_pta.o)
 .debug_loclists
                0x0000000000006daf      0x29d /home/jeferson/optee/optee_os-rpi4/out/arm-plat-rpi4/export-ta_arm64/lib/libutee.a(tcb.o)
 .debug_loclists
                0x000000000000704c       0x71 /home/jeferson/optee/optee_os-rpi4/out/arm-plat-rpi4/export-ta_arm64/lib/libutee.a(assert.o)
 .debug_loclists
                0x00000000000070bd      0x2e3 /home/jeferson/optee/optee_os-rpi4/out/arm-plat-rpi4/export-ta_arm64/lib/libutee.a(base64.o)
 .debug_loclists
                0x00000000000073a0     0x495d /home/jeferson/optee/optee_os-rpi4/out/arm-plat-rpi4/export-ta_arm64/lib/libmbedtls.a(bignum.o)
 .debug_loclists
                0x000000000000bcfd      0xd02 /home/jeferson/optee/optee_os-rpi4/out/arm-plat-rpi4/export-ta_arm64/lib/libmbedtls.a(constant_time.o)
 .debug_loclists
                0x000000000000c9ff       0x45 /home/jeferson/optee/optee_os-rpi4/out/arm-plat-rpi4/export-ta_arm64/lib/libmbedtls.a(platform_util.o)
 .debug_loclists
                0x000000000000ca44     0x1d1f /home/jeferson/optee/optee_os-rpi4/out/arm-plat-rpi4/export-ta_arm64/lib/libutils.a(bget_malloc.o)
 .debug_loclists
                0x000000000000e763       0xd0 /home/jeferson/optee/optee_os-rpi4/out/arm-plat-rpi4/export-ta_arm64/lib/libutils.a(snprintf.o)
 .debug_loclists
                0x000000000000e833      0x179 /home/jeferson/optee/optee_os-rpi4/out/arm-plat-rpi4/export-ta_arm64/lib/libutils.a(memmove.o)
 .debug_loclists
                0x000000000000e9ac       0x67 /home/jeferson/optee/optee_os-rpi4/out/arm-plat-rpi4/export-ta_arm64/lib/libutils.a(memset.o)
 .debug_loclists
                0x000000000000ea13       0x50 /home/jeferson/optee/optee_os-rpi4/out/arm-plat-rpi4/export-ta_arm64/lib/libutils.a(strcmp.o)
 .debug_loclists
                0x000000000000ea63       0x9e /home/jeferson/optee/optee_os-rpi4/out/arm-plat-rpi4/export-ta_arm64/lib/libutils.a(strlcpy.o)
 .debug_loclists
                0x000000000000eb01      0x295 /home/jeferson/optee/optee_os-rpi4/out/arm-plat-rpi4/export-ta_arm64/lib/libutils.a(mempool.o)
 .debug_loclists
                0x000000000000ed96       0xcb /home/jeferson/optee/optee_os-rpi4/out/arm-plat-rpi4/export-ta_arm64/lib/libutils.a(consttime_memcmp.o)

.debug_aranges  0x0000000000000000      0x980
 .debug_aranges
                0x0000000000000000       0x30 ./hi_world_ta.o
 .debug_aranges
                0x0000000000000030       0x30 ./user_ta_header.o
 .debug_aranges
                0x0000000000000060       0x30 /home/jeferson/optee/optee_os-rpi4/out/arm-plat-rpi4/export-ta_arm64/lib/libutils.a(trace.o)
 .debug_aranges
                0x0000000000000090       0x30 /home/jeferson/optee/optee_os-rpi4/out/arm-plat-rpi4/export-ta_arm64/lib/libutils.a(stack_check.o)
 .debug_aranges
                0x00000000000000c0       0x30 /home/jeferson/optee/optee_os-rpi4/out/arm-plat-rpi4/export-ta_arm64/lib/libutils.a(memcpy.o)
 .debug_aranges
                0x00000000000000f0       0x30 /home/jeferson/optee/optee_os-rpi4/out/arm-plat-rpi4/export-ta_arm64/lib/libutils.a(snprintk.o)
 .debug_aranges
                0x0000000000000120       0x30 /home/jeferson/optee/optee_os-rpi4/out/arm-plat-rpi4/export-ta_arm64/lib/libutils.a(memchr.o)
 .debug_aranges
                0x0000000000000150       0x30 /home/jeferson/optee/optee_os-rpi4/out/arm-plat-rpi4/export-ta_arm64/lib/libutils.a(strlen.o)
 .debug_aranges
                0x0000000000000180       0x30 /home/jeferson/optee/optee_os-rpi4/out/arm-plat-rpi4/export-ta_arm64/lib/libutee.a(trace_ext.o)
 .debug_aranges
                0x00000000000001b0      0x3b0 /home/jeferson/optee/optee_os-rpi4/out/arm-plat-rpi4/export-ta_arm64/lib/libutee.a(utee_syscalls_a64.o)
 .debug_aranges
                0x0000000000000560       0x30 /home/jeferson/optee/optee_os-rpi4/out/arm-plat-rpi4/export-ta_arm64/lib/libutee.a(user_ta_entry.o)
 .debug_aranges
                0x0000000000000590       0x30 /home/jeferson/optee/optee_os-rpi4/out/arm-plat-rpi4/export-ta_arm64/lib/libutee.a(user_ta_entry_compat.o)
 .debug_aranges
                0x00000000000005c0       0x30 /home/jeferson/optee/optee_os-rpi4/out/arm-plat-rpi4/export-ta_arm64/lib/libutee.a(abort.o)
 .debug_aranges
                0x00000000000005f0       0x30 /home/jeferson/optee/optee_os-rpi4/out/arm-plat-rpi4/export-ta_arm64/lib/libutee.a(tee_api.o)
 .debug_aranges
                0x0000000000000620       0x30 /home/jeferson/optee/optee_os-rpi4/out/arm-plat-rpi4/export-ta_arm64/lib/libutee.a(tee_api_arith_mpi.o)
 .debug_aranges
                0x0000000000000650       0x30 /home/jeferson/optee/optee_os-rpi4/out/arm-plat-rpi4/export-ta_arm64/lib/libutee.a(tee_api_panic.o)
 .debug_aranges
                0x0000000000000680       0x30 /home/jeferson/optee/optee_os-rpi4/out/arm-plat-rpi4/export-ta_arm64/lib/libutee.a(tee_api_property.o)
 .debug_aranges
                0x00000000000006b0       0x30 /home/jeferson/optee/optee_os-rpi4/out/arm-plat-rpi4/export-ta_arm64/lib/libutee.a(tee_system_pta.o)
 .debug_aranges
                0x00000000000006e0       0x30 /home/jeferson/optee/optee_os-rpi4/out/arm-plat-rpi4/export-ta_arm64/lib/libutee.a(tcb.o)
 .debug_aranges
                0x0000000000000710       0x30 /home/jeferson/optee/optee_os-rpi4/out/arm-plat-rpi4/export-ta_arm64/lib/libutee.a(assert.o)
 .debug_aranges
                0x0000000000000740       0x30 /home/jeferson/optee/optee_os-rpi4/out/arm-plat-rpi4/export-ta_arm64/lib/libutee.a(base64.o)
 .debug_aranges
                0x0000000000000770       0x30 /home/jeferson/optee/optee_os-rpi4/out/arm-plat-rpi4/export-ta_arm64/lib/libmbedtls.a(bignum.o)
 .debug_aranges
                0x00000000000007a0       0x30 /home/jeferson/optee/optee_os-rpi4/out/arm-plat-rpi4/export-ta_arm64/lib/libmbedtls.a(constant_time.o)
 .debug_aranges
                0x00000000000007d0       0x30 /home/jeferson/optee/optee_os-rpi4/out/arm-plat-rpi4/export-ta_arm64/lib/libmbedtls.a(platform_util.o)
 .debug_aranges
                0x0000000000000800       0x30 /home/jeferson/optee/optee_os-rpi4/out/arm-plat-rpi4/export-ta_arm64/lib/libutils.a(bget_malloc.o)
 .debug_aranges
                0x0000000000000830       0x30 /home/jeferson/optee/optee_os-rpi4/out/arm-plat-rpi4/export-ta_arm64/lib/libutils.a(snprintf.o)
 .debug_aranges
                0x0000000000000860       0x30 /home/jeferson/optee/optee_os-rpi4/out/arm-plat-rpi4/export-ta_arm64/lib/libutils.a(memmove.o)
 .debug_aranges
                0x0000000000000890       0x30 /home/jeferson/optee/optee_os-rpi4/out/arm-plat-rpi4/export-ta_arm64/lib/libutils.a(memset.o)
 .debug_aranges
                0x00000000000008c0       0x30 /home/jeferson/optee/optee_os-rpi4/out/arm-plat-rpi4/export-ta_arm64/lib/libutils.a(strcmp.o)
 .debug_aranges
                0x00000000000008f0       0x30 /home/jeferson/optee/optee_os-rpi4/out/arm-plat-rpi4/export-ta_arm64/lib/libutils.a(strlcpy.o)
 .debug_aranges
                0x0000000000000920       0x30 /home/jeferson/optee/optee_os-rpi4/out/arm-plat-rpi4/export-ta_arm64/lib/libutils.a(mempool.o)
 .debug_aranges
                0x0000000000000950       0x30 /home/jeferson/optee/optee_os-rpi4/out/arm-plat-rpi4/export-ta_arm64/lib/libutils.a(consttime_memcmp.o)

.debug_rnglists
                0x0000000000000000      0x864
 .debug_rnglists
                0x0000000000000000       0x2c ./hi_world_ta.o
 .debug_rnglists
                0x000000000000002c       0x17 ./user_ta_header.o
 .debug_rnglists
                0x0000000000000043       0x27 /home/jeferson/optee/optee_os-rpi4/out/arm-plat-rpi4/export-ta_arm64/lib/libutils.a(trace.o)
 .debug_rnglists
                0x000000000000006a       0x17 /home/jeferson/optee/optee_os-rpi4/out/arm-plat-rpi4/export-ta_arm64/lib/libutils.a(snprintk.o)
 .debug_rnglists
                0x0000000000000081      0x247 /home/jeferson/optee/optee_os-rpi4/out/arm-plat-rpi4/export-ta_arm64/lib/libutee.a(utee_syscalls_a64.o)
 .debug_rnglists
                0x00000000000002c8       0x69 /home/jeferson/optee/optee_os-rpi4/out/arm-plat-rpi4/export-ta_arm64/lib/libutee.a(user_ta_entry.o)
 .debug_rnglists
                0x0000000000000331       0x17 /home/jeferson/optee/optee_os-rpi4/out/arm-plat-rpi4/export-ta_arm64/lib/libutee.a(abort.o)
 .debug_rnglists
                0x0000000000000348       0x8e /home/jeferson/optee/optee_os-rpi4/out/arm-plat-rpi4/export-ta_arm64/lib/libutee.a(tee_api.o)
 .debug_rnglists
                0x00000000000003d6      0x14f /home/jeferson/optee/optee_os-rpi4/out/arm-plat-rpi4/export-ta_arm64/lib/libutee.a(tee_api_arith_mpi.o)
 .debug_rnglists
                0x0000000000000525       0x3c /home/jeferson/optee/optee_os-rpi4/out/arm-plat-rpi4/export-ta_arm64/lib/libutee.a(tee_api_panic.o)
 .debug_rnglists
                0x0000000000000561       0x2c /home/jeferson/optee/optee_os-rpi4/out/arm-plat-rpi4/export-ta_arm64/lib/libutee.a(tee_api_property.o)
 .debug_rnglists
                0x000000000000058d       0x1c /home/jeferson/optee/optee_os-rpi4/out/arm-plat-rpi4/export-ta_arm64/lib/libutee.a(tee_system_pta.o)
 .debug_rnglists
                0x00000000000005a9       0x37 /home/jeferson/optee/optee_os-rpi4/out/arm-plat-rpi4/export-ta_arm64/lib/libutee.a(base64.o)
 .debug_rnglists
                0x00000000000005e0       0xfe /home/jeferson/optee/optee_os-rpi4/out/arm-plat-rpi4/export-ta_arm64/lib/libmbedtls.a(bignum.o)
 .debug_rnglists
                0x00000000000006de       0x85 /home/jeferson/optee/optee_os-rpi4/out/arm-plat-rpi4/export-ta_arm64/lib/libmbedtls.a(constant_time.o)
 .debug_rnglists
                0x0000000000000763       0xe5 /home/jeferson/optee/optee_os-rpi4/out/arm-plat-rpi4/export-ta_arm64/lib/libutils.a(bget_malloc.o)
 .debug_rnglists
                0x0000000000000848       0x1c /home/jeferson/optee/optee_os-rpi4/out/arm-plat-rpi4/export-ta_arm64/lib/libutils.a(mempool.o)

.debug_macro    0x0000000000000000    0x19c16
 .debug_macro   0x0000000000000000       0xd9 ./hi_world_ta.o
 .debug_macro   0x00000000000000d9      0x9f4 ./hi_world_ta.o
 .debug_macro   0x0000000000000acd      0x10b ./hi_world_ta.o
 .debug_macro   0x0000000000000bd8      0x174 ./hi_world_ta.o
 .debug_macro   0x0000000000000d4c      0xceb ./hi_world_ta.o
 .debug_macro   0x0000000000001a37       0x7c ./hi_world_ta.o
 .debug_macro   0x0000000000001ab3      0x1a0 ./hi_world_ta.o
 .debug_macro   0x0000000000001c53       0xc4 ./hi_world_ta.o
 .debug_macro   0x0000000000001d17       0x22 ./hi_world_ta.o
 .debug_macro   0x0000000000001d39       0x35 ./hi_world_ta.o
 .debug_macro   0x0000000000001d6e       0x58 ./hi_world_ta.o
 .debug_macro   0x0000000000001dc6       0x34 ./hi_world_ta.o
 .debug_macro   0x0000000000001dfa       0x79 ./hi_world_ta.o
 .debug_macro   0x0000000000001e73      0x184 ./hi_world_ta.o
 .debug_macro   0x0000000000001ff7       0xf7 ./hi_world_ta.o
 .debug_macro   0x00000000000020ee       0x1c ./hi_world_ta.o
 .debug_macro   0x000000000000210a      0x194 ./user_ta_header.o
 .debug_macro   0x000000000000229e      0x9f4 ./user_ta_header.o
 .debug_macro   0x0000000000002c92       0x2e ./user_ta_header.o
 .debug_macro   0x0000000000002cc0       0x2e ./user_ta_header.o
 .debug_macro   0x0000000000002cee       0x33 ./user_ta_header.o
 .debug_macro   0x0000000000002d21       0xf0 ./user_ta_header.o
 .debug_macro   0x0000000000002e11       0x88 ./user_ta_header.o
 .debug_macro   0x0000000000002e99       0x2e ./user_ta_header.o
 .debug_macro   0x0000000000002ec7       0xd6 /home/jeferson/optee/optee_os-rpi4/out/arm-plat-rpi4/export-ta_arm64/lib/libutils.a(trace.o)
 .debug_macro   0x0000000000002f9d      0x9b8 /home/jeferson/optee/optee_os-rpi4/out/arm-plat-rpi4/export-ta_arm64/lib/libutils.a(trace.o)
 .debug_macro   0x0000000000003955      0x584 /home/jeferson/optee/optee_os-rpi4/out/arm-plat-rpi4/export-ta_arm64/lib/libutils.a(trace.o)
 .debug_macro   0x0000000000003ed9       0x16 /home/jeferson/optee/optee_os-rpi4/out/arm-plat-rpi4/export-ta_arm64/lib/libutils.a(trace.o)
 .debug_macro   0x0000000000003eef      0x10b /home/jeferson/optee/optee_os-rpi4/out/arm-plat-rpi4/export-ta_arm64/lib/libutils.a(trace.o)
 .debug_macro   0x0000000000003ffa       0x79 /home/jeferson/optee/optee_os-rpi4/out/arm-plat-rpi4/export-ta_arm64/lib/libutils.a(trace.o)
 .debug_macro   0x0000000000004073       0xea /home/jeferson/optee/optee_os-rpi4/out/arm-plat-rpi4/export-ta_arm64/lib/libutils.a(trace.o)
 .debug_macro   0x000000000000415d       0xb5 /home/jeferson/optee/optee_os-rpi4/out/arm-plat-rpi4/export-ta_arm64/lib/libutils.a(stack_check.o)
 .debug_macro   0x0000000000004212      0x9b8 /home/jeferson/optee/optee_os-rpi4/out/arm-plat-rpi4/export-ta_arm64/lib/libutils.a(stack_check.o)
 .debug_macro   0x0000000000004bca      0xcf1 /home/jeferson/optee/optee_os-rpi4/out/arm-plat-rpi4/export-ta_arm64/lib/libutils.a(stack_check.o)
 .debug_macro   0x00000000000058bb       0x57 /home/jeferson/optee/optee_os-rpi4/out/arm-plat-rpi4/export-ta_arm64/lib/libutils.a(memcpy.o)
 .debug_macro   0x0000000000005912      0x9b2 /home/jeferson/optee/optee_os-rpi4/out/arm-plat-rpi4/export-ta_arm64/lib/libutils.a(memcpy.o)
 .debug_macro   0x00000000000062c4       0x7c /home/jeferson/optee/optee_os-rpi4/out/arm-plat-rpi4/export-ta_arm64/lib/libutils.a(memcpy.o)
 .debug_macro   0x0000000000006340      0x13d /home/jeferson/optee/optee_os-rpi4/out/arm-plat-rpi4/export-ta_arm64/lib/libutils.a(snprintk.o)
 .debug_macro   0x000000000000647d      0x9b8 /home/jeferson/optee/optee_os-rpi4/out/arm-plat-rpi4/export-ta_arm64/lib/libutils.a(snprintk.o)
 .debug_macro   0x0000000000006e35       0x66 /home/jeferson/optee/optee_os-rpi4/out/arm-plat-rpi4/export-ta_arm64/lib/libutils.a(memchr.o)
 .debug_macro   0x0000000000006e9b      0x9b8 /home/jeferson/optee/optee_os-rpi4/out/arm-plat-rpi4/export-ta_arm64/lib/libutils.a(memchr.o)
 .debug_macro   0x0000000000007853       0x5a /home/jeferson/optee/optee_os-rpi4/out/arm-plat-rpi4/export-ta_arm64/lib/libutils.a(strlen.o)
 .debug_macro   0x00000000000078ad      0x9b8 /home/jeferson/optee/optee_os-rpi4/out/arm-plat-rpi4/export-ta_arm64/lib/libutils.a(strlen.o)
 .debug_macro   0x0000000000008265       0xf1 /home/jeferson/optee/optee_os-rpi4/out/arm-plat-rpi4/export-ta_arm64/lib/libutee.a(trace_ext.o)
 .debug_macro   0x0000000000008356      0x9b8 /home/jeferson/optee/optee_os-rpi4/out/arm-plat-rpi4/export-ta_arm64/lib/libutee.a(trace_ext.o)
 .debug_macro   0x0000000000008d0e      0x20b /home/jeferson/optee/optee_os-rpi4/out/arm-plat-rpi4/export-ta_arm64/lib/libutee.a(user_ta_entry.o)
 .debug_macro   0x0000000000008f19      0x9b8 /home/jeferson/optee/optee_os-rpi4/out/arm-plat-rpi4/export-ta_arm64/lib/libutee.a(user_ta_entry.o)
 .debug_macro   0x00000000000098d1     0x1609 /home/jeferson/optee/optee_os-rpi4/out/arm-plat-rpi4/export-ta_arm64/lib/libutee.a(user_ta_entry.o)
 .debug_macro   0x000000000000aeda       0x5f /home/jeferson/optee/optee_os-rpi4/out/arm-plat-rpi4/export-ta_arm64/lib/libutee.a(user_ta_entry.o)
 .debug_macro   0x000000000000af39       0x39 /home/jeferson/optee/optee_os-rpi4/out/arm-plat-rpi4/export-ta_arm64/lib/libutee.a(user_ta_entry.o)
 .debug_macro   0x000000000000af72       0x16 /home/jeferson/optee/optee_os-rpi4/out/arm-plat-rpi4/export-ta_arm64/lib/libutee.a(user_ta_entry.o)
 .debug_macro   0x000000000000af88       0x1c /home/jeferson/optee/optee_os-rpi4/out/arm-plat-rpi4/export-ta_arm64/lib/libutee.a(user_ta_entry.o)
 .debug_macro   0x000000000000afa4      0x2e9 /home/jeferson/optee/optee_os-rpi4/out/arm-plat-rpi4/export-ta_arm64/lib/libutee.a(user_ta_entry.o)
 .debug_macro   0x000000000000b28d       0x34 /home/jeferson/optee/optee_os-rpi4/out/arm-plat-rpi4/export-ta_arm64/lib/libutee.a(user_ta_entry.o)
 .debug_macro   0x000000000000b2c1       0x8e /home/jeferson/optee/optee_os-rpi4/out/arm-plat-rpi4/export-ta_arm64/lib/libutee.a(user_ta_entry.o)
 .debug_macro   0x000000000000b34f       0xb3 /home/jeferson/optee/optee_os-rpi4/out/arm-plat-rpi4/export-ta_arm64/lib/libutee.a(user_ta_entry_compat.o)
 .debug_macro   0x000000000000b402      0x9b8 /home/jeferson/optee/optee_os-rpi4/out/arm-plat-rpi4/export-ta_arm64/lib/libutee.a(user_ta_entry_compat.o)
 .debug_macro   0x000000000000bdba      0x139 /home/jeferson/optee/optee_os-rpi4/out/arm-plat-rpi4/export-ta_arm64/lib/libutee.a(abort.o)
 .debug_macro   0x000000000000bef3      0x9b8 /home/jeferson/optee/optee_os-rpi4/out/arm-plat-rpi4/export-ta_arm64/lib/libutee.a(abort.o)
 .debug_macro   0x000000000000c8ab      0x1a5 /home/jeferson/optee/optee_os-rpi4/out/arm-plat-rpi4/export-ta_arm64/lib/libutee.a(tee_api.o)
 .debug_macro   0x000000000000ca50      0x9b8 /home/jeferson/optee/optee_os-rpi4/out/arm-plat-rpi4/export-ta_arm64/lib/libutee.a(tee_api.o)
 .debug_macro   0x000000000000d408      0x1cb /home/jeferson/optee/optee_os-rpi4/out/arm-plat-rpi4/export-ta_arm64/lib/libutee.a(tee_api_arith_mpi.o)
 .debug_macro   0x000000000000d5d3      0x9b8 /home/jeferson/optee/optee_os-rpi4/out/arm-plat-rpi4/export-ta_arm64/lib/libutee.a(tee_api_arith_mpi.o)
 .debug_macro   0x000000000000df8b      0x13c /home/jeferson/optee/optee_os-rpi4/out/arm-plat-rpi4/export-ta_arm64/lib/libutee.a(tee_api_arith_mpi.o)