Archive member included to satisfy reference by file (symbol)

/home/jeferson/optee/optee_os-rpi4/out/arm-plat-rpi4/export-ta_arm64/lib/libutils.a(stack_check.o)
                              ./hotp_ta.o (__stack_chk_fail)
/home/jeferson/optee/optee_os-rpi4/out/arm-plat-rpi4/export-ta_arm64/lib/libutils.a(memcpy.o)
                              ./hotp_ta.o (memcpy)
/home/jeferson/optee/optee_os-rpi4/out/arm-plat-rpi4/export-ta_arm64/lib/libutils.a(trace.o)
                              ./hotp_ta.o (trace_printf)
/home/jeferson/optee/optee_os-rpi4/out/arm-plat-rpi4/export-ta_arm64/lib/libutils.a(snprintk.o)
                              /home/jeferson/optee/optee_os-rpi4/out/arm-plat-rpi4/export-ta_arm64/lib/libutils.a(trace.o) (vsnprintk)
/home/jeferson/optee/optee_os-rpi4/out/arm-plat-rpi4/export-ta_arm64/lib/libutils.a(memchr.o)
                              /home/jeferson/optee/optee_os-rpi4/out/arm-plat-rpi4/export-ta_arm64/lib/libutils.a(snprintk.o) (memchr)
/home/jeferson/optee/optee_os-rpi4/out/arm-plat-rpi4/export-ta_arm64/lib/libutils.a(strlen.o)
                              /home/jeferson/optee/optee_os-rpi4/out/arm-plat-rpi4/export-ta_arm64/lib/libutils.a(snprintk.o) (strlen)
/home/jeferson/optee/optee_os-rpi4/out/arm-plat-rpi4/export-ta_arm64/lib/libutee.a(trace_ext.o)
                              /home/jeferson/optee/optee_os-rpi4/out/arm-plat-rpi4/export-ta_arm64/lib/libutils.a(trace.o) (trace_ext_puts)
/home/jeferson/optee/optee_os-rpi4/out/arm-plat-rpi4/export-ta_arm64/lib/libutee.a(tee_api.o)
                              ./hotp_ta.o (__GP11_TEE_Malloc)
/home/jeferson/optee/optee_os-rpi4/out/arm-plat-rpi4/export-ta_arm64/lib/libutee.a(tee_api_objects.o)
                              ./hotp_ta.o (__GP11_TEE_AllocateTransientObject)
/home/jeferson/optee/optee_os-rpi4/out/arm-plat-rpi4/export-ta_arm64/lib/libutee.a(tee_api_operations.o)
                              ./hotp_ta.o (TEE_AllocateOperation)
/home/jeferson/optee/optee_os-rpi4/out/arm-plat-rpi4/export-ta_arm64/lib/libutee.a(tee_api_panic.o)
                              /home/jeferson/optee/optee_os-rpi4/out/arm-plat-rpi4/export-ta_arm64/lib/libutee.a(tee_api.o) (TEE_Panic)
/home/jeferson/optee/optee_os-rpi4/out/arm-plat-rpi4/export-ta_arm64/lib/libutee.a(tee_system_pta.o)
                              /home/jeferson/optee/optee_os-rpi4/out/arm-plat-rpi4/export-ta_arm64/lib/libutee.a(tee_api.o) (tee_map_zi)
/home/jeferson/optee/optee_os-rpi4/out/arm-plat-rpi4/export-ta_arm64/lib/libutee.a(utee_syscalls_a64.o)
                              /home/jeferson/optee/optee_os-rpi4/out/arm-plat-rpi4/export-ta_arm64/lib/libutils.a(stack_check.o) (_utee_panic)
/home/jeferson/optee/optee_os-rpi4/out/arm-plat-rpi4/export-ta_arm64/lib/libutee.a(user_ta_entry.o)
                              ./user_ta_header.o (__utee_entry)
/home/jeferson/optee/optee_os-rpi4/out/arm-plat-rpi4/export-ta_arm64/lib/libutee.a(user_ta_entry_compat.o)
                              ./user_ta_header.o (__ta_open_sess)
/home/jeferson/optee/optee_os-rpi4/out/arm-plat-rpi4/export-ta_arm64/lib/libutee.a(abort.o)
                              /home/jeferson/optee/optee_os-rpi4/out/arm-plat-rpi4/export-ta_arm64/lib/libutee.a(user_ta_entry.o) (abort)
/home/jeferson/optee/optee_os-rpi4/out/arm-plat-rpi4/export-ta_arm64/lib/libutee.a(assert.o)
                              /home/jeferson/optee/optee_os-rpi4/out/arm-plat-rpi4/export-ta_arm64/lib/libutee.a(tee_api_operations.o) (_assert_log)
/home/jeferson/optee/optee_os-rpi4/out/arm-plat-rpi4/export-ta_arm64/lib/libutee.a(tee_api_arith_mpi.o)
                              /home/jeferson/optee/optee_os-rpi4/out/arm-plat-rpi4/export-ta_arm64/lib/libutee.a(user_ta_entry.o) (_TEE_MathAPI_Init)
/home/jeferson/optee/optee_os-rpi4/out/arm-plat-rpi4/export-ta_arm64/lib/libutee.a(tee_api_property.o)
                              /home/jeferson/optee/optee_os-rpi4/out/arm-plat-rpi4/export-ta_arm64/lib/libutee.a(user_ta_entry.o) (TEE_GetPropertyAsU32)
/home/jeferson/optee/optee_os-rpi4/out/arm-plat-rpi4/export-ta_arm64/lib/libutee.a(tcb.o)
                              /home/jeferson/optee/optee_os-rpi4/out/arm-plat-rpi4/export-ta_arm64/lib/libutee.a(user_ta_entry.o) (__utee_tcb_init)
/home/jeferson/optee/optee_os-rpi4/out/arm-plat-rpi4/export-ta_arm64/lib/libutee.a(base64.o)
                              /home/jeferson/optee/optee_os-rpi4/out/arm-plat-rpi4/export-ta_arm64/lib/libutee.a(tee_api_property.o) (_base64_enc_len)
/home/jeferson/optee/optee_os-rpi4/out/arm-plat-rpi4/export-ta_arm64/lib/libmbedtls.a(bignum.o)
                              /home/jeferson/optee/optee_os-rpi4/out/arm-plat-rpi4/export-ta_arm64/lib/libutee.a(tee_api_arith_mpi.o) (mbedtls_mpi_init_mempool)
/home/jeferson/optee/optee_os-rpi4/out/arm-plat-rpi4/export-ta_arm64/lib/libmbedtls.a(constant_time.o)
                              /home/jeferson/optee/optee_os-rpi4/out/arm-plat-rpi4/export-ta_arm64/lib/libmbedtls.a(bignum.o) (mbedtls_ct_size_bool_eq)
[...]
Memory Configuration

Name             Origin             Length             Attributes
*default*        0x0000000000000000 0xffffffffffffffff

Linker script and memory map


.ta_head        0x0000000000000000       0x20
 *(SORT_BY_ALIGNMENT(.ta_head))
 .ta_head       0x0000000000000000       0x20 ./user_ta_header.o
                0x0000000000000000                ta_head

.text           0x0000000000000020    0x12c48
                0x0000000000000020                __text_start = .
 *(SORT_BY_ALIGNMENT(.text) SORT_BY_ALIGNMENT(.text.*))
 .text          0x0000000000000020       0xec /home/jeferson/optee/optee_os-rpi4/out/arm-plat-rpi4/export-ta_arm64/lib/libutils.a(memcpy.o)
                0x0000000000000020                memcpy
 .text          0x000000000000010c      0x3b0 ./hotp_ta.o
                0x000000000000010c                TA_CreateEntryPoint
                0x0000000000000114                TA_DestroyEntryPoint
                0x0000000000000118                __GP11_TA_OpenSessionEntryPoint
                0x0000000000000164                TA_CloseSessionEntryPoint
                0x0000000000000168                __GP11_TA_InvokeCommandEntryPoint
 .text          0x00000000000004bc       0x34 ./user_ta_header.o
                0x00000000000004bc                __ta_entry
                0x00000000000004d0                tahead_get_trace_level
                0x00000000000004d8                TA_OpenSessionEntryPoint
                0x00000000000004e4                TA_InvokeCommandEntryPoint
 .text          0x00000000000004f0       0x30 /home/jeferson/optee/optee_os-rpi4/out/arm-plat-rpi4/export-ta_arm64/lib/libutils.a(stack_check.o)
                0x00000000000004f0                __stack_chk_fail
 .text          0x0000000000000520      0x330 /home/jeferson/optee/optee_os-rpi4/out/arm-plat-rpi4/export-ta_arm64/lib/libutils.a(trace.o)
                0x0000000000000520                trace_set_level
                0x000000000000053c                trace_get_level
                0x000000000000054c                trace_vprintf
                0x0000000000000768                trace_printf
                0x000000000000084c                dhex_dump
 .text          0x0000000000000850      0xdfc /home/jeferson/optee/optee_os-rpi4/out/arm-plat-rpi4/export-ta_arm64/lib/libutils.a(snprintk.o)
                0x0000000000000850                __vsnprintf
                0x0000000000000914                vsnprintk
                0x000000000000096c                snprintk
                0x0000000000001600                __vsprintf
 .text          0x000000000000164c       0x2c /home/jeferson/optee/optee_os-rpi4/out/arm-plat-rpi4/export-ta_arm64/lib/libutils.a(memchr.o)
                0x000000000000164c                memchr
 .text          0x0000000000001678       0x1c /home/jeferson/optee/optee_os-rpi4/out/arm-plat-rpi4/export-ta_arm64/lib/libutils.a(strlen.o)
                0x0000000000001678                strlen
 .text          0x0000000000001694      0x1e0 /home/jeferson/optee/optee_os-rpi4/out/arm-plat-rpi4/export-ta_arm64/lib/libutee.a(trace_ext.o)
                0x0000000000001694                trace_ext_puts
                0x00000000000016bc                trace_ext_get_thread_id
                0x00000000000016c4                printf
                0x00000000000017c4                puts
                0x0000000000001804                putchar
 .text          0x0000000000001874     0x10c0 /home/jeferson/optee/optee_os-rpi4/out/arm-plat-rpi4/export-ta_arm64/lib/libutee.a(tee_api.o)
                0x0000000000001c20                TEE_CloseTASession
                0x0000000000001c48                TEE_GetCancellationFlag
                0x0000000000001ca8                TEE_UnmaskCancellation
                0x0000000000001d08                TEE_MaskCancellation
                0x0000000000001d68                TEE_CheckMemoryAccessRights
                0x0000000000001f8c                TEE_OpenTASession
                0x00000000000020e0                __GP11_TEE_OpenTASession
                0x0000000000002228                TEE_InvokeTACommand
                0x00000000000023ac                __GP11_TEE_InvokeTACommand
                0x0000000000002524                __GP11_TEE_CheckMemoryAccessRights
                0x000000000000252c                TEE_SetInstanceData
                0x0000000000002538                TEE_GetInstanceData
                0x0000000000002544                TEE_MemMove
                0x0000000000002548                __GP11_TEE_MemMove
                0x0000000000002550                TEE_MemCompare
                0x0000000000002554                __GP11_TEE_MemCompare
                0x000000000000255c                TEE_MemFill
                0x0000000000002560                __GP11_TEE_MemFill
                0x0000000000002568                TEE_GetSystemTime
                0x0000000000002590                TEE_Wait
                0x00000000000025cc                TEE_GetTAPersistentTime
                0x0000000000002644                TEE_SetTAPersistentTime
                0x0000000000002688                TEE_GetREETime
                0x00000000000026b0                TEE_Malloc
                0x00000000000027d4                __GP11_TEE_Malloc
                0x00000000000027dc                TEE_Free
                0x000000000000283c                TEE_Realloc
                0x0000000000002914                __GP11_TEE_Realloc
                0x000000000000291c                TEE_CacheClean
                0x0000000000002924                TEE_CacheFlush
                0x000000000000292c                TEE_CacheInvalidate
 .text          0x0000000000002934     0x1a44 /home/jeferson/optee/optee_os-rpi4/out/arm-plat-rpi4/export-ta_arm64/lib/libutee.a(tee_api_objects.o)
                0x0000000000002934                __utee_from_attr
                0x0000000000002984                __utee_from_gp11_attr
                0x00000000000029d4                TEE_GetObjectInfo
                0x0000000000002a90                __GP11_TEE_GetObjectInfo
                0x0000000000002b58                TEE_GetObjectInfo1
                0x0000000000002c08                __GP11_TEE_GetObjectInfo1
                0x0000000000002cc8                TEE_RestrictObjectUsage1
                0x0000000000002d0c                TEE_RestrictObjectUsage
                0x0000000000002d9c                TEE_GetObjectBufferAttribute
                0x0000000000002ea0                __GP11_TEE_GetObjectBufferAttribute
                0x0000000000002f3c                TEE_GetObjectValueAttribute
                0x0000000000003074                TEE_CloseObject
                0x000000000000309c                __GP11_TEE_AllocateTransientObject
                0x0000000000003150                TEE_AllocateTransientObject
                0x000000000000316c                TEE_FreeTransientObject
                0x00000000000031fc                TEE_ResetTransientObject
                0x000000000000328c                TEE_PopulateTransientObject
                0x000000000000339c                __GP11_TEE_PopulateTransientObject
                0x00000000000034ac                TEE_InitRefAttribute
                0x00000000000034f8                __GP11_TEE_InitRefAttribute
                0x0000000000003548                TEE_InitValueAttribute
                0x0000000000003594                __GP11_TEE_InitValueAttribute
                0x00000000000035e0                TEE_CopyObjectAttributes1
                0x00000000000036d8                TEE_CopyObjectAttributes
                0x000000000000376c                TEE_GenerateKey
                0x0000000000003840                __GP11_TEE_GenerateKey
                0x0000000000003914                TEE_OpenPersistentObject
                0x00000000000039f8                __GP11_TEE_OpenPersistentObject
                0x0000000000003a00                TEE_CreatePersistentObject
                0x0000000000003b44                __GP11_TEE_CreatePersistentObject
                0x0000000000003bc0                TEE_CloseAndDeletePersistentObject1
                0x0000000000003c08                TEE_CloseAndDeletePersistentObject
                0x0000000000003c34                TEE_RenamePersistentObject
                0x0000000000003c90                __GP11_TEE_RenamePersistentObject
                0x0000000000003c98                TEE_AllocatePersistentObjectEnumerator
                0x0000000000003d28                TEE_FreePersistentObjectEnumerator
                0x0000000000003d50                TEE_ResetPersistentObjectEnumerator
                0x0000000000003d78                TEE_StartPersistentObjectEnumerator
                0x0000000000003dc8                TEE_GetNextPersistentObject
                0x0000000000003ee4                __GP11_TEE_GetNextPersistentObject
                0x0000000000004010                TEE_ReadObjectData
                0x00000000000040d8                __GP11_TEE_ReadObjectData
                0x0000000000004174                TEE_WriteObjectData
                0x00000000000041ec                __GP11_TEE_WriteObjectData
                0x00000000000041f4                TEE_TruncateObjectData
                0x0000000000004250                __GP11_TEE_TruncateObjectData
                0x0000000000004258                TEE_SeekObjectData
                0x0000000000004370                __GP11_TEE_SeekObjectData
 .text          0x0000000000004378     0x44cc /home/jeferson/optee/optee_os-rpi4/out/arm-plat-rpi4/export-ta_arm64/lib/libutee.a(tee_api_operations.o)
                0x0000000000004a98                TEE_FreeOperation
                0x0000000000004ad8                TEE_AllocateOperation
                0x000000000000572c                __GP11_TEE_FreeOperation
                0x0000000000005758                TEE_GetOperationInfo
                0x00000000000057ac                TEE_GetOperationInfoMultiple
                0x000000000000595c                __GP11_TEE_GetOperationInfoMultiple
                0x00000000000059e8                TEE_ResetOperation
                0x0000000000005a24                TEE_SetOperationKey
                0x0000000000005b70                __GP11_TEE_SetOperationKey
                0x0000000000005bac                TEE_SetOperationKey2
                0x0000000000005bcc                __GP11_TEE_SetOperationKey2
                0x0000000000005c18                TEE_CopyOperation
                0x0000000000005d74                TEE_DigestUpdate
                0x0000000000005de4                __GP11_TEE_DigestUpdate
                0x0000000000005dec                TEE_DigestDoFinal
                0x0000000000005f58                __GP11_TEE_DigestDoFinal
                0x0000000000005ffc                TEE_DigestExtract
                0x00000000000061a0                TEE_CipherInit
                0x0000000000006280                __GP11_TEE_CipherInit
                0x0000000000006288                TEE_CipherUpdate
                0x000000000000641c                __GP11_TEE_CipherUpdate
                0x00000000000064c0                TEE_CipherDoFinal
                0x00000000000066d8                __GP11_TEE_CipherDoFinal
                0x0000000000006788                TEE_MACInit
                0x000000000000682c                __GP11_TEE_MACInit
                0x0000000000006834                TEE_MACUpdate
                0x00000000000068d4                __GP11_TEE_MACUpdate
                0x00000000000068dc                TEE_MACComputeFinal
                0x00000000000069ec                __GP11_TEE_MACComputeFinal
                0x0000000000006a90                TEE_MACCompareFinal
                0x0000000000006b94                __GP11_TEE_MACCompareFinal
                0x0000000000006ba0                TEE_AEInit
                0x0000000000006c64                __GP11_TEE_AEInit
                0x0000000000006c74                TEE_AEUpdateAAD
                0x0000000000006d10                __GP11_TEE_AEUpdateAAD
                0x0000000000006da4                TEE_AEUpdate
                0x0000000000006e70                __GP11_TEE_AEUpdate
                0x0000000000006f70                TEE_AEEncryptFinal
                0x0000000000007170                __GP11_TEE_AEEncryptFinal
                0x0000000000007248                TEE_AEDecryptFinal
                0x000000000000741c                __GP11_TEE_AEDecryptFinal
                0x00000000000074d8                TEE_AsymmetricEncrypt
                0x0000000000007664                __GP11_TEE_AsymmetricEncrypt
                0x00000000000077d8                TEE_AsymmetricDecrypt
                0x0000000000007968                __GP11_TEE_AsymmetricDecrypt
                0x0000000000007ae0                TEE_AsymmetricSignDigest
                0x0000000000007c4c                __GP11_TEE_AsymmetricSignDigest
                0x0000000000007db8                TEE_AsymmetricVerifyDigest
                0x0000000000007f10                __GP11_TEE_AsymmetricVerifyDigest
                0x0000000000008068                TEE_DeriveKey
                0x00000000000081e0                __GP11_TEE_DeriveKey
                0x0000000000008358                TEE_GenerateRandom
                0x0000000000008378                __GP11_TEE_GenerateRandom
                0x0000000000008380                rand
                0x00000000000083dc                TEE_IsAlgorithmSupported
 .text          0x0000000000008844      0x1fc /home/jeferson/optee/optee_os-rpi4/out/arm-plat-rpi4/export-ta_arm64/lib/libutee.a(tee_api_panic.o)
                0x0000000000008860                TEE_Panic
                0x0000000000008878                __utee_check_outbuf_annotation
                0x00000000000088c4                __utee_check_gp11_outbuf_annotation
                0x0000000000008910                __utee_check_instring_annotation
                0x0000000000008940                __utee_check_outstring_annotation
                0x000000000000898c                __utee_check_gp11_outstring_annotation
                0x00000000000089d8                __utee_check_out_annotation
                0x00000000000089f8                __utee_check_attr_in_annotation
                0x0000000000008a1c                __utee_check_gp11_attr_in_annotation
                0x0000000000008a20                __utee_check_inout_annotation
 .text          0x0000000000008a40      0x2bc /home/jeferson/optee/optee_os-rpi4/out/arm-plat-rpi4/export-ta_arm64/lib/libutee.a(tee_system_pta.o)
                0x0000000000008ac4                tee_map_zi
                0x0000000000008b58                tee_unmap
                0x0000000000008c14                tee_invoke_supp_plugin
 .text._utee_panic
                0x0000000000008cfc        0xc /home/jeferson/optee/optee_os-rpi4/out/arm-plat-rpi4/export-ta_arm64/lib/libutee.a(utee_syscalls_a64.o)
                0x0000000000008cfc                _utee_panic
 .text._utee_return
                0x0000000000008d08        0xc /home/jeferson/optee/optee_os-rpi4/out/arm-plat-rpi4/export-ta_arm64/lib/libutee.a(utee_syscalls_a64.o)
                0x0000000000008d08                _utee_return
 .text._utee_log
                0x0000000000008d14        0xc /home/jeferson/optee/optee_os-rpi4/out/arm-plat-rpi4/export-ta_arm64/lib/libutee.a(utee_syscalls_a64.o)
                0x0000000000008d14                _utee_log
 .text.__utee_panic
                0x0000000000008d20        0xc /home/jeferson/optee/optee_os-rpi4/out/arm-plat-rpi4/export-ta_arm64/lib/libutee.a(utee_syscalls_a64.o)
                0x0000000000008d20                __utee_panic
 .text._utee_get_property
                0x0000000000008d2c        0xc /home/jeferson/optee/optee_os-rpi4/out/arm-plat-rpi4/export-ta_arm64/lib/libutee.a(utee_syscalls_a64.o)
                0x0000000000008d2c                _utee_get_property
 .text._utee_get_property_name_to_index
                0x0000000000008d38        0xc /home/jeferson/optee/optee_os-rpi4/out/arm-plat-rpi4/export-ta_arm64/lib/libutee.a(utee_syscalls_a64.o)
                0x0000000000008d38                _utee_get_property_name_to_index
 .text._utee_open_ta_session
                0x0000000000008d44        0xc /home/jeferson/optee/optee_os-rpi4/out/arm-plat-rpi4/export-ta_arm64/lib/libutee.a(utee_syscalls_a64.o)
                0x0000000000008d44                _utee_open_ta_session
 .text._utee_close_ta_session
                0x0000000000008d50        0xc /home/jeferson/optee/optee_os-rpi4/out/arm-plat-rpi4/export-ta_arm64/lib/libutee.a(utee_syscalls_a64.o)
                0x0000000000008d50                _utee_close_ta_session
 .text._utee_invoke_ta_command
                0x0000000000008d5c        0xc /home/jeferson/optee/optee_os-rpi4/out/arm-plat-rpi4/export-ta_arm64/lib/libutee.a(utee_syscalls_a64.o)
                0x0000000000008d5c                _utee_invoke_ta_command
 .text._utee_get_cancellation_flag
                0x0000000000008d68        0xc /home/jeferson/optee/optee_os-rpi4/out/arm-plat-rpi4/export-ta_arm64/lib/libutee.a(utee_syscalls_a64.o)
                0x0000000000008d68                _utee_get_cancellation_flag
 .text._utee_check_access_rights
                0x0000000000008d74        0xc /home/jeferson/optee/optee_os-rpi4/out/arm-plat-rpi4/export-ta_arm64/lib/libutee.a(utee_syscalls_a64.o)
                0x0000000000008d74                _utee_check_access_rights
 .text._utee_unmask_cancellation
                0x0000000000008d80        0xc /home/jeferson/optee/optee_os-rpi4/out/arm-plat-rpi4/export-ta_arm64/lib/libutee.a(utee_syscalls_a64.o)
                0x0000000000008d80                _utee_unmask_cancellation
 .text._utee_mask_cancellation
                0x0000000000008d8c        0xc /home/jeferson/optee/optee_os-rpi4/out/arm-plat-rpi4/export-ta_arm64/lib/libutee.a(utee_syscalls_a64.o)
                0x0000000000008d8c                _utee_mask_cancellation
 .text._utee_wait
                0x0000000000008d98        0xc /home/jeferson/optee/optee_os-rpi4/out/arm-plat-rpi4/export-ta_arm64/lib/libutee.a(utee_syscalls_a64.o)
                0x0000000000008d98                _utee_wait
 .text._utee_get_time
                0x0000000000008da4        0xc /home/jeferson/optee/optee_os-rpi4/out/arm-plat-rpi4/export-ta_arm64/lib/libutee.a(utee_syscalls_a64.o)
                0x0000000000008da4                _utee_get_time
 .text._utee_set_ta_time
                0x0000000000008db0        0xc /home/jeferson/optee/optee_os-rpi4/out/arm-plat-rpi4/export-ta_arm64/lib/libutee.a(utee_syscalls_a64.o)
                0x0000000000008db0                _utee_set_ta_time
 .text._utee_cryp_state_alloc
                0x0000000000008dbc        0xc /home/jeferson/optee/optee_os-rpi4/out/arm-plat-rpi4/export-ta_arm64/lib/libutee.a(utee_syscalls_a64.o)
                0x0000000000008dbc                _utee_cryp_state_alloc
 .text._utee_cryp_state_copy
                0x0000000000008dc8        0xc /home/jeferson/optee/optee_os-rpi4/out/arm-plat-rpi4/export-ta_arm64/lib/libutee.a(utee_syscalls_a64.o)
                0x0000000000008dc8                _utee_cryp_state_copy
 .text._utee_cryp_state_free
                0x0000000000008dd4        0xc /home/jeferson/optee/optee_os-rpi4/out/arm-plat-rpi4/export-ta_arm64/lib/libutee.a(utee_syscalls_a64.o)
                0x0000000000008dd4                _utee_cryp_state_free
 .text._utee_hash_init
                0x0000000000008de0        0xc /home/jeferson/optee/optee_os-rpi4/out/arm-plat-rpi4/export-ta_arm64/lib/libutee.a(utee_syscalls_a64.o)
                0x0000000000008de0                _utee_hash_init
 .text._utee_hash_update
                0x0000000000008dec        0xc /home/jeferson/optee/optee_os-rpi4/out/arm-plat-rpi4/export-ta_arm64/lib/libutee.a(utee_syscalls_a64.o)
                0x0000000000008dec                _utee_hash_update
 .text._utee_hash_final
                0x0000000000008df8        0xc /home/jeferson/optee/optee_os-rpi4/out/arm-plat-rpi4/export-ta_arm64/lib/libutee.a(utee_syscalls_a64.o)
                0x0000000000008df8                _utee_hash_final
 .text._utee_cipher_init
                0x0000000000008e04        0xc /home/jeferson/optee/optee_os-rpi4/out/arm-plat-rpi4/export-ta_arm64/lib/libutee.a(utee_syscalls_a64.o)
                0x0000000000008e04                _utee_cipher_init
 .text._utee_cipher_update
                0x0000000000008e10        0xc /home/jeferson/optee/optee_os-rpi4/out/arm-plat-rpi4/export-ta_arm64/lib/libutee.a(utee_syscalls_a64.o)
                0x0000000000008e10                _utee_cipher_update
 .text._utee_cipher_final
                0x0000000000008e1c        0xc /home/jeferson/optee/optee_os-rpi4/out/arm-plat-rpi4/export-ta_arm64/lib/libutee.a(utee_syscalls_a64.o)
                0x0000000000008e1c                _utee_cipher_final
 .text._utee_cryp_obj_get_info
                0x0000000000008e28        0xc /home/jeferson/optee/optee_os-rpi4/out/arm-plat-rpi4/export-ta_arm64/lib/libutee.a(utee_syscalls_a64.o)
                0x0000000000008e28                _utee_cryp_obj_get_info
 .text._utee_cryp_obj_restrict_usage
                0x0000000000008e34        0xc /home/jeferson/optee/optee_os-rpi4/out/arm-plat-rpi4/export-ta_arm64/lib/libutee.a(utee_syscalls_a64.o)
                0x0000000000008e34                _utee_cryp_obj_restrict_usage
 .text._utee_cryp_obj_get_attr
                0x0000000000008e40        0xc /home/jeferson/optee/optee_os-rpi4/out/arm-plat-rpi4/export-ta_arm64/lib/libutee.a(utee_syscalls_a64.o)
                0x0000000000008e40                _utee_cryp_obj_get_attr
 .text._utee_cryp_obj_alloc
                0x0000000000008e4c        0xc /home/jeferson/optee/optee_os-rpi4/out/arm-plat-rpi4/export-ta_arm64/lib/libutee.a(utee_syscalls_a64.o)
                0x0000000000008e4c                _utee_cryp_obj_alloc
 .text._utee_cryp_obj_close
                0x0000000000008e58        0xc /home/jeferson/optee/optee_os-rpi4/out/arm-plat-rpi4/export-ta_arm64/lib/libutee.a(utee_syscalls_a64.o)
                0x0000000000008e58                _utee_cryp_obj_close
 .text._utee_cryp_obj_reset
                0x0000000000008e64        0xc /home/jeferson/optee/optee_os-rpi4/out/arm-plat-rpi4/export-ta_arm64/lib/libutee.a(utee_syscalls_a64.o)
                0x0000000000008e64                _utee_cryp_obj_reset
 .text._utee_cryp_obj_populate
                0x0000000000008e70        0xc /home/jeferson/optee/optee_os-rpi4/out/arm-plat-rpi4/export-ta_arm64/lib/libutee.a(utee_syscalls_a64.o)
                0x0000000000008e70                _utee_cryp_obj_populate
 .text._utee_cryp_obj_copy
                0x0000000000008e7c        0xc /home/jeferson/optee/optee_os-rpi4/out/arm-plat-rpi4/export-ta_arm64/lib/libutee.a(utee_syscalls_a64.o)
                0x0000000000008e7c                _utee_cryp_obj_copy
 .text._utee_cryp_derive_key
                0x0000000000008e88        0xc /home/jeferson/optee/optee_os-rpi4/out/arm-plat-rpi4/export-ta_arm64/lib/libutee.a(utee_syscalls_a64.o)
                0x0000000000008e88                _utee_cryp_derive_key
 .text._utee_cryp_random_number_generate
                0x0000000000008e94        0xc /home/jeferson/optee/optee_os-rpi4/out/arm-plat-rpi4/export-ta_arm64/lib/libutee.a(utee_syscalls_a64.o)
                0x0000000000008e94                _utee_cryp_random_number_generate
 .text._utee_authenc_init
                0x0000000000008ea0        0xc /home/jeferson/optee/optee_os-rpi4/out/arm-plat-rpi4/export-ta_arm64/lib/libutee.a(utee_syscalls_a64.o)
                0x0000000000008ea0                _utee_authenc_init
 .text._utee_authenc_update_aad
                0x0000000000008eac        0xc /home/jeferson/optee/optee_os-rpi4/out/arm-plat-rpi4/export-ta_arm64/lib/libutee.a(utee_syscalls_a64.o)
                0x0000000000008eac                _utee_authenc_update_aad
 .text._utee_authenc_update_payload
                0x0000000000008eb8        0xc /home/jeferson/optee/optee_os-rpi4/out/arm-plat-rpi4/export-ta_arm64/lib/libutee.a(utee_syscalls_a64.o)
                0x0000000000008eb8                _utee_authenc_update_payload
 .text._utee_authenc_enc_final
                0x0000000000008ec4        0xc /home/jeferson/optee/optee_os-rpi4/out/arm-plat-rpi4/export-ta_arm64/lib/libutee.a(utee_syscalls_a64.o)
                0x0000000000008ec4                _utee_authenc_enc_final
 .text._utee_authenc_dec_final
                0x0000000000008ed0        0xc /home/jeferson/optee/optee_os-rpi4/out/arm-plat-rpi4/export-ta_arm64/lib/libutee.a(utee_syscalls_a64.o)
                0x0000000000008ed0                _utee_authenc_dec_final
 .text._utee_asymm_operate
                0x0000000000008edc        0xc /home/jeferson/optee/optee_os-rpi4/out/arm-plat-rpi4/export-ta_arm64/lib/libutee.a(utee_syscalls_a64.o)
                0x0000000000008edc                _utee_asymm_operate
 .text._utee_asymm_verify
                0x0000000000008ee8        0xc /home/jeferson/optee/optee_os-rpi4/out/arm-plat-rpi4/export-ta_arm64/lib/libutee.a(utee_syscalls_a64.o)
                0x0000000000008ee8                _utee_asymm_verify
 .text._utee_storage_obj_open
                0x0000000000008ef4        0xc /home/jeferson/optee/optee_os-rpi4/out/arm-plat-rpi4/export-ta_arm64/lib/libutee.a(utee_syscalls_a64.o)
                0x0000000000008ef4                _utee_storage_obj_open
 .text._utee_storage_obj_create
                0x0000000000008f00        0xc /home/jeferson/optee/optee_os-rpi4/out/arm-plat-rpi4/export-ta_arm64/lib/libutee.a(utee_syscalls_a64.o)
                0x0000000000008f00                _utee_storage_obj_create
 .text._utee_storage_obj_del
                0x0000000000008f0c        0xc /home/jeferson/optee/optee_os-rpi4/out/arm-plat-rpi4/export-ta_arm64/lib/libutee.a(utee_syscalls_a64.o)
                0x0000000000008f0c                _utee_storage_obj_del
 .text._utee_storage_obj_rename
                0x0000000000008f18        0xc /home/jeferson/optee/optee_os-rpi4/out/arm-plat-rpi4/export-ta_arm64/lib/libutee.a(utee_syscalls_a64.o)
                0x0000000000008f18                _utee_storage_obj_rename
 .text._utee_storage_alloc_enum
                0x0000000000008f24        0xc /home/jeferson/optee/optee_os-rpi4/out/arm-plat-rpi4/export-ta_arm64/lib/libutee.a(utee_syscalls_a64.o)
                0x0000000000008f24                _utee_storage_alloc_enum
 .text._utee_storage_free_enum
                0x0000000000008f30        0xc /home/jeferson/optee/optee_os-rpi4/out/arm-plat-rpi4/export-ta_arm64/lib/libutee.a(utee_syscalls_a64.o)
                0x0000000000008f30                _utee_storage_free_enum
 .text._utee_storage_reset_enum
                0x0000000000008f3c        0xc /home/jeferson/optee/optee_os-rpi4/out/arm-plat-rpi4/export-ta_arm64/lib/libutee.a(utee_syscalls_a64.o)
                0x0000000000008f3c                _utee_storage_reset_enum
 .text._utee_storage_start_enum
                0x0000000000008f48        0xc /home/jeferson/optee/optee_os-rpi4/out/arm-plat-rpi4/export-ta_arm64/lib/libutee.a(utee_syscalls_a64.o)
                0x0000000000008f48                _utee_storage_start_enum
 .text._utee_storage_next_enum
                0x0000000000008f54        0xc /home/jeferson/optee/optee_os-rpi4/out/arm-plat-rpi4/export-ta_arm64/lib/libutee.a(utee_syscalls_a64.o)
                0x0000000000008f54                _utee_storage_next_enum
 .text._utee_storage_obj_read
                0x0000000000008f60        0xc /home/jeferson/optee/optee_os-rpi4/out/arm-plat-rpi4/export-ta_arm64/lib/libutee.a(utee_syscalls_a64.o)
                0x0000000000008f60                _utee_storage_obj_read
 .text._utee_storage_obj_write
                0x0000000000008f6c        0xc /home/jeferson/optee/optee_os-rpi4/out/arm-plat-rpi4/export-ta_arm64/lib/libutee.a(utee_syscalls_a64.o)
                0x0000000000008f6c                _utee_storage_obj_write
 .text._utee_storage_obj_trunc
                0x0000000000008f78        0xc /home/jeferson/optee/optee_os-rpi4/out/arm-plat-rpi4/export-ta_arm64/lib/libutee.a(utee_syscalls_a64.o)
                0x0000000000008f78                _utee_storage_obj_trunc
 .text._utee_storage_obj_seek
                0x0000000000008f84        0xc /home/jeferson/optee/optee_os-rpi4/out/arm-plat-rpi4/export-ta_arm64/lib/libutee.a(utee_syscalls_a64.o)
                0x0000000000008f84                _utee_storage_obj_seek
 .text._utee_cryp_obj_generate_key
                0x0000000000008f90        0xc /home/jeferson/optee/optee_os-rpi4/out/arm-plat-rpi4/export-ta_arm64/lib/libutee.a(utee_syscalls_a64.o)
                0x0000000000008f90                _utee_cryp_obj_generate_key
 .text._utee_cache_operation
                0x0000000000008f9c        0xc /home/jeferson/optee/optee_os-rpi4/out/arm-plat-rpi4/export-ta_arm64/lib/libutee.a(utee_syscalls_a64.o)
                0x0000000000008f9c                _utee_cache_operation
 .text          0x0000000000008fa8      0x740 /home/jeferson/optee/optee_os-rpi4/out/arm-plat-rpi4/export-ta_arm64/lib/libutee.a(user_ta_entry.o)
                0x0000000000009270                __utee_call_elf_init_fn
                0x00000000000093bc                __utee_call_elf_fini_fn
                0x0000000000009460                __utee_entry
 .text          0x00000000000096e8      0x214 /home/jeferson/optee/optee_os-rpi4/out/arm-plat-rpi4/export-ta_arm64/lib/libutee.a(user_ta_entry_compat.o)
                0x00000000000097b0                __ta_open_sess
                0x000000000000984c                __ta_invoke_cmd
 .text.unlikely
                0x00000000000098fc       0x20 /home/jeferson/optee/optee_os-rpi4/out/arm-plat-rpi4/export-ta_arm64/lib/libutee.a(abort.o)
                0x00000000000098fc                abort
 .text          0x000000000000991c       0x58 /home/jeferson/optee/optee_os-rpi4/out/arm-plat-rpi4/export-ta_arm64/lib/libutee.a(assert.o)
                0x000000000000991c                _assert_log
                0x0000000000009960                _assert_break
 .text          0x0000000000009974     0x2150 /home/jeferson/optee/optee_os-rpi4/out/arm-plat-rpi4/export-ta_arm64/lib/libutee.a(tee_api_arith_mpi.o)
                0x000000000000a1d8                _TEE_MathAPI_Init
                0x000000000000a228                TEE_BigIntInit
                0x000000000000a288                __GP11_TEE_BigIntInit
                0x000000000000a290                TEE_BigIntConvertFromOctetString
                0x000000000000a358                __GP11_TEE_BigIntConvertFromOctetString
                0x000000000000a360                TEE_BigIntConvertToOctetString
                0x000000000000a428                __GP11_TEE_BigIntConvertToOctetString
                0x000000000000a48c                TEE_BigIntConvertFromS32
                0x000000000000a540                TEE_BigIntConvertToS32
                0x000000000000a5fc                TEE_BigIntCmp
                0x000000000000a694                TEE_BigIntCmpS32
                0x000000000000a8e4                TEE_BigIntShiftRight
                0x000000000000aa84                __GP11_TEE_BigIntShiftRight
                0x000000000000aa8c                TEE_BigIntGetBit
                0x000000000000ab10                TEE_BigIntGetBitCount
                0x000000000000ab88                TEE_BigIntSetBit
                0x000000000000ac38                TEE_BigIntAssign
                0x000000000000ac88                TEE_BigIntAbs
                0x000000000000acb4                TEE_BigIntAdd
                0x000000000000acc0                TEE_BigIntSub
                0x000000000000accc                TEE_BigIntNeg
                0x000000000000adb0                TEE_BigIntMul
                0x000000000000aec4                TEE_BigIntSquare
                0x000000000000aecc                TEE_BigIntDiv
                0x000000000000b080                TEE_BigIntMod
                0x000000000000b0ec                TEE_BigIntAddMod
                0x000000000000b0f8                TEE_BigIntSubMod
                0x000000000000b104                TEE_BigIntMulMod
                0x000000000000b110                TEE_BigIntSquareMod
                0x000000000000b11c                TEE_BigIntInvMod
                0x000000000000b26c                TEE_BigIntRelativePrime
                0x000000000000b374                TEE_BigIntExpMod
                0x000000000000b548                TEE_BigIntComputeExtendedGcd
                0x000000000000b7b0                TEE_BigIntIsProbablePrime
                0x000000000000b838                TEE_BigIntInitFMM
                0x000000000000b83c                __GP11_TEE_BigIntInitFMM
                0x000000000000b844                TEE_BigIntInitFMMContext
                0x000000000000b848                __GP11_TEE_BigIntInitFMMContext
                0x000000000000b850                TEE_BigIntInitFMMContext1
                0x000000000000b858                TEE_BigIntFMMSizeInU32
                0x000000000000b868                __GP11_TEE_BigIntFMMSizeInU32
                0x000000000000b880                TEE_BigIntFMMContextSizeInU32
                0x000000000000b888                __GP11_TEE_BigIntFMMContextSizeInU32
                0x000000000000b8a0                TEE_BigIntConvertToFMM
                0x000000000000b8a4                TEE_BigIntConvertFromFMM
                0x000000000000b978                TEE_BigIntComputeFMM
 .text          0x000000000000bac4      0xfc4 /home/jeferson/optee/optee_os-rpi4/out/arm-plat-rpi4/export-ta_arm64/lib/libutee.a(tee_api_property.o)
                0x000000000000be94                TEE_GetPropertyAsString
                0x000000000000c0ec                __GP11_TEE_GetPropertyAsString
                0x000000000000c188                TEE_GetPropertyAsBool
                0x000000000000c260                TEE_GetPropertyAsU32
                0x000000000000c348                TEE_GetPropertyAsU64
                0x000000000000c430                __GP11_TEE_GetPropertyAsBinaryBlock
                0x000000000000c518                TEE_GetPropertyAsBinaryBlock
                0x000000000000c5b4                TEE_GetPropertyAsUUID
                0x000000000000c69c                TEE_GetPropertyAsIdentity
                0x000000000000c784                TEE_ResetPropertyEnumerator
                0x000000000000c790                TEE_AllocatePropertyEnumerator
                0x000000000000c7d8                TEE_FreePropertyEnumerator
                0x000000000000c7dc                TEE_StartPropertyEnumerator
                0x000000000000c7ec                __GP11_TEE_GetPropertyName
                0x000000000000c91c                TEE_GetPropertyName
                0x000000000000c9a8                TEE_GetNextProperty
 .text          0x000000000000ca88      0x34c /home/jeferson/optee/optee_os-rpi4/out/arm-plat-rpi4/export-ta_arm64/lib/libutee.a(tcb.o)
                0x000000000000ca88                __utee_tcb_init
                0x000000000000ccc8                __tls_get_addr
                0x000000000000cce4                dl_iterate_phdr
 .text          0x000000000000cdd4      0x250 /home/jeferson/optee/optee_os-rpi4/out/arm-plat-rpi4/export-ta_arm64/lib/libutee.a(base64.o)
                0x000000000000cdd4                _base64_enc_len
                0x000000000000cdec                _base64_enc
                0x000000000000cf00                _base64_dec
 .text          0x000000000000d024     0x4180 /home/jeferson/optee/optee_os-rpi4/out/arm-plat-rpi4/export-ta_arm64/lib/libmbedtls.a(bignum.o)
                0x000000000000d7f8                mbedtls_mpi_init
                0x000000000000d808                mbedtls_mpi_init_mempool
                0x000000000000d830                mbedtls_mpi_free
                0x000000000000d89c                mbedtls_mpi_grow
                0x000000000000d9f0                mbedtls_mpi_shrink
                0x000000000000db08                mbedtls_mpi_copy
                0x000000000000dbd4                mbedtls_mpi_swap
                0x000000000000dc60                mbedtls_mpi_lset
                0x000000000000dcc8                mbedtls_mpi_get_bit
                0x000000000000dcf4                mbedtls_mpi_set_bit
                0x000000000000dd80                mbedtls_mpi_lsb
                0x000000000000ddd4                mbedtls_mpi_bitlen
                0x000000000000de30                mbedtls_mpi_size
                0x000000000000de4c                mbedtls_mpi_read_binary_le
                0x000000000000dec4                mbedtls_mpi_read_binary
                0x000000000000df48                mbedtls_mpi_write_binary_le
                0x000000000000e000                mbedtls_mpi_write_binary
                0x000000000000e0c4                mbedtls_mpi_shift_l
                0x000000000000e1d4                mbedtls_mpi_shift_r
                0x000000000000e294                mbedtls_mpi_cmp_abs
                0x000000000000e330                mbedtls_mpi_cmp_mpi
                0x000000000000e400                mbedtls_mpi_cmp_int
                0x000000000000e478                mbedtls_mpi_add_abs
                0x000000000000e598                mbedtls_mpi_sub_abs
                0x000000000000e6f4                mbedtls_mpi_add_mpi
                0x000000000000e77c                mbedtls_mpi_sub_mpi
                0x000000000000e808                mbedtls_mpi_add_int
                0x000000000000e880                mbedtls_mpi_sub_int
                0x000000000000e8f8                mbedtls_mpi_mul_mpi
                0x000000000000eaa4                mbedtls_mpi_mul_int
                0x000000000000eb4c                mbedtls_mpi_read_string
                0x000000000000ed58                mbedtls_mpi_div_mpi
                0x000000000000f278                mbedtls_mpi_div_int
                0x000000000000f2f0                mbedtls_mpi_mod_mpi
                0x000000000000f3a4                mbedtls_mpi_mod_int
                0x000000000000f440                mbedtls_mpi_write_string
                0x000000000000f778                mbedtls_mpi_montg_init
                0x000000000000f780                mbedtls_mpi_montmul
                0x000000000000f784                mbedtls_mpi_montred
                0x000000000000f788                mbedtls_mpi_exp_mod
                0x000000000000fe58                mbedtls_mpi_gcd
                0x0000000000010030                mbedtls_mpi_fill_random
                0x000000000001033c                mbedtls_mpi_random
                0x00000000000104f4                mbedtls_mpi_inv_mod
                0x000000000001094c                mbedtls_mpi_is_prime_ext
                0x0000000000010a28                mbedtls_mpi_is_prime
                0x0000000000010a38                mbedtls_mpi_gen_prime
                0x0000000000010d84                mbedtls_mpi_self_test
 .text          0x00000000000111a4      0x7c4 /home/jeferson/optee/optee_os-rpi4/out/arm-plat-rpi4/export-ta_arm64/lib/libmbedtls.a(constant_time.o)
                0x00000000000111c4                mbedtls_ct_memcmp
                0x000000000001120c                mbedtls_ct_uint_mask
                0x000000000001121c                mbedtls_ct_mpi_uint_mask
                0x000000000001122c                mbedtls_ct_size_bool_eq
                0x0000000000011244                mbedtls_ct_mpi_uint_lt
                0x0000000000011260                mbedtls_ct_uint_if
                0x0000000000011290                mbedtls_ct_mpi_uint_cond_assign
                0x00000000000112cc                mbedtls_ct_base64_enc_char
                0x0000000000011380                mbedtls_ct_base64_dec_value
                0x000000000001143c                mbedtls_mpi_safe_cond_assign
                0x00000000000114f8                mbedtls_mpi_safe_cond_swap
                0x00000000000115f4                mbedtls_mpi_lt_mpi_ct
                0x00000000000116ec                mbedtls_ct_rsaes_pkcs1_v15_unpadding
 .text          0x0000000000011968       0x20 /home/jeferson/optee/optee_os-rpi4/out/arm-plat-rpi4/export-ta_arm64/lib/libmbedtls.a(platform_util.o)
                0x0000000000011968                mbedtls_platform_zeroize
 .text          0x0000000000011988      0xee0 /home/jeferson/optee/optee_os-rpi4/out/arm-plat-rpi4/export-ta_arm64/lib/libutils.a(bget_malloc.o)
                0x00000000000119f8                bget
                0x0000000000011cd8                bgetz
                0x0000000000011d60                brel
                0x0000000000012024                bgetr
                0x00000000000120f4                bpool
                0x00000000000121c4                bstats
                0x0000000000012258                malloc_reset_stats
                0x0000000000012270                raw_memalign
                0x00000000000122f4                raw_malloc
                0x0000000000012304                raw_free
                0x0000000000012314                raw_calloc
                0x0000000000012384                raw_realloc
                0x0000000000012478                malloc
                0x0000000000012490                calloc
                0x00000000000124ac                realloc
                0x00000000000124c4                memalign
                0x00000000000124e0                aligned_alloc
                0x00000000000124f8                free
                0x0000000000012508                free_wipe
                0x0000000000012518                raw_malloc_get_ctx_size
                0x0000000000012520                raw_malloc_init_ctx
                0x000000000001253c                raw_malloc_add_pool
                0x0000000000012610                raw_malloc_buffer_overlaps_heap
                0x0000000000012690                raw_malloc_buffer_is_within_alloced
                0x00000000000127e0                raw_malloc_get_stats
                0x000000000001281c                malloc_get_stats
                0x000000000001282c                malloc_add_pool
                0x0000000000012840                malloc_buffer_is_within_alloced
                0x0000000000012854                malloc_buffer_overlaps_heap
 .text          0x0000000000012868      0x12c /home/jeferson/optee/optee_os-rpi4/out/arm-plat-rpi4/export-ta_arm64/lib/libutils.a(snprintf.o)
                0x0000000000012868                snprintf
                0x000000000001293c                vsnprintf
 .text          0x0000000000012994       0x5c /home/jeferson/optee/optee_os-rpi4/out/arm-plat-rpi4/export-ta_arm64/lib/libutils.a(memmove.o)
                0x0000000000012994                memmove
 .text          0x00000000000129f0       0x1c /home/jeferson/optee/optee_os-rpi4/out/arm-plat-rpi4/export-ta_arm64/lib/libutils.a(memset.o)
                0x00000000000129f0                memset
 .text          0x0000000000012a0c       0x24 /home/jeferson/optee/optee_os-rpi4/out/arm-plat-rpi4/export-ta_arm64/lib/libutils.a(strcmp.o)
                0x0000000000012a0c                strcmp
 .text          0x0000000000012a30       0x38 /home/jeferson/optee/optee_os-rpi4/out/arm-plat-rpi4/export-ta_arm64/lib/libutils.a(strlcpy.o)
                0x0000000000012a30                strlcpy
 .text          0x0000000000012a68      0x190 /home/jeferson/optee/optee_os-rpi4/out/arm-plat-rpi4/export-ta_arm64/lib/libutils.a(mempool.o)
                0x0000000000012a68                mempool_alloc_pool
                0x0000000000012b30                mempool_alloc
                0x0000000000012b94                mempool_calloc
                0x0000000000012be4                mempool_free
 .text          0x0000000000012bf8       0x70 /home/jeferson/optee/optee_os-rpi4/out/arm-plat-rpi4/export-ta_arm64/lib/libutils.a(consttime_memcmp.o)
                0x0000000000012bf8                consttime_memcmp
 .text          0x0000000000012c68        0x0 /home/jeferson/optee/optee_os-rpi4/out/arm-plat-rpi4/export-ta_arm64/lib/libutee.a(utee_syscalls_a64.o)
 .text          0x0000000000012c68        0x0 /home/jeferson/optee/optee_os-rpi4/out/arm-plat-rpi4/export-ta_arm64/lib/libutee.a(abort.o)
 *(SORT_BY_ALIGNMENT(.stub))
 *(SORT_BY_ALIGNMENT(.glue_7))
 *(SORT_BY_ALIGNMENT(.glue_7t))
 *(SORT_BY_ALIGNMENT(.gnu.linkonce.t.*))
 *(SORT_BY_ALIGNMENT(.vfp11_veneer))
                0x0000000000012c68                __text_end = .

.note.gnu.property
 *(SORT_BY_ALIGNMENT(.note.gnu.property))

.plt            0x0000000000012c68        0x0
 *(SORT_BY_ALIGNMENT(.plt))
 .plt           0x0000000000012c68        0x0 ./hotp_ta.o

.eh_frame_hdr
 *(SORT_BY_ALIGNMENT(.eh_frame_hdr))
 *(SORT_BY_ALIGNMENT(.eh_frame_entry) SORT_BY_ALIGNMENT(.eh_frame_entry.*))

.eh_frame       0x0000000000012c68     0x3be4
 *(SORT_BY_ALIGNMENT(.eh_frame))
 .eh_frame      0x0000000000012c68       0xb0 ./hotp_ta.o
 .eh_frame      0x0000000000012d18       0x58 ./user_ta_header.o
                                         0x68 (size before relaxing)
 .eh_frame      0x0000000000012d70       0x18 /home/jeferson/optee/optee_os-rpi4/out/arm-plat-rpi4/export-ta_arm64/lib/libutils.a(stack_check.o)
                                         0x30 (size before relaxing)
 .eh_frame      0x0000000000012d88       0x18 /home/jeferson/optee/optee_os-rpi4/out/arm-plat-rpi4/export-ta_arm64/lib/libutils.a(memcpy.o)
                                         0x28 (size before relaxing)
 .eh_frame      0x0000000000012da0       0xb8 /home/jeferson/optee/optee_os-rpi4/out/arm-plat-rpi4/export-ta_arm64/lib/libutils.a(trace.o)
                                         0xc8 (size before relaxing)
 .eh_frame      0x0000000000012e58       0xf0 /home/jeferson/optee/optee_os-rpi4/out/arm-plat-rpi4/export-ta_arm64/lib/libutils.a(snprintk.o)
                                        0x100 (size before relaxing)
 .eh_frame      0x0000000000012f48       0x18 /home/jeferson/optee/optee_os-rpi4/out/arm-plat-rpi4/export-ta_arm64/lib/libutils.a(memchr.o)
                                         0x28 (size before relaxing)
 .eh_frame      0x0000000000012f60       0x18 /home/jeferson/optee/optee_os-rpi4/out/arm-plat-rpi4/export-ta_arm64/lib/libutils.a(strlen.o)
                                         0x28 (size before relaxing)
 .eh_frame      0x0000000000012f78       0xa8 /home/jeferson/optee/optee_os-rpi4/out/arm-plat-rpi4/export-ta_arm64/lib/libutee.a(trace_ext.o)
                                         0xc0 (size before relaxing)
 .eh_frame      0x0000000000013020      0x588 /home/jeferson/optee/optee_os-rpi4/out/arm-plat-rpi4/export-ta_arm64/lib/libutee.a(tee_api.o)
                                        0x5a0 (size before relaxing)
 .eh_frame      0x00000000000135a8      0x758 /home/jeferson/optee/optee_os-rpi4/out/arm-plat-rpi4/export-ta_arm64/lib/libutee.a(tee_api_objects.o)
                                        0x768 (size before relaxing)
 .eh_frame      0x0000000000013d00      0xae8 /home/jeferson/optee/optee_os-rpi4/out/arm-plat-rpi4/export-ta_arm64/lib/libutee.a(tee_api_operations.o)
                                        0xaf8 (size before relaxing)
 .eh_frame      0x00000000000147e8      0x178 /home/jeferson/optee/optee_os-rpi4/out/arm-plat-rpi4/export-ta_arm64/lib/libutee.a(tee_api_panic.o)
                                        0x188 (size before relaxing)
 .eh_frame      0x0000000000014960       0xa8 /home/jeferson/optee/optee_os-rpi4/out/arm-plat-rpi4/export-ta_arm64/lib/libutee.a(tee_system_pta.o)
                                         0xc0 (size before relaxing)
 .eh_frame      0x0000000000014a08      0x150 /home/jeferson/optee/optee_os-rpi4/out/arm-plat-rpi4/export-ta_arm64/lib/libutee.a(user_ta_entry.o)
                                        0x160 (size before relaxing)
 .eh_frame      0x0000000000014b58       0x80 /home/jeferson/optee/optee_os-rpi4/out/arm-plat-rpi4/export-ta_arm64/lib/libutee.a(user_ta_entry_compat.o)
                                         0x98 (size before relaxing)
 .eh_frame      0x0000000000014bd8       0x18 /home/jeferson/optee/optee_os-rpi4/out/arm-plat-rpi4/export-ta_arm64/lib/libutee.a(abort.o)
                                         0x30 (size before relaxing)
 .eh_frame      0x0000000000014bf0       0x38 /home/jeferson/optee/optee_os-rpi4/out/arm-plat-rpi4/export-ta_arm64/lib/libutee.a(assert.o)
                                         0x50 (size before relaxing)
 .eh_frame      0x0000000000014c28      0x7d0 /home/jeferson/optee/optee_os-rpi4/out/arm-plat-rpi4/export-ta_arm64/lib/libutee.a(tee_api_arith_mpi.o)
                                        0x7e0 (size before relaxing)
 .eh_frame      0x00000000000153f8      0x310 /home/jeferson/optee/optee_os-rpi4/out/arm-plat-rpi4/export-ta_arm64/lib/libutee.a(tee_api_property.o)
                                        0x320 (size before relaxing)
 .eh_frame      0x0000000000015708       0x90 /home/jeferson/optee/optee_os-rpi4/out/arm-plat-rpi4/export-ta_arm64/lib/libutee.a(tcb.o)
                                         0xa0 (size before relaxing)
 .eh_frame      0x0000000000015798       0x58 /home/jeferson/optee/optee_os-rpi4/out/arm-plat-rpi4/export-ta_arm64/lib/libutee.a(base64.o)
                                         0x70 (size before relaxing)
 .eh_frame      0x00000000000157f0      0x988 /home/jeferson/optee/optee_os-rpi4/out/arm-plat-rpi4/export-ta_arm64/lib/libmbedtls.a(bignum.o)
                                        0x9a0 (size before relaxing)
 .eh_frame      0x0000000000016178      0x1e8 /home/jeferson/optee/optee_os-rpi4/out/arm-plat-rpi4/export-ta_arm64/lib/libmbedtls.a(constant_time.o)
                                        0x1f8 (size before relaxing)
 .eh_frame      0x0000000000016360       0x18 /home/jeferson/optee/optee_os-rpi4/out/arm-plat-rpi4/export-ta_arm64/lib/libmbedtls.a(platform_util.o)
                                         0x28 (size before relaxing)
 .eh_frame      0x0000000000016378      0x378 /home/jeferson/optee/optee_os-rpi4/out/arm-plat-rpi4/export-ta_arm64/lib/libutils.a(bget_malloc.o)
                                        0x388 (size before relaxing)
 .eh_frame      0x00000000000166f0       0x58 /home/jeferson/optee/optee_os-rpi4/out/arm-plat-rpi4/export-ta_arm64/lib/libutils.a(snprintf.o)
                                         0x68 (size before relaxing)
 .eh_frame      0x0000000000016748       0x18 /home/jeferson/optee/optee_os-rpi4/out/arm-plat-rpi4/export-ta_arm64/lib/libutils.a(memmove.o)
                                         0x28 (size before relaxing)
 .eh_frame      0x0000000000016760       0x18 /home/jeferson/optee/optee_os-rpi4/out/arm-plat-rpi4/export-ta_arm64/lib/libutils.a(memset.o)
                                         0x28 (size before relaxing)
 .eh_frame      0x0000000000016778       0x18 /home/jeferson/optee/optee_os-rpi4/out/arm-plat-rpi4/export-ta_arm64/lib/libutils.a(strcmp.o)
                                         0x28 (size before relaxing)
 .eh_frame      0x0000000000016790       0x18 /home/jeferson/optee/optee_os-rpi4/out/arm-plat-rpi4/export-ta_arm64/lib/libutils.a(strlcpy.o)
                                         0x28 (size before relaxing)
 .eh_frame      0x00000000000167a8       0x88 /home/jeferson/optee/optee_os-rpi4/out/arm-plat-rpi4/export-ta_arm64/lib/libutils.a(mempool.o)
                                         0xa0 (size before relaxing)
 .eh_frame      0x0000000000016830       0x1c /home/jeferson/optee/optee_os-rpi4/out/arm-plat-rpi4/export-ta_arm64/lib/libutils.a(consttime_memcmp.o)
                                         0x30 (size before relaxing)
 *(SORT_BY_ALIGNMENT(.eh_frame.*))

.gcc_except_table
 *(SORT_BY_ALIGNMENT(.gcc_except_table) SORT_BY_ALIGNMENT(.gcc_except_table.*))

.rodata         0x0000000000016850     0x12e4
 *(SORT_BY_ALIGNMENT(.gnu.linkonce.r.*))
 *(SORT_BY_ALIGNMENT(.rodata) SORT_BY_ALIGNMENT(.rodata.*))
 .rodata.user_ta_header.c
                0x0000000000016850       0x33 ./user_ta_header.o
                0x0000000000016850                ta_num_props
                0x0000000000016870                __ta_no_share_heap_size
                0x0000000000016878                ta_heap_size
                0x0000000000016880                trace_ext_prefix
 *fill*         0x0000000000016883        0x5 
 .rodata.lib/libutee/tee_api.c
                0x0000000000016888       0x20 /home/jeferson/optee/optee_os-rpi4/out/arm-plat-rpi4/export-ta_arm64/lib/libutee.a(tee_api.o)
 .rodata.lib/libutils/ext/snprintk.c
                0x00000000000168a8       0xac /home/jeferson/optee/optee_os-rpi4/out/arm-plat-rpi4/export-ta_arm64/lib/libutils.a(snprintk.o)
 .rodata.lib/libutee/tee_api_operations.c
                0x0000000000016954       0x1c /home/jeferson/optee/optee_os-rpi4/out/arm-plat-rpi4/export-ta_arm64/lib/libutee.a(tee_api_operations.o)
 .rodata.lib/libutee/tee_system_pta.c
                0x0000000000016970       0x31 /home/jeferson/optee/optee_os-rpi4/out/arm-plat-rpi4/export-ta_arm64/lib/libutee.a(tee_system_pta.o)
 *fill*         0x00000000000169a1        0x3 
 .rodata.lib/libutee/tee_api_property.c
                0x00000000000169a4       0x20 /home/jeferson/optee/optee_os-rpi4/out/arm-plat-rpi4/export-ta_arm64/lib/libutee.a(tee_api_property.o)
 .rodata.lib/libutee/base64.c
                0x00000000000169c4       0x45 /home/jeferson/optee/optee_os-rpi4/out/arm-plat-rpi4/export-ta_arm64/lib/libutee.a(base64.o)
 *fill*         0x0000000000016a09        0x3 
 .rodata.lib/libmbedtls/mbedtls/library/bignum.c
                0x0000000000016a0c      0x2c4 /home/jeferson/optee/optee_os-rpi4/out/arm-plat-rpi4/export-ta_arm64/lib/libmbedtls.a(bignum.o)
 .rodata.str1.1.hotp_ta.c
                0x0000000000016cd0       0x4b ./hotp_ta.o
 .rodata.hotp_ta.c
                0x0000000000016d1b       0x27 ./hotp_ta.o
 .rodata.str1.1.user_ta_header.c
                0x0000000000016d42       0xe5 ./user_ta_header.o
 .rodata.str1.1.lib/libutils/isoc/stack_check.c
                0x0000000000016e27       0x18 /home/jeferson/optee/optee_os-rpi4/out/arm-plat-rpi4/export-ta_arm64/lib/libutils.a(stack_check.o)
 .rodata.str1.1.lib/libutils/ext/trace.c
                0x0000000000016e3f       0x1a /home/jeferson/optee/optee_os-rpi4/out/arm-plat-rpi4/export-ta_arm64/lib/libutils.a(trace.o)
                                         0x1b (size before relaxing)
 .rodata.lib/libutils/ext/trace.c
                0x0000000000016e59        0x5 /home/jeferson/optee/optee_os-rpi4/out/arm-plat-rpi4/export-ta_arm64/lib/libutils.a(trace.o)
 .rodata.str1.1.lib/libutils/ext/snprintk.c
                0x0000000000016e5e       0x38 /home/jeferson/optee/optee_os-rpi4/out/arm-plat-rpi4/export-ta_arm64/lib/libutils.a(snprintk.o)
 .rodata.str1.1.lib/libutee/trace_ext.c
                0x0000000000016e96       0x38 /home/jeferson/optee/optee_os-rpi4/out/arm-plat-rpi4/export-ta_arm64/lib/libutee.a(trace_ext.o)
                                          0x2 (size before relaxing)
 .rodata.str1.1.lib/libutee/tee_api.c
                0x0000000000016e96       0x11 /home/jeferson/optee/optee_os-rpi4/out/arm-plat-rpi4/export-ta_arm64/lib/libutee.a(tee_api.o)
 .rodata.str1.1.lib/libutee/tee_api_operations.c
                0x0000000000016ea7       0x39 /home/jeferson/optee/optee_os-rpi4/out/arm-plat-rpi4/export-ta_arm64/lib/libutee.a(tee_api_operations.o)
 .rodata.str1.1.lib/libutee/tee_system_pta.c
                0x0000000000016ee0       0x55 /home/jeferson/optee/optee_os-rpi4/out/arm-plat-rpi4/export-ta_arm64/lib/libutee.a(tee_system_pta.o)
 .rodata.str1.1.lib/libutee/arch/arm/user_ta_entry.c
                0x0000000000016f35       0x4f /home/jeferson/optee/optee_os-rpi4/out/arm-plat-rpi4/export-ta_arm64/lib/libutee.a(user_ta_entry.o)
 .rodata.lib/libutee/arch/arm/user_ta_entry.c
                0x0000000000016f84       0x16 /home/jeferson/optee/optee_os-rpi4/out/arm-plat-rpi4/export-ta_arm64/lib/libutee.a(user_ta_entry.o)
 .rodata.str1.1.lib/libutee/abort.c
                0x0000000000016f9a        0x7 /home/jeferson/optee/optee_os-rpi4/out/arm-plat-rpi4/export-ta_arm64/lib/libutee.a(abort.o)
 .rodata.str1.1.lib/libutee/assert.c
                0x0000000000016fa1       0x27 /home/jeferson/optee/optee_os-rpi4/out/arm-plat-rpi4/export-ta_arm64/lib/libutee.a(assert.o)
 .rodata.str1.1.lib/libutee/tee_api_arith_mpi.c
                0x0000000000016fc8       0xc9 /home/jeferson/optee/optee_os-rpi4/out/arm-plat-rpi4/export-ta_arm64/lib/libutee.a(tee_api_arith_mpi.o)
 .rodata.lib/libutee/tee_api_arith_mpi.c
                0x0000000000017091      0x14e /home/jeferson/optee/optee_os-rpi4/out/arm-plat-rpi4/export-ta_arm64/lib/libutee.a(tee_api_arith_mpi.o)
 .rodata.str1.1.lib/libutee/tee_api_property.c
                0x00000000000171df       0x83 /home/jeferson/optee/optee_os-rpi4/out/arm-plat-rpi4/export-ta_arm64/lib/libutee.a(tee_api_property.o)
                                         0x88 (size before relaxing)
 .rodata.str1.1.lib/libutee/arch/arm/tcb.c
                0x0000000000017262       0x96 /home/jeferson/optee/optee_os-rpi4/out/arm-plat-rpi4/export-ta_arm64/lib/libutee.a(tcb.o)
 .rodata.lib/libutee/arch/arm/tcb.c
                0x00000000000172f8       0x20 /home/jeferson/optee/optee_os-rpi4/out/arm-plat-rpi4/export-ta_arm64/lib/libutee.a(tcb.o)
 .rodata.str1.1.lib/libmbedtls/mbedtls/library/bignum.c
                0x0000000000017318      0x456 /home/jeferson/optee/optee_os-rpi4/out/arm-plat-rpi4/export-ta_arm64/lib/libmbedtls.a(bignum.o)
                                        0x45d (size before relaxing)
 .rodata.str1.1.lib/libutils/isoc/bget_malloc.c
                0x000000000001776e      0x2b9 /home/jeferson/optee/optee_os-rpi4/out/arm-plat-rpi4/export-ta_arm64/lib/libutils.a(bget_malloc.o)
                                        0x2c2 (size before relaxing)
 .rodata.lib/libutils/isoc/bget_malloc.c
                0x0000000000017a27       0x58 /home/jeferson/optee/optee_os-rpi4/out/arm-plat-rpi4/export-ta_arm64/lib/libutils.a(bget_malloc.o)
 .rodata.str1.1.lib/libutils/ext/mempool.c
                0x0000000000017a7f       0x89 /home/jeferson/optee/optee_os-rpi4/out/arm-plat-rpi4/export-ta_arm64/lib/libutils.a(mempool.o)
 .rodata.lib/libutils/ext/mempool.c
                0x0000000000017b08       0x2c /home/jeferson/optee/optee_os-rpi4/out/arm-plat-rpi4/export-ta_arm64/lib/libutils.a(mempool.o)

.gnu.version_d  0x0000000000017b38        0x0
 .gnu.version_d
                0x0000000000017b38        0x0 ./hotp_ta.o

.gnu.version    0x0000000000017b34        0x0
 .gnu.version   0x0000000000017b34        0x0 ./hotp_ta.o

.gnu.version_r  0x0000000000017b38        0x0
 .gnu.version_r
                0x0000000000017b38        0x0 ./hotp_ta.o

.gnu.hash       0x0000000000017b38       0x30
 .gnu.hash      0x0000000000017b38       0x30 ./hotp_ta.o

.ARM.extab
 *(SORT_BY_ALIGNMENT(.ARM.extab*) SORT_BY_ALIGNMENT(.gnu.linkonce.armextab.*))
                [!provide]                        PROVIDE (__exidx_start = .)

.ARM.exidx
 *(SORT_BY_ALIGNMENT(.ARM.exidx*) SORT_BY_ALIGNMENT(.gnu.linkonce.armexidx.*))
                [!provide]                        PROVIDE (__exidx_end = .)

.ctors
 *(SORT_BY_ALIGNMENT(.ctors))

.dtors
 *(SORT_BY_ALIGNMENT(.dtors))

.dynsym         0x0000000000017b68       0x90
 *(SORT_BY_ALIGNMENT(.dynsym))
 .dynsym        0x0000000000017b68       0x90 ./hotp_ta.o

.dynstr         0x0000000000017bf8       0x2e
 *(SORT_BY_ALIGNMENT(.dynstr))
 .dynstr        0x0000000000017bf8       0x2e ./hotp_ta.o

.hash           0x0000000000017c28       0x2c
 *(SORT_BY_ALIGNMENT(.hash))
 .hash          0x0000000000017c28       0x2c ./hotp_ta.o

.rela.dyn       0x0000000000017c58      0x2e8
 .rela.data.rel.ro
                0x0000000000017c58        0x0 ./hotp_ta.o
 .rela.ifunc    0x0000000000017c58        0x0 ./hotp_ta.o
 .rela.data.rel.ro.local
                0x0000000000017c58      0x270 ./hotp_ta.o
 .rela.data.rel.local
                0x0000000000017ec8       0x60 ./hotp_ta.o
 .rela.data.rel
                0x0000000000017f28       0x18 ./hotp_ta.o
                0x0000000000018000                . = ALIGN (0x1000)

.dynamic        0x0000000000018000      0x110
 *(SORT_BY_ALIGNMENT(.dynamic))
 .dynamic       0x0000000000018000      0x110 ./hotp_ta.o
                0x0000000000018000                _DYNAMIC

.tdata
 *(SORT_BY_ALIGNMENT(.tdata) SORT_BY_ALIGNMENT(.tdata.*) SORT_BY_ALIGNMENT(.gnu.linkonce.td.*))

.tbss
 *(SORT_BY_ALIGNMENT(.tbss) SORT_BY_ALIGNMENT(.tbss.*) SORT_BY_ALIGNMENT(.gnu.linkonce.tb.*))
 *(SORT_BY_ALIGNMENT(.tcommon))

.got            0x0000000000018110       0xe0
 *(SORT_BY_ALIGNMENT(.got.plt))
 .got.plt       0x0000000000018110       0x18 ./hotp_ta.o
 *(SORT_BY_ALIGNMENT(.got))
 .got           0x0000000000018128       0xc8 ./hotp_ta.o
                0x0000000000018128                _GLOBAL_OFFSET_TABLE_

.rel.text
 *(SORT_BY_ALIGNMENT(.rel.text))
 *(SORT_BY_ALIGNMENT(.rel.gnu.linkonce.t*))

.rela.text
 *(SORT_BY_ALIGNMENT(.rela.text))
 *(SORT_BY_ALIGNMENT(.rela.gnu.linkonce.t*))

.rel.data
 *(SORT_BY_ALIGNMENT(.rel.data))
 *(SORT_BY_ALIGNMENT(.rel.gnu.linkonce.d*))

.rela.data
 *(SORT_BY_ALIGNMENT(.rela.data))
 *(SORT_BY_ALIGNMENT(.rela.gnu.linkonce.d*))

.rel.tdata
 *(SORT_BY_ALIGNMENT(.rel.tdata) SORT_BY_ALIGNMENT(.rel.tdata.*) SORT_BY_ALIGNMENT(.rel.gnu.linkonce.td.*))

.rela.tdata
 *(SORT_BY_ALIGNMENT(.rela.tdata) SORT_BY_ALIGNMENT(.rela.tdata.*) SORT_BY_ALIGNMENT(.rela.gnu.linkonce.td.*))

.rel.tbss
 *(SORT_BY_ALIGNMENT(.rel.tbss) SORT_BY_ALIGNMENT(.rel.tbss.*) SORT_BY_ALIGNMENT(.rel.gnu.linkonce.tb.*))

.rela.tbss
 *(SORT_BY_ALIGNMENT(.rela.tbss) SORT_BY_ALIGNMENT(.rela.tbss.*) SORT_BY_ALIGNMENT(.rela.gnu.linkonce.tb.*))

.rel.rodata
 *(SORT_BY_ALIGNMENT(.rel.rodata))
 *(SORT_BY_ALIGNMENT(.rel.gnu.linkonce.r*))

.rela.rodata
 *(SORT_BY_ALIGNMENT(.rela.rodata))
 *(SORT_BY_ALIGNMENT(.rela.gnu.linkonce.r*))

.rel.dyn
 *(SORT_BY_ALIGNMENT(.rel.dyn))

.rel.got
 *(SORT_BY_ALIGNMENT(.rel.got))

.rela.got       0x00000000000181f0      0x240
 *(SORT_BY_ALIGNMENT(.rela.got))
 .rela.got      0x00000000000181f0      0x240 ./hotp_ta.o

.rel.ctors
 *(SORT_BY_ALIGNMENT(.rel.ctors))

.rela.ctors
 *(SORT_BY_ALIGNMENT(.rela.ctors))

.rel.dtors
 *(SORT_BY_ALIGNMENT(.rel.dtors))

.rela.dtors
 *(SORT_BY_ALIGNMENT(.rela.dtors))

.rel.init
 *(SORT_BY_ALIGNMENT(.rel.init))

.rela.init
 *(SORT_BY_ALIGNMENT(.rela.init))

.rel.fini
 *(SORT_BY_ALIGNMENT(.rel.fini))

.rela.fini
 *(SORT_BY_ALIGNMENT(.rela.fini))

.rel.bss
 *(SORT_BY_ALIGNMENT(.rel.bss))

.rela.bss       0x0000000000018430        0x0
 *(SORT_BY_ALIGNMENT(.rela.bss))
 .rela.bss      0x0000000000018430        0x0 ./hotp_ta.o

.rel.plt
 *(SORT_BY_ALIGNMENT(.rel.plt))

.rela.plt       0x0000000000018430        0x0
 *(SORT_BY_ALIGNMENT(.rela.plt))
 .rela.plt      0x0000000000018430        0x0 ./hotp_ta.o

.data           0x0000000000018430      0x1ec
 *(SORT_BY_ALIGNMENT(.data) SORT_BY_ALIGNMENT(.data.*) SORT_BY_ALIGNMENT(.gnu.linkonce.d.*))
 .data.rel.ro.local
                0x0000000000018430       0xd8 ./user_ta_header.o
                0x0000000000018430                ta_props
 .data          0x0000000000018508        0x8 /home/jeferson/optee/optee_os-rpi4/out/arm-plat-rpi4/export-ta_arm64/lib/libutils.a(stack_check.o)
                0x0000000000018508                __stack_chk_guard
 .data.rel.local
                0x0000000000018510       0x20 /home/jeferson/optee/optee_os-rpi4/out/arm-plat-rpi4/export-ta_arm64/lib/libutee.a(user_ta_entry.o)
 .data.rel.ro.local
                0x0000000000018530       0x60 /home/jeferson/optee/optee_os-rpi4/out/arm-plat-rpi4/export-ta_arm64/lib/libutee.a(tee_api_property.o)
                0x0000000000018530                tee_props
 .data.rel      0x0000000000018590        0x8 /home/jeferson/optee/optee_os-rpi4/out/arm-plat-rpi4/export-ta_arm64/lib/libmbedtls.a(platform_util.o)
 .data.rel.local
                0x0000000000018598       0x80 /home/jeferson/optee/optee_os-rpi4/out/arm-plat-rpi4/export-ta_arm64/lib/libutils.a(bget_malloc.o)
 .data          0x0000000000018618        0x4 ./user_ta_header.o
                0x0000000000018618                trace_level
 .data          0x000000000001861c        0x0 ./hotp_ta.o
 .data.rel.ro   0x000000000001861c        0x0 ./hotp_ta.o
 .data          0x000000000001861c        0x0 /home/jeferson/optee/optee_os-rpi4/out/arm-plat-rpi4/export-ta_arm64/lib/libutils.a(memcpy.o)
 .data          0x000000000001861c        0x0 /home/jeferson/optee/optee_os-rpi4/out/arm-plat-rpi4/export-ta_arm64/lib/libutils.a(trace.o)
 .data          0x000000000001861c        0x0 /home/jeferson/optee/optee_os-rpi4/out/arm-plat-rpi4/export-ta_arm64/lib/libutils.a(snprintk.o)
 .data          0x000000000001861c        0x0 /home/jeferson/optee/optee_os-rpi4/out/arm-plat-rpi4/export-ta_arm64/lib/libutils.a(memchr.o)
 .data          0x000000000001861c        0x0 /home/jeferson/optee/optee_os-rpi4/out/arm-plat-rpi4/export-ta_arm64/lib/libutils.a(strlen.o)
 .data          0x000000000001861c        0x0 /home/jeferson/optee/optee_os-rpi4/out/arm-plat-rpi4/export-ta_arm64/lib/libutee.a(trace_ext.o)
 .data          0x000000000001861c        0x0 /home/jeferson/optee/optee_os-rpi4/out/arm-plat-rpi4/export-ta_arm64/lib/libutee.a(tee_api.o)
 .data          0x000000000001861c        0x0 /home/jeferson/optee/optee_os-rpi4/out/arm-plat-rpi4/export-ta_arm64/lib/libutee.a(tee_api_objects.o)
 .data          0x000000000001861c        0x0 /home/jeferson/optee/optee_os-rpi4/out/arm-plat-rpi4/export-ta_arm64/lib/libutee.a(tee_api_operations.o)
 .data          0x000000000001861c        0x0 /home/jeferson/optee/optee_os-rpi4/out/arm-plat-rpi4/export-ta_arm64/lib/libutee.a(tee_api_panic.o)
 .data          0x000000000001861c        0x0 /home/jeferson/optee/optee_os-rpi4/out/arm-plat-rpi4/export-ta_arm64/lib/libutee.a(tee_system_pta.o)
 .data          0x000000000001861c        0x0 /home/jeferson/optee/optee_os-rpi4/out/arm-plat-rpi4/export-ta_arm64/lib/libutee.a(utee_syscalls_a64.o)
 .data          0x000000000001861c        0x0 /home/jeferson/optee/optee_os-rpi4/out/arm-plat-rpi4/export-ta_arm64/lib/libutee.a(user_ta_entry.o)
 .data          0x000000000001861c        0x0 /home/jeferson/optee/optee_os-rpi4/out/arm-plat-rpi4/export-ta_arm64/lib/libutee.a(user_ta_entry_compat.o)
 .data          0x000000000001861c        0x0 /home/jeferson/optee/optee_os-rpi4/out/arm-plat-rpi4/export-ta_arm64/lib/libutee.a(abort.o)
 .data          0x000000000001861c        0x0 /home/jeferson/optee/optee_os-rpi4/out/arm-plat-rpi4/export-ta_arm64/lib/libutee.a(assert.o)
 .data          0x000000000001861c        0x0 /home/jeferson/optee/optee_os-rpi4/out/arm-plat-rpi4/export-ta_arm64/lib/libutee.a(tee_api_arith_mpi.o)
 .data          0x000000000001861c        0x0 /home/jeferson/optee/optee_os-rpi4/out/arm-plat-rpi4/export-ta_arm64/lib/libutee.a(tee_api_property.o)
 .data          0x000000000001861c        0x0 /home/jeferson/optee/optee_os-rpi4/out/arm-plat-rpi4/export-ta_arm64/lib/libutee.a(tcb.o)
 .data          0x000000000001861c        0x0 /home/jeferson/optee/optee_os-rpi4/out/arm-plat-rpi4/export-ta_arm64/lib/libutee.a(base64.o)
 .data          0x000000000001861c        0x0 /home/jeferson/optee/optee_os-rpi4/out/arm-plat-rpi4/export-ta_arm64/lib/libmbedtls.a(bignum.o)
 .data          0x000000000001861c        0x0 /home/jeferson/optee/optee_os-rpi4/out/arm-plat-rpi4/export-ta_arm64/lib/libmbedtls.a(constant_time.o)
 .data          0x000000000001861c        0x0 /home/jeferson/optee/optee_os-rpi4/out/arm-plat-rpi4/export-ta_arm64/lib/libmbedtls.a(platform_util.o)
 .data          0x000000000001861c        0x0 /home/jeferson/optee/optee_os-rpi4/out/arm-plat-rpi4/export-ta_arm64/lib/libutils.a(bget_malloc.o)
 .data          0x000000000001861c        0x0 /home/jeferson/optee/optee_os-rpi4/out/arm-plat-rpi4/export-ta_arm64/lib/libutils.a(snprintf.o)
 .data          0x000000000001861c        0x0 /home/jeferson/optee/optee_os-rpi4/out/arm-plat-rpi4/export-ta_arm64/lib/libutils.a(memmove.o)
 .data          0x000000000001861c        0x0 /home/jeferson/optee/optee_os-rpi4/out/arm-plat-rpi4/export-ta_arm64/lib/libutils.a(memset.o)
 .data          0x000000000001861c        0x0 /home/jeferson/optee/optee_os-rpi4/out/arm-plat-rpi4/export-ta_arm64/lib/libutils.a(strcmp.o)
 .data          0x000000000001861c        0x0 /home/jeferson/optee/optee_os-rpi4/out/arm-plat-rpi4/export-ta_arm64/lib/libutils.a(strlcpy.o)
 .data          0x000000000001861c        0x0 /home/jeferson/optee/optee_os-rpi4/out/arm-plat-rpi4/export-ta_arm64/lib/libutils.a(mempool.o)
 .data          0x000000000001861c        0x0 /home/jeferson/optee/optee_os-rpi4/out/arm-plat-rpi4/export-ta_arm64/lib/libutils.a(consttime_memcmp.o)

.bss            0x0000000000018620     0xb8a0
 *(SORT_BY_ALIGNMENT(.bss) SORT_BY_ALIGNMENT(.bss.*) SORT_BY_ALIGNMENT(.gnu.linkonce.b.*) SORT_BY_ALIGNMENT(COMMON))
 .bss           0x0000000000018620       0x10 /home/jeferson/optee/optee_os-rpi4/out/arm-plat-rpi4/export-ta_arm64/lib/libutee.a(tee_api.o)
 .bss           0x0000000000018630        0x8 /home/jeferson/optee/optee_os-rpi4/out/arm-plat-rpi4/export-ta_arm64/lib/libutee.a(tee_system_pta.o)
 .bss           0x0000000000018638       0x6c /home/jeferson/optee/optee_os-rpi4/out/arm-plat-rpi4/export-ta_arm64/lib/libutee.a(user_ta_entry.o)
                0x0000000000018648                __elf_phdr_info
                0x0000000000018658                __ta_no_share_malloc_ctx
                0x0000000000018660                ta_params
                0x00000000000186a0                ta_param_types
 *fill*         0x00000000000186a4        0x4 
 .bss           0x00000000000186a8     0x3800 /home/jeferson/optee/optee_os-rpi4/out/arm-plat-rpi4/export-ta_arm64/lib/libutee.a(tee_api_arith_mpi.o)
 .bss           0x000000000001bea8       0x10 /home/jeferson/optee/optee_os-rpi4/out/arm-plat-rpi4/export-ta_arm64/lib/libutee.a(tcb.o)
 .bss           0x000000000001beb8        0x8 /home/jeferson/optee/optee_os-rpi4/out/arm-plat-rpi4/export-ta_arm64/lib/libmbedtls.a(bignum.o)
                0x000000000001beb8                mbedtls_mpi_mempool
 .bss           0x000000000001bec0        0x0 ./hotp_ta.o
 .bss           0x000000000001bec0     0x8000 ./user_ta_header.o
                0x000000000001bec0                ta_heap
                0x000000000001bec0                __ta_no_share_heap
 .bss           0x0000000000023ec0        0x0 /home/jeferson/optee/optee_os-rpi4/out/arm-plat-rpi4/export-ta_arm64/lib/libutils.a(stack_check.o)
 .bss           0x0000000000023ec0        0x0 /home/jeferson/optee/optee_os-rpi4/out/arm-plat-rpi4/export-ta_arm64/lib/libutils.a(memcpy.o)
 .bss           0x0000000000023ec0        0x0 /home/jeferson/optee/optee_os-rpi4/out/arm-plat-rpi4/export-ta_arm64/lib/libutils.a(trace.o)
 .bss           0x0000000000023ec0        0x0 /home/jeferson/optee/optee_os-rpi4/out/arm-plat-rpi4/export-ta_arm64/lib/libutils.a(snprintk.o)
 .bss           0x0000000000023ec0        0x0 /home/jeferson/optee/optee_os-rpi4/out/arm-plat-rpi4/export-ta_arm64/lib/libutils.a(memchr.o)
 .bss           0x0000000000023ec0        0x0 /home/jeferson/optee/optee_os-rpi4/out/arm-plat-rpi4/export-ta_arm64/lib/libutils.a(strlen.o)
 .bss           0x0000000000023ec0        0x0 /home/jeferson/optee/optee_os-rpi4/out/arm-plat-rpi4/export-ta_arm64/lib/libutee.a(trace_ext.o)
 .bss           0x0000000000023ec0        0x0 /home/jeferson/optee/optee_os-rpi4/out/arm-plat-rpi4/export-ta_arm64/lib/libutee.a(tee_api_objects.o)
 .bss           0x0000000000023ec0        0x0 /home/jeferson/optee/optee_os-rpi4/out/arm-plat-rpi4/export-ta_arm64/lib/libutee.a(tee_api_operations.o)
 .bss           0x0000000000023ec0        0x0 /home/jeferson/optee/optee_os-rpi4/out/arm-plat-rpi4/export-ta_arm64/lib/libutee.a(tee_api_panic.o)
 .bss           0x0000000000023ec0        0x0 /home/jeferson/optee/optee_os-rpi4/out/arm-plat-rpi4/export-ta_arm64/lib/libutee.a(utee_syscalls_a64.o)
 .bss           0x0000000000023ec0        0x0 /home/jeferson/optee/optee_os-rpi4/out/arm-plat-rpi4/export-ta_arm64/lib/libutee.a(user_ta_entry_compat.o)
 .bss           0x0000000000023ec0        0x0 /home/jeferson/optee/optee_os-rpi4/out/arm-plat-rpi4/export-ta_arm64/lib/libutee.a(abort.o)
 .bss           0x0000000000023ec0        0x0 /home/jeferson/optee/optee_os-rpi4/out/arm-plat-rpi4/export-ta_arm64/lib/libutee.a(assert.o)
 .bss           0x0000000000023ec0        0x0 /home/jeferson/optee/optee_os-rpi4/out/arm-plat-rpi4/export-ta_arm64/lib/libutee.a(tee_api_property.o)
 .bss           0x0000000000023ec0        0x0 /home/jeferson/optee/optee_os-rpi4/out/arm-plat-rpi4/export-ta_arm64/lib/libutee.a(base64.o)
 .bss           0x0000000000023ec0        0x0 /home/jeferson/optee/optee_os-rpi4/out/arm-plat-rpi4/export-ta_arm64/lib/libmbedtls.a(constant_time.o)
 .bss           0x0000000000023ec0        0x0 /home/jeferson/optee/optee_os-rpi4/out/arm-plat-rpi4/export-ta_arm64/lib/libmbedtls.a(platform_util.o)
 .bss           0x0000000000023ec0        0x0 /home/jeferson/optee/optee_os-rpi4/out/arm-plat-rpi4/export-ta_arm64/lib/libutils.a(bget_malloc.o)
 .bss           0x0000000000023ec0        0x0 /home/jeferson/optee/optee_os-rpi4/out/arm-plat-rpi4/export-ta_arm64/lib/libutils.a(snprintf.o)
 .bss           0x0000000000023ec0        0x0 /home/jeferson/optee/optee_os-rpi4/out/arm-plat-rpi4/export-ta_arm64/lib/libutils.a(memmove.o)
 .bss           0x0000000000023ec0        0x0 /home/jeferson/optee/optee_os-rpi4/out/arm-plat-rpi4/export-ta_arm64/lib/libutils.a(memset.o)
 .bss           0x0000000000023ec0        0x0 /home/jeferson/optee/optee_os-rpi4/out/arm-plat-rpi4/export-ta_arm64/lib/libutils.a(strcmp.o)
 .bss           0x0000000000023ec0        0x0 /home/jeferson/optee/optee_os-rpi4/out/arm-plat-rpi4/export-ta_arm64/lib/libutils.a(strlcpy.o)
 .bss           0x0000000000023ec0        0x0 /home/jeferson/optee/optee_os-rpi4/out/arm-plat-rpi4/export-ta_arm64/lib/libutils.a(mempool.o)
 .bss           0x0000000000023ec0        0x0 /home/jeferson/optee/optee_os-rpi4/out/arm-plat-rpi4/export-ta_arm64/lib/libutils.a(consttime_memcmp.o)
                0x0000000000023ec0                . = ALIGN (0x8)
                0x0000000000023ec0                __ftrace_buf_start = .
                0x0000000000023ec0                . = (. + DEFINED (_mcount)?0x800:0x0)
                0x0000000000023ec0                __ftrace_buf_end = .

.dynbss         0x0000000000023ec0        0x0
 .dynbss        0x0000000000023ec0        0x0 ./hotp_ta.o

/DISCARD/
 *(SORT_BY_ALIGNMENT(.interp))
LOAD ./hotp_ta.o
LOAD ./user_ta_header.o
START GROUP
LOAD /home/jeferson/optee/optee_os-rpi4/out/arm-plat-rpi4/export-ta_arm64/lib/libutils.a
LOAD /home/jeferson/optee/optee_os-rpi4/out/arm-plat-rpi4/export-ta_arm64/lib/libutee.a
LOAD /home/jeferson/optee/optee_os-rpi4/out/arm-plat-rpi4/export-ta_arm64/lib/libmbedtls.a
LOAD /home/jeferson/optee/optee_os-rpi4/out/arm-plat-rpi4/export-ta_arm64/lib/libdl.a
END GROUP
LOAD /home/jeferson/optee/buildroot/output/host/lib/gcc/aarch64-buildroot-linux-gnu/11.3.0/libgcc.a
LOAD /home/jeferson/optee/optee_os-rpi4/out/arm-plat-rpi4/export-ta_arm64/lib/libutils.a
OUTPUT(484d4143-2d53-4841-3120-4a6f636b6542.elf elf64-littleaarch64)
LOAD linker stubs

.debug_info     0x0000000000000000    0x225a4
 .debug_info    0x0000000000000000      0xb76 ./hotp_ta.o
 .debug_info    0x0000000000000b76      0x78f ./user_ta_header.o
 .debug_info    0x0000000000001305      0x146 /home/jeferson/optee/optee_os-rpi4/out/arm-plat-rpi4/export-ta_arm64/lib/libutils.a(stack_check.o)
 .debug_info    0x000000000000144b      0x130 /home/jeferson/optee/optee_os-rpi4/out/arm-plat-rpi4/export-ta_arm64/lib/libutils.a(memcpy.o)
 .debug_info    0x000000000000157b      0x6ec /home/jeferson/optee/optee_os-rpi4/out/arm-plat-rpi4/export-ta_arm64/lib/libutils.a(trace.o)
 .debug_info    0x0000000000001c67      0x961 /home/jeferson/optee/optee_os-rpi4/out/arm-plat-rpi4/export-ta_arm64/lib/libutils.a(snprintk.o)
 .debug_info    0x00000000000025c8       0xff /home/jeferson/optee/optee_os-rpi4/out/arm-plat-rpi4/export-ta_arm64/lib/libutils.a(memchr.o)
 .debug_info    0x00000000000026c7       0xbf /home/jeferson/optee/optee_os-rpi4/out/arm-plat-rpi4/export-ta_arm64/lib/libutils.a(strlen.o)
 .debug_info    0x0000000000002786      0x3d8 /home/jeferson/optee/optee_os-rpi4/out/arm-plat-rpi4/export-ta_arm64/lib/libutee.a(trace_ext.o)
 .debug_info    0x0000000000002b5e     0x2775 /home/jeferson/optee/optee_os-rpi4/out/arm-plat-rpi4/export-ta_arm64/lib/libutee.a(tee_api.o)
 .debug_info    0x00000000000052d3     0x2ed2 /home/jeferson/optee/optee_os-rpi4/out/arm-plat-rpi4/export-ta_arm64/lib/libutee.a(tee_api_objects.o)
 .debug_info    0x00000000000081a5     0x5705 /home/jeferson/optee/optee_os-rpi4/out/arm-plat-rpi4/export-ta_arm64/lib/libutee.a(tee_api_operations.o)
 .debug_info    0x000000000000d8aa      0xa4c /home/jeferson/optee/optee_os-rpi4/out/arm-plat-rpi4/export-ta_arm64/lib/libutee.a(tee_api_panic.o)
 .debug_info    0x000000000000e2f6      0x785 /home/jeferson/optee/optee_os-rpi4/out/arm-plat-rpi4/export-ta_arm64/lib/libutee.a(tee_system_pta.o)
 .debug_info    0x000000000000ea7b       0x23 /home/jeferson/optee/optee_os-rpi4/out/arm-plat-rpi4/export-ta_arm64/lib/libutee.a(utee_syscalls_a64.o)
 .debug_info    0x000000000000ea9e     0x16ba /home/jeferson/optee/optee_os-rpi4/out/arm-plat-rpi4/export-ta_arm64/lib/libutee.a(user_ta_entry.o)
 .debug_info    0x0000000000010158      0x4d2 /home/jeferson/optee/optee_os-rpi4/out/arm-plat-rpi4/export-ta_arm64/lib/libutee.a(user_ta_entry_compat.o)
 .debug_info    0x000000000001062a       0xf1 /home/jeferson/optee/optee_os-rpi4/out/arm-plat-rpi4/export-ta_arm64/lib/libutee.a(abort.o)
 .debug_info    0x000000000001071b      0x1b7 /home/jeferson/optee/optee_os-rpi4/out/arm-plat-rpi4/export-ta_arm64/lib/libutee.a(assert.o)
 .debug_info    0x00000000000108d2     0x51a9 /home/jeferson/optee/optee_os-rpi4/out/arm-plat-rpi4/export-ta_arm64/lib/libutee.a(tee_api_arith_mpi.o)
 .debug_info    0x0000000000015a7b     0x1940 /home/jeferson/optee/optee_os-rpi4/out/arm-plat-rpi4/export-ta_arm64/lib/libutee.a(tee_api_property.o)
 .debug_info    0x00000000000173bb      0x8af /home/jeferson/optee/optee_os-rpi4/out/arm-plat-rpi4/export-ta_arm64/lib/libutee.a(tcb.o)
 .debug_info    0x0000000000017c6a      0x339 /home/jeferson/optee/optee_os-rpi4/out/arm-plat-rpi4/export-ta_arm64/lib/libutee.a(base64.o)
 .debug_info    0x0000000000017fa3     0x5e66 /home/jeferson/optee/optee_os-rpi4/out/arm-plat-rpi4/export-ta_arm64/lib/libmbedtls.a(bignum.o)
 .debug_info    0x000000000001de09     0x100f /home/jeferson/optee/optee_os-rpi4/out/arm-plat-rpi4/export-ta_arm64/lib/libmbedtls.a(constant_time.o)
 .debug_info    0x000000000001ee18      0x14b /home/jeferson/optee/optee_os-rpi4/out/arm-plat-rpi4/export-ta_arm64/lib/libmbedtls.a(platform_util.o)
 .debug_info    0x000000000001ef63     0x2797 /home/jeferson/optee/optee_os-rpi4/out/arm-plat-rpi4/export-ta_arm64/lib/libutils.a(bget_malloc.o)
 .debug_info    0x00000000000216fa      0x2a0 /home/jeferson/optee/optee_os-rpi4/out/arm-plat-rpi4/export-ta_arm64/lib/libutils.a(snprintf.o)
 .debug_info    0x000000000002199a       0xfb /home/jeferson/optee/optee_os-rpi4/out/arm-plat-rpi4/export-ta_arm64/lib/libutils.a(memmove.o)
 .debug_info    0x0000000000021a95       0xd3 /home/jeferson/optee/optee_os-rpi4/out/arm-plat-rpi4/export-ta_arm64/lib/libutils.a(memset.o)
 .debug_info    0x0000000000021b68       0xb4 /home/jeferson/optee/optee_os-rpi4/out/arm-plat-rpi4/export-ta_arm64/lib/libutils.a(strcmp.o)
 .debug_info    0x0000000000021c1c      0x123 /home/jeferson/optee/optee_os-rpi4/out/arm-plat-rpi4/export-ta_arm64/lib/libutils.a(strlcpy.o)
 .debug_info    0x0000000000021d3f      0x733 /home/jeferson/optee/optee_os-rpi4/out/arm-plat-rpi4/export-ta_arm64/lib/libutils.a(mempool.o)
 .debug_info    0x0000000000022472      0x132 /home/jeferson/optee/optee_os-rpi4/out/arm-plat-rpi4/export-ta_arm64/lib/libutils.a(consttime_memcmp.o)

.debug_abbrev   0x0000000000000000     0x4df6
 .debug_abbrev  0x0000000000000000      0x314 ./hotp_ta.o
 .debug_abbrev  0x0000000000000314      0x280 ./user_ta_header.o
 .debug_abbrev  0x0000000000000594       0xb1 /home/jeferson/optee/optee_os-rpi4/out/arm-plat-rpi4/export-ta_arm64/lib/libutils.a(stack_check.o)
 .debug_abbrev  0x0000000000000645       0xbb /home/jeferson/optee/optee_os-rpi4/out/arm-plat-rpi4/export-ta_arm64/lib/libutils.a(memcpy.o)
 .debug_abbrev  0x0000000000000700      0x2bf /home/jeferson/optee/optee_os-rpi4/out/arm-plat-rpi4/export-ta_arm64/lib/libutils.a(trace.o)
 .debug_abbrev  0x00000000000009bf      0x300 /home/jeferson/optee/optee_os-rpi4/out/arm-plat-rpi4/export-ta_arm64/lib/libutils.a(snprintk.o)
 .debug_abbrev  0x0000000000000cbf       0xb4 /home/jeferson/optee/optee_os-rpi4/out/arm-plat-rpi4/export-ta_arm64/lib/libutils.a(memchr.o)
 .debug_abbrev  0x0000000000000d73       0x85 /home/jeferson/optee/optee_os-rpi4/out/arm-plat-rpi4/export-ta_arm64/lib/libutils.a(strlen.o)
 .debug_abbrev  0x0000000000000df8      0x1c4 /home/jeferson/optee/optee_os-rpi4/out/arm-plat-rpi4/export-ta_arm64/lib/libutee.a(trace_ext.o)
 .debug_abbrev  0x0000000000000fbc      0x55a /home/jeferson/optee/optee_os-rpi4/out/arm-plat-rpi4/export-ta_arm64/lib/libutee.a(tee_api.o)
 .debug_abbrev  0x0000000000001516      0x399 /home/jeferson/optee/optee_os-rpi4/out/arm-plat-rpi4/export-ta_arm64/lib/libutee.a(tee_api_objects.o)
 .debug_abbrev  0x00000000000018af      0x515 /home/jeferson/optee/optee_os-rpi4/out/arm-plat-rpi4/export-ta_arm64/lib/libutee.a(tee_api_operations.o)
 .debug_abbrev  0x0000000000001dc4      0x21c /home/jeferson/optee/optee_os-rpi4/out/arm-plat-rpi4/export-ta_arm64/lib/libutee.a(tee_api_panic.o)
 .debug_abbrev  0x0000000000001fe0      0x283 /home/jeferson/optee/optee_os-rpi4/out/arm-plat-rpi4/export-ta_arm64/lib/libutee.a(tee_system_pta.o)
 .debug_abbrev  0x0000000000002263       0x12 /home/jeferson/optee/optee_os-rpi4/out/arm-plat-rpi4/export-ta_arm64/lib/libutee.a(utee_syscalls_a64.o)
 .debug_abbrev  0x0000000000002275      0x5aa /home/jeferson/optee/optee_os-rpi4/out/arm-plat-rpi4/export-ta_arm64/lib/libutee.a(user_ta_entry.o)
 .debug_abbrev  0x000000000000281f      0x1a4 /home/jeferson/optee/optee_os-rpi4/out/arm-plat-rpi4/export-ta_arm64/lib/libutee.a(user_ta_entry_compat.o)
 .debug_abbrev  0x00000000000029c3       0x94 /home/jeferson/optee/optee_os-rpi4/out/arm-plat-rpi4/export-ta_arm64/lib/libutee.a(abort.o)
 .debug_abbrev  0x0000000000002a57       0xbc /home/jeferson/optee/optee_os-rpi4/out/arm-plat-rpi4/export-ta_arm64/lib/libutee.a(assert.o)
 .debug_abbrev  0x0000000000002b13      0x530 /home/jeferson/optee/optee_os-rpi4/out/arm-plat-rpi4/export-ta_arm64/lib/libutee.a(tee_api_arith_mpi.o)
 .debug_abbrev  0x0000000000003043      0x343 /home/jeferson/optee/optee_os-rpi4/out/arm-plat-rpi4/export-ta_arm64/lib/libutee.a(tee_api_property.o)
 .debug_abbrev  0x0000000000003386      0x2cf /home/jeferson/optee/optee_os-rpi4/out/arm-plat-rpi4/export-ta_arm64/lib/libutee.a(tcb.o)
 .debug_abbrev  0x0000000000003655      0x1a4 /home/jeferson/optee/optee_os-rpi4/out/arm-plat-rpi4/export-ta_arm64/lib/libutee.a(base64.o)
 .debug_abbrev  0x00000000000037f9      0x5ed /home/jeferson/optee/optee_os-rpi4/out/arm-plat-rpi4/export-ta_arm64/lib/libmbedtls.a(bignum.o)
 .debug_abbrev  0x0000000000003de6      0x390 /home/jeferson/optee/optee_os-rpi4/out/arm-plat-rpi4/export-ta_arm64/lib/libmbedtls.a(constant_time.o)
 .debug_abbrev  0x0000000000004176       0xd4 /home/jeferson/optee/optee_os-rpi4/out/arm-plat-rpi4/export-ta_arm64/lib/libmbedtls.a(platform_util.o)
 .debug_abbrev  0x000000000000424a      0x48f /home/jeferson/optee/optee_os-rpi4/out/arm-plat-rpi4/export-ta_arm64/lib/libutils.a(bget_malloc.o)
 .debug_abbrev  0x00000000000046d9      0x155 /home/jeferson/optee/optee_os-rpi4/out/arm-plat-rpi4/export-ta_arm64/lib/libutils.a(snprintf.o)
 .debug_abbrev  0x000000000000482e       0xa6 /home/jeferson/optee/optee_os-rpi4/out/arm-plat-rpi4/export-ta_arm64/lib/libutils.a(memmove.o)
 .debug_abbrev  0x00000000000048d4       0xa3 /home/jeferson/optee/optee_os-rpi4/out/arm-plat-rpi4/export-ta_arm64/lib/libutils.a(memset.o)
 .debug_abbrev  0x0000000000004977       0x6f /home/jeferson/optee/optee_os-rpi4/out/arm-plat-rpi4/export-ta_arm64/lib/libutils.a(strcmp.o)
 .debug_abbrev  0x00000000000049e6       0xa5 /home/jeferson/optee/optee_os-rpi4/out/arm-plat-rpi4/export-ta_arm64/lib/libutils.a(strlcpy.o)
 .debug_abbrev  0x0000000000004a8b      0x2a9 /home/jeferson/optee/optee_os-rpi4/out/arm-plat-rpi4/export-ta_arm64/lib/libutils.a(mempool.o)
 .debug_abbrev  0x0000000000004d34       0xc2 /home/jeferson/optee/optee_os-rpi4/out/arm-plat-rpi4/export-ta_arm64/lib/libutils.a(consttime_memcmp.o)

.debug_loclists
                0x0000000000000000    0x14609
 .debug_loclists
                0x0000000000000000      0x5ab ./hotp_ta.o
 .debug_loclists
                0x00000000000005ab      0x151 ./user_ta_header.o
 .debug_loclists
                0x00000000000006fc      0x2e5 /home/jeferson/optee/optee_os-rpi4/out/arm-plat-rpi4/export-ta_arm64/lib/libutils.a(memcpy.o)
 .debug_loclists
                0x00000000000009e1      0x2a5 /home/jeferson/optee/optee_os-rpi4/out/arm-plat-rpi4/export-ta_arm64/lib/libutils.a(trace.o)
 .debug_loclists
                0x0000000000000c86     0x16ab /home/jeferson/optee/optee_os-rpi4/out/arm-plat-rpi4/export-ta_arm64/lib/libutils.a(snprintk.o)
 .debug_loclists
                0x0000000000002331       0x65 /home/jeferson/optee/optee_os-rpi4/out/arm-plat-rpi4/export-ta_arm64/lib/libutils.a(memchr.o)
 .debug_loclists
                0x0000000000002396       0x34 /home/jeferson/optee/optee_os-rpi4/out/arm-plat-rpi4/export-ta_arm64/lib/libutils.a(strlen.o)
 .debug_loclists
                0x00000000000023ca       0xae /home/jeferson/optee/optee_os-rpi4/out/arm-plat-rpi4/export-ta_arm64/lib/libutee.a(trace_ext.o)
 .debug_loclists
                0x0000000000002478     0x1210 /home/jeferson/optee/optee_os-rpi4/out/arm-plat-rpi4/export-ta_arm64/lib/libutee.a(tee_api.o)
 .debug_loclists
                0x0000000000003688     0x184d /home/jeferson/optee/optee_os-rpi4/out/arm-plat-rpi4/export-ta_arm64/lib/libutee.a(tee_api_objects.o)
 .debug_loclists
                0x0000000000004ed5     0x3ba3 /home/jeferson/optee/optee_os-rpi4/out/arm-plat-rpi4/export-ta_arm64/lib/libutee.a(tee_api_operations.o)
 .debug_loclists
                0x0000000000008a78      0x533 /home/jeferson/optee/optee_os-rpi4/out/arm-plat-rpi4/export-ta_arm64/lib/libutee.a(tee_api_panic.o)
 .debug_loclists
                0x0000000000008fab      0x321 /home/jeferson/optee/optee_os-rpi4/out/arm-plat-rpi4/export-ta_arm64/lib/libutee.a(tee_system_pta.o)
 .debug_loclists
                0x00000000000092cc      0x614 /home/jeferson/optee/optee_os-rpi4/out/arm-plat-rpi4/export-ta_arm64/lib/libutee.a(user_ta_entry.o)
 .debug_loclists
                0x00000000000098e0      0x1cb /home/jeferson/optee/optee_os-rpi4/out/arm-plat-rpi4/export-ta_arm64/lib/libutee.a(user_ta_entry_compat.o)
 .debug_loclists
                0x0000000000009aab       0x71 /home/jeferson/optee/optee_os-rpi4/out/arm-plat-rpi4/export-ta_arm64/lib/libutee.a(assert.o)
 .debug_loclists
                0x0000000000009b1c     0x1f1c /home/jeferson/optee/optee_os-rpi4/out/arm-plat-rpi4/export-ta_arm64/lib/libutee.a(tee_api_arith_mpi.o)
 .debug_loclists
                0x000000000000ba38      0xb90 /home/jeferson/optee/optee_os-rpi4/out/arm-plat-rpi4/export-ta_arm64/lib/libutee.a(tee_api_property.o)
 .debug_loclists
                0x000000000000c5c8      0x29d /home/jeferson/optee/optee_os-rpi4/out/arm-plat-rpi4/export-ta_arm64/lib/libutee.a(tcb.o)
 .debug_loclists
                0x000000000000c865      0x2e3 /home/jeferson/optee/optee_os-rpi4/out/arm-plat-rpi4/export-ta_arm64/lib/libutee.a(base64.o)
 .debug_loclists
                0x000000000000cb48     0x495d /home/jeferson/optee/optee_os-rpi4/out/arm-plat-rpi4/export-ta_arm64/lib/libmbedtls.a(bignum.o)
 .debug_loclists
                0x00000000000114a5      0xd02 /home/jeferson/optee/optee_os-rpi4/out/arm-plat-rpi4/export-ta_arm64/lib/libmbedtls.a(constant_time.o)
 .debug_loclists
                0x00000000000121a7       0x45 /home/jeferson/optee/optee_os-rpi4/out/arm-plat-rpi4/export-ta_arm64/lib/libmbedtls.a(platform_util.o)
 .debug_loclists
                0x00000000000121ec     0x1d1f /home/jeferson/optee/optee_os-rpi4/out/arm-plat-rpi4/export-ta_arm64/lib/libutils.a(bget_malloc.o)
 .debug_loclists
                0x0000000000013f0b       0xd0 /home/jeferson/optee/optee_os-rpi4/out/arm-plat-rpi4/export-ta_arm64/lib/libutils.a(snprintf.o)
 .debug_loclists
                0x0000000000013fdb      0x179 /home/jeferson/optee/optee_os-rpi4/out/arm-plat-rpi4/export-ta_arm64/lib/libutils.a(memmove.o)
 .debug_loclists
                0x0000000000014154       0x67 /home/jeferson/optee/optee_os-rpi4/out/arm-plat-rpi4/export-ta_arm64/lib/libutils.a(memset.o)
 .debug_loclists
                0x00000000000141bb       0x50 /home/jeferson/optee/optee_os-rpi4/out/arm-plat-rpi4/export-ta_arm64/lib/libutils.a(strcmp.o)
 .debug_loclists
                0x000000000001420b       0x9e /home/jeferson/optee/optee_os-rpi4/out/arm-plat-rpi4/export-ta_arm64/lib/libutils.a(strlcpy.o)
 .debug_loclists
                0x00000000000142a9      0x295 /home/jeferson/optee/optee_os-rpi4/out/arm-plat-rpi4/export-ta_arm64/lib/libutils.a(mempool.o)
 .debug_loclists
                0x000000000001453e       0xcb /home/jeferson/optee/optee_os-rpi4/out/arm-plat-rpi4/export-ta_arm64/lib/libutils.a(consttime_memcmp.o)

.debug_aranges  0x0000000000000000      0x9e0
 .debug_aranges
                0x0000000000000000       0x30 ./hotp_ta.o
 .debug_aranges
                0x0000000000000030       0x30 ./user_ta_header.o
 .debug_aranges
                0x0000000000000060       0x30 /home/jeferson/optee/optee_os-rpi4/out/arm-plat-rpi4/export-ta_arm64/lib/libutils.a(stack_check.o)
 .debug_aranges
                0x0000000000000090       0x30 /home/jeferson/optee/optee_os-rpi4/out/arm-plat-rpi4/export-ta_arm64/lib/libutils.a(memcpy.o)
 .debug_aranges
                0x00000000000000c0       0x30 /home/jeferson/optee/optee_os-rpi4/out/arm-plat-rpi4/export-ta_arm64/lib/libutils.a(trace.o)
 .debug_aranges
                0x00000000000000f0       0x30 /home/jeferson/optee/optee_os-rpi4/out/arm-plat-rpi4/export-ta_arm64/lib/libutils.a(snprintk.o)
 .debug_aranges
                0x0000000000000120       0x30 /home/jeferson/optee/optee_os-rpi4/out/arm-plat-rpi4/export-ta_arm64/lib/libutils.a(memchr.o)
 .debug_aranges
                0x0000000000000150       0x30 /home/jeferson/optee/optee_os-rpi4/out/arm-plat-rpi4/export-ta_arm64/lib/libutils.a(strlen.o)
 .debug_aranges
                0x0000000000000180       0x30 /home/jeferson/optee/optee_os-rpi4/out/arm-plat-rpi4/export-ta_arm64/lib/libutee.a(trace_ext.o)
 .debug_aranges
                0x00000000000001b0       0x30 /home/jeferson/optee/optee_os-rpi4/out/arm-plat-rpi4/export-ta_arm64/lib/libutee.a(tee_api.o)
 .debug_aranges
                0x00000000000001e0       0x30 /home/jeferson/optee/optee_os-rpi4/out/arm-plat-rpi4/export-ta_arm64/lib/libutee.a(tee_api_objects.o)
 .debug_aranges
                0x0000000000000210       0x30 /home/jeferson/optee/optee_os-rpi4/out/arm-plat-rpi4/export-ta_arm64/lib/libutee.a(tee_api_operations.o)
 .debug_aranges
                0x0000000000000240       0x30 /home/jeferson/optee/optee_os-rpi4/out/arm-plat-rpi4/export-ta_arm64/lib/libutee.a(tee_api_panic.o)
 .debug_aranges
                0x0000000000000270       0x30 /home/jeferson/optee/optee_os-rpi4/out/arm-plat-rpi4/export-ta_arm64/lib/libutee.a(tee_system_pta.o)
 .debug_aranges
                0x00000000000002a0      0x3b0 /home/jeferson/optee/optee_os-rpi4/out/arm-plat-rpi4/export-ta_arm64/lib/libutee.a(utee_syscalls_a64.o)
 .debug_aranges
                0x0000000000000650       0x30 /home/jeferson/optee/optee_os-rpi4/out/arm-plat-rpi4/export-ta_arm64/lib/libutee.a(user_ta_entry.o)
 .debug_aranges
                0x0000000000000680       0x30 /home/jeferson/optee/optee_os-rpi4/out/arm-plat-rpi4/export-ta_arm64/lib/libutee.a(user_ta_entry_compat.o)
 .debug_aranges
                0x00000000000006b0       0x30 /home/jeferson/optee/optee_os-rpi4/out/arm-plat-rpi4/export-ta_arm64/lib/libutee.a(abort.o)
 .debug_aranges
                0x00000000000006e0       0x30 /home/jeferson/optee/optee_os-rpi4/out/arm-plat-rpi4/export-ta_arm64/lib/libutee.a(assert.o)
 .debug_aranges
                0x0000000000000710       0x30 /home/jeferson/optee/optee_os-rpi4/out/arm-plat-rpi4/export-ta_arm64/lib/libutee.a(tee_api_arith_mpi.o)
 .debug_aranges
                0x0000000000000740       0x30 /home/jeferson/optee/optee_os-rpi4/out/arm-plat-rpi4/export-ta_arm64/lib/libutee.a(tee_api_property.o)
 .debug_aranges
                0x0000000000000770       0x30 /home/jeferson/optee/optee_os-rpi4/out/arm-plat-rpi4/export-ta_arm64/lib/libutee.a(tcb.o)
 .debug_aranges
                0x00000000000007a0       0x30 /home/jeferson/optee/optee_os-rpi4/out/arm-plat-rpi4/export-ta_arm64/lib/libutee.a(base64.o)
 .debug_aranges
                0x00000000000007d0       0x30 /home/jeferson/optee/optee_os-rpi4/out/arm-plat-rpi4/export-ta_arm64/lib/libmbedtls.a(bignum.o)
 .debug_aranges
                0x0000000000000800       0x30 /home/jeferson/optee/optee_os-rpi4/out/arm-plat-rpi4/export-ta_arm64/lib/libmbedtls.a(constant_time.o)
 .debug_aranges
                0x0000000000000830       0x30 /home/jeferson/optee/optee_os-rpi4/out/arm-plat-rpi4/export-ta_arm64/lib/libmbedtls.a(platform_util.o)
 .debug_aranges
                0x0000000000000860       0x30 /home/jeferson/optee/optee_os-rpi4/out/arm-plat-rpi4/export-ta_arm64/lib/libutils.a(bget_malloc.o)
 .debug_aranges
                0x0000000000000890       0x30 /home/jeferson/optee/optee_os-rpi4/out/arm-plat-rpi4/export-ta_arm64/lib/libutils.a(snprintf.o)
 .debug_aranges
                0x00000000000008c0       0x30 /home/jeferson/optee/optee_os-rpi4/out/arm-plat-rpi4/export-ta_arm64/lib/libutils.a(memmove.o)
 .debug_aranges
                0x00000000000008f0       0x30 /home/jeferson/optee/optee_os-rpi4/out/arm-plat-rpi4/export-ta_arm64/lib/libutils.a(memset.o)
 .debug_aranges