Archive member included to satisfy reference by file (symbol)

/home/jeferson/optee/optee_os-rpi4/out/arm-plat-rpi4/export-ta_arm64/lib/libutils.a(stack_check.o)
                              ./secure_storage_ta.o (__stack_chk_fail)
/home/jeferson/optee/optee_os-rpi4/out/arm-plat-rpi4/export-ta_arm64/lib/libutils.a(trace.o)
                              ./secure_storage_ta.o (trace_printf)
/home/jeferson/optee/optee_os-rpi4/out/arm-plat-rpi4/export-ta_arm64/lib/libutils.a(memcpy.o)
                              /home/jeferson/optee/optee_os-rpi4/out/arm-plat-rpi4/export-ta_arm64/lib/libutils.a(trace.o) (memcpy)
/home/jeferson/optee/optee_os-rpi4/out/arm-plat-rpi4/export-ta_arm64/lib/libutils.a(snprintk.o)
                              /home/jeferson/optee/optee_os-rpi4/out/arm-plat-rpi4/export-ta_arm64/lib/libutils.a(trace.o) (vsnprintk)
/home/jeferson/optee/optee_os-rpi4/out/arm-plat-rpi4/export-ta_arm64/lib/libutils.a(memchr.o)
                              /home/jeferson/optee/optee_os-rpi4/out/arm-plat-rpi4/export-ta_arm64/lib/libutils.a(snprintk.o) (memchr)
/home/jeferson/optee/optee_os-rpi4/out/arm-plat-rpi4/export-ta_arm64/lib/libutils.a(strlen.o)
                              /home/jeferson/optee/optee_os-rpi4/out/arm-plat-rpi4/export-ta_arm64/lib/libutils.a(snprintk.o) (strlen)
/home/jeferson/optee/optee_os-rpi4/out/arm-plat-rpi4/export-ta_arm64/lib/libutee.a(trace_ext.o)
                              /home/jeferson/optee/optee_os-rpi4/out/arm-plat-rpi4/export-ta_arm64/lib/libutils.a(trace.o) (trace_ext_puts)
/home/jeferson/optee/optee_os-rpi4/out/arm-plat-rpi4/export-ta_arm64/lib/libutee.a(tee_api.o)
                              ./secure_storage_ta.o (__GP11_TEE_MemMove)
/home/jeferson/optee/optee_os-rpi4/out/arm-plat-rpi4/export-ta_arm64/lib/libutee.a(tee_api_objects.o)
                              ./secure_storage_ta.o (__GP11_TEE_GetObjectInfo1)
/home/jeferson/optee/optee_os-rpi4/out/arm-plat-rpi4/export-ta_arm64/lib/libutee.a(tee_api_panic.o)
                              /home/jeferson/optee/optee_os-rpi4/out/arm-plat-rpi4/export-ta_arm64/lib/libutee.a(tee_api.o) (TEE_Panic)
/home/jeferson/optee/optee_os-rpi4/out/arm-plat-rpi4/export-ta_arm64/lib/libutee.a(tee_system_pta.o)
                              /home/jeferson/optee/optee_os-rpi4/out/arm-plat-rpi4/export-ta_arm64/lib/libutee.a(tee_api.o) (tee_map_zi)
/home/jeferson/optee/optee_os-rpi4/out/arm-plat-rpi4/export-ta_arm64/lib/libutee.a(utee_syscalls_a64.o)
                              /home/jeferson/optee/optee_os-rpi4/out/arm-plat-rpi4/export-ta_arm64/lib/libutils.a(stack_check.o) (_utee_panic)
/home/jeferson/optee/optee_os-rpi4/out/arm-plat-rpi4/export-ta_arm64/lib/libutee.a(user_ta_entry.o)
                              ./user_ta_header.o (__utee_entry)
/home/jeferson/optee/optee_os-rpi4/out/arm-plat-rpi4/export-ta_arm64/lib/libutee.a(user_ta_entry_compat.o)
                              ./user_ta_header.o (__ta_open_sess)
/home/jeferson/optee/optee_os-rpi4/out/arm-plat-rpi4/export-ta_arm64/lib/libutee.a(abort.o)
                              /home/jeferson/optee/optee_os-rpi4/out/arm-plat-rpi4/export-ta_arm64/lib/libutee.a(user_ta_entry.o) (abort)
/home/jeferson/optee/optee_os-rpi4/out/arm-plat-rpi4/export-ta_arm64/lib/libutee.a(tee_api_arith_mpi.o)
                              /home/jeferson/optee/optee_os-rpi4/out/arm-plat-rpi4/export-ta_arm64/lib/libutee.a(user_ta_entry.o) (_TEE_MathAPI_Init)
/home/jeferson/optee/optee_os-rpi4/out/arm-plat-rpi4/export-ta_arm64/lib/libutee.a(tee_api_property.o)
                              /home/jeferson/optee/optee_os-rpi4/out/arm-plat-rpi4/export-ta_arm64/lib/libutee.a(user_ta_entry.o) (TEE_GetPropertyAsU32)
/home/jeferson/optee/optee_os-rpi4/out/arm-plat-rpi4/export-ta_arm64/lib/libutee.a(tcb.o)
                              /home/jeferson/optee/optee_os-rpi4/out/arm-plat-rpi4/export-ta_arm64/lib/libutee.a(user_ta_entry.o) (__utee_tcb_init)
/home/jeferson/optee/optee_os-rpi4/out/arm-plat-rpi4/export-ta_arm64/lib/libutee.a(assert.o)
                              /home/jeferson/optee/optee_os-rpi4/out/arm-plat-rpi4/export-ta_arm64/lib/libutee.a(tcb.o) (_assert_log)
/home/jeferson/optee/optee_os-rpi4/out/arm-plat-rpi4/export-ta_arm64/lib/libutee.a(base64.o)
                              /home/jeferson/optee/optee_os-rpi4/out/arm-plat-rpi4/export-ta_arm64/lib/libutee.a(tee_api_property.o) (_base64_enc_len)
/home/jeferson/optee/optee_os-rpi4/out/arm-plat-rpi4/export-ta_arm64/lib/libmbedtls.a(bignum.o)
                              /home/jeferson/optee/optee_os-rpi4/out/arm-plat-rpi4/export-ta_arm64/lib/libutee.a(tee_api_arith_mpi.o) (mbedtls_mpi_init_mempool)
/home/jeferson/optee/optee_os-rpi4/out/arm-plat-rpi4/export-ta_arm64/lib/libmbedtls.a(constant_time.o)
                              /home/jeferson/optee/optee_os-rpi4/out/arm-plat-rpi4/export-ta_arm64/lib/libmbedtls.a(bignum.o) (mbedtls_ct_size_bool_eq)
[...]
Memory Configuration

Name             Origin             Length             Attributes
*default*        0x0000000000000000 0xffffffffffffffff

Linker script and memory map


.ta_head        0x0000000000000000       0x20
 *(SORT_BY_ALIGNMENT(.ta_head))
 .ta_head       0x0000000000000000       0x20 ./user_ta_header.o
                0x0000000000000000                ta_head

.text           0x0000000000000020     0xe7a0
                0x0000000000000020                __text_start = .
 *(SORT_BY_ALIGNMENT(.text) SORT_BY_ALIGNMENT(.text.*))
 .text          0x0000000000000020       0xec /home/jeferson/optee/optee_os-rpi4/out/arm-plat-rpi4/export-ta_arm64/lib/libutils.a(memcpy.o)
                0x0000000000000020                memcpy
 .text          0x000000000000010c      0x3d4 ./secure_storage_ta.o
                0x000000000000010c                TA_CreateEntryPoint
                0x0000000000000114                TA_DestroyEntryPoint
                0x0000000000000118                __GP11_TA_OpenSessionEntryPoint
                0x0000000000000120                TA_CloseSessionEntryPoint
                0x0000000000000124                __GP11_TA_InvokeCommandEntryPoint
 .text          0x00000000000004e0       0x34 ./user_ta_header.o
                0x00000000000004e0                __ta_entry
                0x00000000000004f4                tahead_get_trace_level
                0x00000000000004fc                TA_OpenSessionEntryPoint
                0x0000000000000508                TA_InvokeCommandEntryPoint
 .text          0x0000000000000514       0x30 /home/jeferson/optee/optee_os-rpi4/out/arm-plat-rpi4/export-ta_arm64/lib/libutils.a(stack_check.o)
                0x0000000000000514                __stack_chk_fail
 .text          0x0000000000000544      0x330 /home/jeferson/optee/optee_os-rpi4/out/arm-plat-rpi4/export-ta_arm64/lib/libutils.a(trace.o)
                0x0000000000000544                trace_set_level
                0x0000000000000560                trace_get_level
                0x0000000000000570                trace_vprintf
                0x000000000000078c                trace_printf
                0x0000000000000870                dhex_dump
 .text          0x0000000000000874      0xdfc /home/jeferson/optee/optee_os-rpi4/out/arm-plat-rpi4/export-ta_arm64/lib/libutils.a(snprintk.o)
                0x0000000000000874                __vsnprintf
                0x0000000000000938                vsnprintk
                0x0000000000000990                snprintk
                0x0000000000001624                __vsprintf
 .text          0x0000000000001670       0x2c /home/jeferson/optee/optee_os-rpi4/out/arm-plat-rpi4/export-ta_arm64/lib/libutils.a(memchr.o)
                0x0000000000001670                memchr
 .text          0x000000000000169c       0x1c /home/jeferson/optee/optee_os-rpi4/out/arm-plat-rpi4/export-ta_arm64/lib/libutils.a(strlen.o)
                0x000000000000169c                strlen
 .text          0x00000000000016b8      0x1e0 /home/jeferson/optee/optee_os-rpi4/out/arm-plat-rpi4/export-ta_arm64/lib/libutee.a(trace_ext.o)
                0x00000000000016b8                trace_ext_puts
                0x00000000000016e0                trace_ext_get_thread_id
                0x00000000000016e8                printf
                0x00000000000017e8                puts
                0x0000000000001828                putchar
 .text          0x0000000000001898     0x10c0 /home/jeferson/optee/optee_os-rpi4/out/arm-plat-rpi4/export-ta_arm64/lib/libutee.a(tee_api.o)
                0x0000000000001c44                TEE_CloseTASession
                0x0000000000001c6c                TEE_GetCancellationFlag
                0x0000000000001ccc                TEE_UnmaskCancellation
                0x0000000000001d2c                TEE_MaskCancellation
                0x0000000000001d8c                TEE_CheckMemoryAccessRights
                0x0000000000001fb0                TEE_OpenTASession
                0x0000000000002104                __GP11_TEE_OpenTASession
                0x000000000000224c                TEE_InvokeTACommand
                0x00000000000023d0                __GP11_TEE_InvokeTACommand
                0x0000000000002548                __GP11_TEE_CheckMemoryAccessRights
                0x0000000000002550                TEE_SetInstanceData
                0x000000000000255c                TEE_GetInstanceData
                0x0000000000002568                TEE_MemMove
                0x000000000000256c                __GP11_TEE_MemMove
                0x0000000000002574                TEE_MemCompare
                0x0000000000002578                __GP11_TEE_MemCompare
                0x0000000000002580                TEE_MemFill
                0x0000000000002584                __GP11_TEE_MemFill
                0x000000000000258c                TEE_GetSystemTime
                0x00000000000025b4                TEE_Wait
                0x00000000000025f0                TEE_GetTAPersistentTime
                0x0000000000002668                TEE_SetTAPersistentTime
                0x00000000000026ac                TEE_GetREETime
                0x00000000000026d4                TEE_Malloc
                0x00000000000027f8                __GP11_TEE_Malloc
                0x0000000000002800                TEE_Free
                0x0000000000002860                TEE_Realloc
                0x0000000000002938                __GP11_TEE_Realloc
                0x0000000000002940                TEE_CacheClean
                0x0000000000002948                TEE_CacheFlush
                0x0000000000002950                TEE_CacheInvalidate
 .text          0x0000000000002958     0x1a44 /home/jeferson/optee/optee_os-rpi4/out/arm-plat-rpi4/export-ta_arm64/lib/libutee.a(tee_api_objects.o)
                0x0000000000002958                __utee_from_attr
                0x00000000000029a8                __utee_from_gp11_attr
                0x00000000000029f8                TEE_GetObjectInfo
                0x0000000000002ab4                __GP11_TEE_GetObjectInfo
                0x0000000000002b7c                TEE_GetObjectInfo1
                0x0000000000002c2c                __GP11_TEE_GetObjectInfo1
                0x0000000000002cec                TEE_RestrictObjectUsage1
                0x0000000000002d30                TEE_RestrictObjectUsage
                0x0000000000002dc0                TEE_GetObjectBufferAttribute
                0x0000000000002ec4                __GP11_TEE_GetObjectBufferAttribute
                0x0000000000002f60                TEE_GetObjectValueAttribute
                0x0000000000003098                TEE_CloseObject
                0x00000000000030c0                __GP11_TEE_AllocateTransientObject
                0x0000000000003174                TEE_AllocateTransientObject
                0x0000000000003190                TEE_FreeTransientObject
                0x0000000000003220                TEE_ResetTransientObject
                0x00000000000032b0                TEE_PopulateTransientObject
                0x00000000000033c0                __GP11_TEE_PopulateTransientObject
                0x00000000000034d0                TEE_InitRefAttribute
                0x000000000000351c                __GP11_TEE_InitRefAttribute
                0x000000000000356c                TEE_InitValueAttribute
                0x00000000000035b8                __GP11_TEE_InitValueAttribute
                0x0000000000003604                TEE_CopyObjectAttributes1
                0x00000000000036fc                TEE_CopyObjectAttributes
                0x0000000000003790                TEE_GenerateKey
                0x0000000000003864                __GP11_TEE_GenerateKey
                0x0000000000003938                TEE_OpenPersistentObject
                0x0000000000003a1c                __GP11_TEE_OpenPersistentObject
                0x0000000000003a24                TEE_CreatePersistentObject
                0x0000000000003b68                __GP11_TEE_CreatePersistentObject
                0x0000000000003be4                TEE_CloseAndDeletePersistentObject1
                0x0000000000003c2c                TEE_CloseAndDeletePersistentObject
                0x0000000000003c58                TEE_RenamePersistentObject
                0x0000000000003cb4                __GP11_TEE_RenamePersistentObject
                0x0000000000003cbc                TEE_AllocatePersistentObjectEnumerator
                0x0000000000003d4c                TEE_FreePersistentObjectEnumerator
                0x0000000000003d74                TEE_ResetPersistentObjectEnumerator
                0x0000000000003d9c                TEE_StartPersistentObjectEnumerator
                0x0000000000003dec                TEE_GetNextPersistentObject
                0x0000000000003f08                __GP11_TEE_GetNextPersistentObject
                0x0000000000004034                TEE_ReadObjectData
                0x00000000000040fc                __GP11_TEE_ReadObjectData
                0x0000000000004198                TEE_WriteObjectData
                0x0000000000004210                __GP11_TEE_WriteObjectData
                0x0000000000004218                TEE_TruncateObjectData
                0x0000000000004274                __GP11_TEE_TruncateObjectData
                0x000000000000427c                TEE_SeekObjectData
                0x0000000000004394                __GP11_TEE_SeekObjectData
 .text          0x000000000000439c      0x1fc /home/jeferson/optee/optee_os-rpi4/out/arm-plat-rpi4/export-ta_arm64/lib/libutee.a(tee_api_panic.o)
                0x00000000000043b8                TEE_Panic
                0x00000000000043d0                __utee_check_outbuf_annotation
                0x000000000000441c                __utee_check_gp11_outbuf_annotation
                0x0000000000004468                __utee_check_instring_annotation
                0x0000000000004498                __utee_check_outstring_annotation
                0x00000000000044e4                __utee_check_gp11_outstring_annotation
                0x0000000000004530                __utee_check_out_annotation
                0x0000000000004550                __utee_check_attr_in_annotation
                0x0000000000004574                __utee_check_gp11_attr_in_annotation
                0x0000000000004578                __utee_check_inout_annotation
 .text          0x0000000000004598      0x2bc /home/jeferson/optee/optee_os-rpi4/out/arm-plat-rpi4/export-ta_arm64/lib/libutee.a(tee_system_pta.o)
                0x000000000000461c                tee_map_zi
                0x00000000000046b0                tee_unmap
                0x000000000000476c                tee_invoke_supp_plugin
 .text._utee_panic
                0x0000000000004854        0xc /home/jeferson/optee/optee_os-rpi4/out/arm-plat-rpi4/export-ta_arm64/lib/libutee.a(utee_syscalls_a64.o)
                0x0000000000004854                _utee_panic
 .text._utee_return
                0x0000000000004860        0xc /home/jeferson/optee/optee_os-rpi4/out/arm-plat-rpi4/export-ta_arm64/lib/libutee.a(utee_syscalls_a64.o)
                0x0000000000004860                _utee_return
 .text._utee_log
                0x000000000000486c        0xc /home/jeferson/optee/optee_os-rpi4/out/arm-plat-rpi4/export-ta_arm64/lib/libutee.a(utee_syscalls_a64.o)
                0x000000000000486c                _utee_log
 .text.__utee_panic
                0x0000000000004878        0xc /home/jeferson/optee/optee_os-rpi4/out/arm-plat-rpi4/export-ta_arm64/lib/libutee.a(utee_syscalls_a64.o)
                0x0000000000004878                __utee_panic
 .text._utee_get_property
                0x0000000000004884        0xc /home/jeferson/optee/optee_os-rpi4/out/arm-plat-rpi4/export-ta_arm64/lib/libutee.a(utee_syscalls_a64.o)
                0x0000000000004884                _utee_get_property
 .text._utee_get_property_name_to_index
                0x0000000000004890        0xc /home/jeferson/optee/optee_os-rpi4/out/arm-plat-rpi4/export-ta_arm64/lib/libutee.a(utee_syscalls_a64.o)
                0x0000000000004890                _utee_get_property_name_to_index
 .text._utee_open_ta_session
                0x000000000000489c        0xc /home/jeferson/optee/optee_os-rpi4/out/arm-plat-rpi4/export-ta_arm64/lib/libutee.a(utee_syscalls_a64.o)
                0x000000000000489c                _utee_open_ta_session
 .text._utee_close_ta_session
                0x00000000000048a8        0xc /home/jeferson/optee/optee_os-rpi4/out/arm-plat-rpi4/export-ta_arm64/lib/libutee.a(utee_syscalls_a64.o)
                0x00000000000048a8                _utee_close_ta_session
 .text._utee_invoke_ta_command
                0x00000000000048b4        0xc /home/jeferson/optee/optee_os-rpi4/out/arm-plat-rpi4/export-ta_arm64/lib/libutee.a(utee_syscalls_a64.o)
                0x00000000000048b4                _utee_invoke_ta_command
 .text._utee_get_cancellation_flag
                0x00000000000048c0        0xc /home/jeferson/optee/optee_os-rpi4/out/arm-plat-rpi4/export-ta_arm64/lib/libutee.a(utee_syscalls_a64.o)
                0x00000000000048c0                _utee_get_cancellation_flag
 .text._utee_check_access_rights
                0x00000000000048cc        0xc /home/jeferson/optee/optee_os-rpi4/out/arm-plat-rpi4/export-ta_arm64/lib/libutee.a(utee_syscalls_a64.o)
                0x00000000000048cc                _utee_check_access_rights
 .text._utee_unmask_cancellation
                0x00000000000048d8        0xc /home/jeferson/optee/optee_os-rpi4/out/arm-plat-rpi4/export-ta_arm64/lib/libutee.a(utee_syscalls_a64.o)
                0x00000000000048d8                _utee_unmask_cancellation
 .text._utee_mask_cancellation
                0x00000000000048e4        0xc /home/jeferson/optee/optee_os-rpi4/out/arm-plat-rpi4/export-ta_arm64/lib/libutee.a(utee_syscalls_a64.o)
                0x00000000000048e4                _utee_mask_cancellation
 .text._utee_wait
                0x00000000000048f0        0xc /home/jeferson/optee/optee_os-rpi4/out/arm-plat-rpi4/export-ta_arm64/lib/libutee.a(utee_syscalls_a64.o)
                0x00000000000048f0                _utee_wait
 .text._utee_get_time
                0x00000000000048fc        0xc /home/jeferson/optee/optee_os-rpi4/out/arm-plat-rpi4/export-ta_arm64/lib/libutee.a(utee_syscalls_a64.o)
                0x00000000000048fc                _utee_get_time
 .text._utee_set_ta_time
                0x0000000000004908        0xc /home/jeferson/optee/optee_os-rpi4/out/arm-plat-rpi4/export-ta_arm64/lib/libutee.a(utee_syscalls_a64.o)
                0x0000000000004908                _utee_set_ta_time
 .text._utee_cryp_state_alloc
                0x0000000000004914        0xc /home/jeferson/optee/optee_os-rpi4/out/arm-plat-rpi4/export-ta_arm64/lib/libutee.a(utee_syscalls_a64.o)
                0x0000000000004914                _utee_cryp_state_alloc
 .text._utee_cryp_state_copy
                0x0000000000004920        0xc /home/jeferson/optee/optee_os-rpi4/out/arm-plat-rpi4/export-ta_arm64/lib/libutee.a(utee_syscalls_a64.o)
                0x0000000000004920                _utee_cryp_state_copy
 .text._utee_cryp_state_free
                0x000000000000492c        0xc /home/jeferson/optee/optee_os-rpi4/out/arm-plat-rpi4/export-ta_arm64/lib/libutee.a(utee_syscalls_a64.o)
                0x000000000000492c                _utee_cryp_state_free
 .text._utee_hash_init
                0x0000000000004938        0xc /home/jeferson/optee/optee_os-rpi4/out/arm-plat-rpi4/export-ta_arm64/lib/libutee.a(utee_syscalls_a64.o)
                0x0000000000004938                _utee_hash_init
 .text._utee_hash_update
                0x0000000000004944        0xc /home/jeferson/optee/optee_os-rpi4/out/arm-plat-rpi4/export-ta_arm64/lib/libutee.a(utee_syscalls_a64.o)
                0x0000000000004944                _utee_hash_update
 .text._utee_hash_final
                0x0000000000004950        0xc /home/jeferson/optee/optee_os-rpi4/out/arm-plat-rpi4/export-ta_arm64/lib/libutee.a(utee_syscalls_a64.o)
                0x0000000000004950                _utee_hash_final
 .text._utee_cipher_init
                0x000000000000495c        0xc /home/jeferson/optee/optee_os-rpi4/out/arm-plat-rpi4/export-ta_arm64/lib/libutee.a(utee_syscalls_a64.o)
                0x000000000000495c                _utee_cipher_init
 .text._utee_cipher_update
                0x0000000000004968        0xc /home/jeferson/optee/optee_os-rpi4/out/arm-plat-rpi4/export-ta_arm64/lib/libutee.a(utee_syscalls_a64.o)
                0x0000000000004968                _utee_cipher_update
 .text._utee_cipher_final
                0x0000000000004974        0xc /home/jeferson/optee/optee_os-rpi4/out/arm-plat-rpi4/export-ta_arm64/lib/libutee.a(utee_syscalls_a64.o)
                0x0000000000004974                _utee_cipher_final
 .text._utee_cryp_obj_get_info
                0x0000000000004980        0xc /home/jeferson/optee/optee_os-rpi4/out/arm-plat-rpi4/export-ta_arm64/lib/libutee.a(utee_syscalls_a64.o)
                0x0000000000004980                _utee_cryp_obj_get_info
 .text._utee_cryp_obj_restrict_usage
                0x000000000000498c        0xc /home/jeferson/optee/optee_os-rpi4/out/arm-plat-rpi4/export-ta_arm64/lib/libutee.a(utee_syscalls_a64.o)
                0x000000000000498c                _utee_cryp_obj_restrict_usage
 .text._utee_cryp_obj_get_attr
                0x0000000000004998        0xc /home/jeferson/optee/optee_os-rpi4/out/arm-plat-rpi4/export-ta_arm64/lib/libutee.a(utee_syscalls_a64.o)
                0x0000000000004998                _utee_cryp_obj_get_attr
 .text._utee_cryp_obj_alloc
                0x00000000000049a4        0xc /home/jeferson/optee/optee_os-rpi4/out/arm-plat-rpi4/export-ta_arm64/lib/libutee.a(utee_syscalls_a64.o)
                0x00000000000049a4                _utee_cryp_obj_alloc
 .text._utee_cryp_obj_close
                0x00000000000049b0        0xc /home/jeferson/optee/optee_os-rpi4/out/arm-plat-rpi4/export-ta_arm64/lib/libutee.a(utee_syscalls_a64.o)
                0x00000000000049b0                _utee_cryp_obj_close
 .text._utee_cryp_obj_reset
                0x00000000000049bc        0xc /home/jeferson/optee/optee_os-rpi4/out/arm-plat-rpi4/export-ta_arm64/lib/libutee.a(utee_syscalls_a64.o)
                0x00000000000049bc                _utee_cryp_obj_reset
 .text._utee_cryp_obj_populate
                0x00000000000049c8        0xc /home/jeferson/optee/optee_os-rpi4/out/arm-plat-rpi4/export-ta_arm64/lib/libutee.a(utee_syscalls_a64.o)
                0x00000000000049c8                _utee_cryp_obj_populate
 .text._utee_cryp_obj_copy
                0x00000000000049d4        0xc /home/jeferson/optee/optee_os-rpi4/out/arm-plat-rpi4/export-ta_arm64/lib/libutee.a(utee_syscalls_a64.o)
                0x00000000000049d4                _utee_cryp_obj_copy
 .text._utee_cryp_derive_key
                0x00000000000049e0        0xc /home/jeferson/optee/optee_os-rpi4/out/arm-plat-rpi4/export-ta_arm64/lib/libutee.a(utee_syscalls_a64.o)
                0x00000000000049e0                _utee_cryp_derive_key
 .text._utee_cryp_random_number_generate
                0x00000000000049ec        0xc /home/jeferson/optee/optee_os-rpi4/out/arm-plat-rpi4/export-ta_arm64/lib/libutee.a(utee_syscalls_a64.o)
                0x00000000000049ec                _utee_cryp_random_number_generate
 .text._utee_authenc_init
                0x00000000000049f8        0xc /home/jeferson/optee/optee_os-rpi4/out/arm-plat-rpi4/export-ta_arm64/lib/libutee.a(utee_syscalls_a64.o)
                0x00000000000049f8                _utee_authenc_init
 .text._utee_authenc_update_aad
                0x0000000000004a04        0xc /home/jeferson/optee/optee_os-rpi4/out/arm-plat-rpi4/export-ta_arm64/lib/libutee.a(utee_syscalls_a64.o)
                0x0000000000004a04                _utee_authenc_update_aad
 .text._utee_authenc_update_payload
                0x0000000000004a10        0xc /home/jeferson/optee/optee_os-rpi4/out/arm-plat-rpi4/export-ta_arm64/lib/libutee.a(utee_syscalls_a64.o)
                0x0000000000004a10                _utee_authenc_update_payload
 .text._utee_authenc_enc_final
                0x0000000000004a1c        0xc /home/jeferson/optee/optee_os-rpi4/out/arm-plat-rpi4/export-ta_arm64/lib/libutee.a(utee_syscalls_a64.o)
                0x0000000000004a1c                _utee_authenc_enc_final
 .text._utee_authenc_dec_final
                0x0000000000004a28        0xc /home/jeferson/optee/optee_os-rpi4/out/arm-plat-rpi4/export-ta_arm64/lib/libutee.a(utee_syscalls_a64.o)
                0x0000000000004a28                _utee_authenc_dec_final
 .text._utee_asymm_operate
                0x0000000000004a34        0xc /home/jeferson/optee/optee_os-rpi4/out/arm-plat-rpi4/export-ta_arm64/lib/libutee.a(utee_syscalls_a64.o)
                0x0000000000004a34                _utee_asymm_operate
 .text._utee_asymm_verify
                0x0000000000004a40        0xc /home/jeferson/optee/optee_os-rpi4/out/arm-plat-rpi4/export-ta_arm64/lib/libutee.a(utee_syscalls_a64.o)
                0x0000000000004a40                _utee_asymm_verify
 .text._utee_storage_obj_open
                0x0000000000004a4c        0xc /home/jeferson/optee/optee_os-rpi4/out/arm-plat-rpi4/export-ta_arm64/lib/libutee.a(utee_syscalls_a64.o)
                0x0000000000004a4c                _utee_storage_obj_open
 .text._utee_storage_obj_create
                0x0000000000004a58        0xc /home/jeferson/optee/optee_os-rpi4/out/arm-plat-rpi4/export-ta_arm64/lib/libutee.a(utee_syscalls_a64.o)
                0x0000000000004a58                _utee_storage_obj_create
 .text._utee_storage_obj_del
                0x0000000000004a64        0xc /home/jeferson/optee/optee_os-rpi4/out/arm-plat-rpi4/export-ta_arm64/lib/libutee.a(utee_syscalls_a64.o)
                0x0000000000004a64                _utee_storage_obj_del
 .text._utee_storage_obj_rename
                0x0000000000004a70        0xc /home/jeferson/optee/optee_os-rpi4/out/arm-plat-rpi4/export-ta_arm64/lib/libutee.a(utee_syscalls_a64.o)
                0x0000000000004a70                _utee_storage_obj_rename
 .text._utee_storage_alloc_enum
                0x0000000000004a7c        0xc /home/jeferson/optee/optee_os-rpi4/out/arm-plat-rpi4/export-ta_arm64/lib/libutee.a(utee_syscalls_a64.o)
                0x0000000000004a7c                _utee_storage_alloc_enum
 .text._utee_storage_free_enum
                0x0000000000004a88        0xc /home/jeferson/optee/optee_os-rpi4/out/arm-plat-rpi4/export-ta_arm64/lib/libutee.a(utee_syscalls_a64.o)
                0x0000000000004a88                _utee_storage_free_enum
 .text._utee_storage_reset_enum
                0x0000000000004a94        0xc /home/jeferson/optee/optee_os-rpi4/out/arm-plat-rpi4/export-ta_arm64/lib/libutee.a(utee_syscalls_a64.o)
                0x0000000000004a94                _utee_storage_reset_enum
 .text._utee_storage_start_enum
                0x0000000000004aa0        0xc /home/jeferson/optee/optee_os-rpi4/out/arm-plat-rpi4/export-ta_arm64/lib/libutee.a(utee_syscalls_a64.o)
                0x0000000000004aa0                _utee_storage_start_enum
 .text._utee_storage_next_enum
                0x0000000000004aac        0xc /home/jeferson/optee/optee_os-rpi4/out/arm-plat-rpi4/export-ta_arm64/lib/libutee.a(utee_syscalls_a64.o)
                0x0000000000004aac                _utee_storage_next_enum
 .text._utee_storage_obj_read
                0x0000000000004ab8        0xc /home/jeferson/optee/optee_os-rpi4/out/arm-plat-rpi4/export-ta_arm64/lib/libutee.a(utee_syscalls_a64.o)
                0x0000000000004ab8                _utee_storage_obj_read
 .text._utee_storage_obj_write
                0x0000000000004ac4        0xc /home/jeferson/optee/optee_os-rpi4/out/arm-plat-rpi4/export-ta_arm64/lib/libutee.a(utee_syscalls_a64.o)
                0x0000000000004ac4                _utee_storage_obj_write
 .text._utee_storage_obj_trunc
                0x0000000000004ad0        0xc /home/jeferson/optee/optee_os-rpi4/out/arm-plat-rpi4/export-ta_arm64/lib/libutee.a(utee_syscalls_a64.o)
                0x0000000000004ad0                _utee_storage_obj_trunc
 .text._utee_storage_obj_seek
                0x0000000000004adc        0xc /home/jeferson/optee/optee_os-rpi4/out/arm-plat-rpi4/export-ta_arm64/lib/libutee.a(utee_syscalls_a64.o)
                0x0000000000004adc                _utee_storage_obj_seek
 .text._utee_cryp_obj_generate_key
                0x0000000000004ae8        0xc /home/jeferson/optee/optee_os-rpi4/out/arm-plat-rpi4/export-ta_arm64/lib/libutee.a(utee_syscalls_a64.o)
                0x0000000000004ae8                _utee_cryp_obj_generate_key
 .text._utee_cache_operation
                0x0000000000004af4        0xc /home/jeferson/optee/optee_os-rpi4/out/arm-plat-rpi4/export-ta_arm64/lib/libutee.a(utee_syscalls_a64.o)
                0x0000000000004af4                _utee_cache_operation
 .text          0x0000000000004b00      0x740 /home/jeferson/optee/optee_os-rpi4/out/arm-plat-rpi4/export-ta_arm64/lib/libutee.a(user_ta_entry.o)
                0x0000000000004dc8                __utee_call_elf_init_fn
                0x0000000000004f14                __utee_call_elf_fini_fn
                0x0000000000004fb8                __utee_entry
 .text          0x0000000000005240      0x214 /home/jeferson/optee/optee_os-rpi4/out/arm-plat-rpi4/export-ta_arm64/lib/libutee.a(user_ta_entry_compat.o)
                0x0000000000005308                __ta_open_sess
                0x00000000000053a4                __ta_invoke_cmd
 .text.unlikely
                0x0000000000005454       0x20 /home/jeferson/optee/optee_os-rpi4/out/arm-plat-rpi4/export-ta_arm64/lib/libutee.a(abort.o)
                0x0000000000005454                abort
 .text          0x0000000000005474     0x2150 /home/jeferson/optee/optee_os-rpi4/out/arm-plat-rpi4/export-ta_arm64/lib/libutee.a(tee_api_arith_mpi.o)
                0x0000000000005cd8                _TEE_MathAPI_Init
                0x0000000000005d28                TEE_BigIntInit
                0x0000000000005d88                __GP11_TEE_BigIntInit
                0x0000000000005d90                TEE_BigIntConvertFromOctetString
                0x0000000000005e58                __GP11_TEE_BigIntConvertFromOctetString
                0x0000000000005e60                TEE_BigIntConvertToOctetString
                0x0000000000005f28                __GP11_TEE_BigIntConvertToOctetString
                0x0000000000005f8c                TEE_BigIntConvertFromS32
                0x0000000000006040                TEE_BigIntConvertToS32
                0x00000000000060fc                TEE_BigIntCmp
                0x0000000000006194                TEE_BigIntCmpS32
                0x00000000000063e4                TEE_BigIntShiftRight
                0x0000000000006584                __GP11_TEE_BigIntShiftRight
                0x000000000000658c                TEE_BigIntGetBit
                0x0000000000006610                TEE_BigIntGetBitCount
                0x0000000000006688                TEE_BigIntSetBit
                0x0000000000006738                TEE_BigIntAssign
                0x0000000000006788                TEE_BigIntAbs
                0x00000000000067b4                TEE_BigIntAdd
                0x00000000000067c0                TEE_BigIntSub
                0x00000000000067cc                TEE_BigIntNeg
                0x00000000000068b0                TEE_BigIntMul
                0x00000000000069c4                TEE_BigIntSquare
                0x00000000000069cc                TEE_BigIntDiv
                0x0000000000006b80                TEE_BigIntMod
                0x0000000000006bec                TEE_BigIntAddMod
                0x0000000000006bf8                TEE_BigIntSubMod
                0x0000000000006c04                TEE_BigIntMulMod
                0x0000000000006c10                TEE_BigIntSquareMod
                0x0000000000006c1c                TEE_BigIntInvMod
                0x0000000000006d6c                TEE_BigIntRelativePrime
                0x0000000000006e74                TEE_BigIntExpMod
                0x0000000000007048                TEE_BigIntComputeExtendedGcd
                0x00000000000072b0                TEE_BigIntIsProbablePrime
                0x0000000000007338                TEE_BigIntInitFMM
                0x000000000000733c                __GP11_TEE_BigIntInitFMM
                0x0000000000007344                TEE_BigIntInitFMMContext
                0x0000000000007348                __GP11_TEE_BigIntInitFMMContext
                0x0000000000007350                TEE_BigIntInitFMMContext1
                0x0000000000007358                TEE_BigIntFMMSizeInU32
                0x0000000000007368                __GP11_TEE_BigIntFMMSizeInU32
                0x0000000000007380                TEE_BigIntFMMContextSizeInU32
                0x0000000000007388                __GP11_TEE_BigIntFMMContextSizeInU32
                0x00000000000073a0                TEE_BigIntConvertToFMM
                0x00000000000073a4                TEE_BigIntConvertFromFMM
                0x0000000000007478                TEE_BigIntComputeFMM
 .text          0x00000000000075c4      0xfc4 /home/jeferson/optee/optee_os-rpi4/out/arm-plat-rpi4/export-ta_arm64/lib/libutee.a(tee_api_property.o)
                0x0000000000007994                TEE_GetPropertyAsString
                0x0000000000007bec                __GP11_TEE_GetPropertyAsString
                0x0000000000007c88                TEE_GetPropertyAsBool
                0x0000000000007d60                TEE_GetPropertyAsU32
                0x0000000000007e48                TEE_GetPropertyAsU64
                0x0000000000007f30                __GP11_TEE_GetPropertyAsBinaryBlock
                0x0000000000008018                TEE_GetPropertyAsBinaryBlock
                0x00000000000080b4                TEE_GetPropertyAsUUID
                0x000000000000819c                TEE_GetPropertyAsIdentity
                0x0000000000008284                TEE_ResetPropertyEnumerator
                0x0000000000008290                TEE_AllocatePropertyEnumerator
                0x00000000000082d8                TEE_FreePropertyEnumerator
                0x00000000000082dc                TEE_StartPropertyEnumerator
                0x00000000000082ec                __GP11_TEE_GetPropertyName
                0x000000000000841c                TEE_GetPropertyName
                0x00000000000084a8                TEE_GetNextProperty
 .text          0x0000000000008588      0x34c /home/jeferson/optee/optee_os-rpi4/out/arm-plat-rpi4/export-ta_arm64/lib/libutee.a(tcb.o)
                0x0000000000008588                __utee_tcb_init
                0x00000000000087c8                __tls_get_addr
                0x00000000000087e4                dl_iterate_phdr
 .text          0x00000000000088d4       0x58 /home/jeferson/optee/optee_os-rpi4/out/arm-plat-rpi4/export-ta_arm64/lib/libutee.a(assert.o)
                0x00000000000088d4                _assert_log
                0x0000000000008918                _assert_break
 .text          0x000000000000892c      0x250 /home/jeferson/optee/optee_os-rpi4/out/arm-plat-rpi4/export-ta_arm64/lib/libutee.a(base64.o)
                0x000000000000892c                _base64_enc_len
                0x0000000000008944                _base64_enc
                0x0000000000008a58                _base64_dec
 .text          0x0000000000008b7c     0x4180 /home/jeferson/optee/optee_os-rpi4/out/arm-plat-rpi4/export-ta_arm64/lib/libmbedtls.a(bignum.o)
                0x0000000000009350                mbedtls_mpi_init
                0x0000000000009360                mbedtls_mpi_init_mempool
                0x0000000000009388                mbedtls_mpi_free
                0x00000000000093f4                mbedtls_mpi_grow
                0x0000000000009548                mbedtls_mpi_shrink
                0x0000000000009660                mbedtls_mpi_copy
                0x000000000000972c                mbedtls_mpi_swap
                0x00000000000097b8                mbedtls_mpi_lset
                0x0000000000009820                mbedtls_mpi_get_bit
                0x000000000000984c                mbedtls_mpi_set_bit
                0x00000000000098d8                mbedtls_mpi_lsb
                0x000000000000992c                mbedtls_mpi_bitlen
                0x0000000000009988                mbedtls_mpi_size
                0x00000000000099a4                mbedtls_mpi_read_binary_le
                0x0000000000009a1c                mbedtls_mpi_read_binary
                0x0000000000009aa0                mbedtls_mpi_write_binary_le
                0x0000000000009b58                mbedtls_mpi_write_binary
                0x0000000000009c1c                mbedtls_mpi_shift_l
                0x0000000000009d2c                mbedtls_mpi_shift_r
                0x0000000000009dec                mbedtls_mpi_cmp_abs
                0x0000000000009e88                mbedtls_mpi_cmp_mpi
                0x0000000000009f58                mbedtls_mpi_cmp_int
                0x0000000000009fd0                mbedtls_mpi_add_abs
                0x000000000000a0f0                mbedtls_mpi_sub_abs
                0x000000000000a24c                mbedtls_mpi_add_mpi
                0x000000000000a2d4                mbedtls_mpi_sub_mpi
                0x000000000000a360                mbedtls_mpi_add_int
                0x000000000000a3d8                mbedtls_mpi_sub_int
                0x000000000000a450                mbedtls_mpi_mul_mpi
                0x000000000000a5fc                mbedtls_mpi_mul_int
                0x000000000000a6a4                mbedtls_mpi_read_string
                0x000000000000a8b0                mbedtls_mpi_div_mpi
                0x000000000000add0                mbedtls_mpi_div_int
                0x000000000000ae48                mbedtls_mpi_mod_mpi
                0x000000000000aefc                mbedtls_mpi_mod_int
                0x000000000000af98                mbedtls_mpi_write_string
                0x000000000000b2d0                mbedtls_mpi_montg_init
                0x000000000000b2d8                mbedtls_mpi_montmul
                0x000000000000b2dc                mbedtls_mpi_montred
                0x000000000000b2e0                mbedtls_mpi_exp_mod
                0x000000000000b9b0                mbedtls_mpi_gcd
                0x000000000000bb88                mbedtls_mpi_fill_random
                0x000000000000be94                mbedtls_mpi_random
                0x000000000000c04c                mbedtls_mpi_inv_mod
                0x000000000000c4a4                mbedtls_mpi_is_prime_ext
                0x000000000000c580                mbedtls_mpi_is_prime
                0x000000000000c590                mbedtls_mpi_gen_prime
                0x000000000000c8dc                mbedtls_mpi_self_test
 .text          0x000000000000ccfc      0x7c4 /home/jeferson/optee/optee_os-rpi4/out/arm-plat-rpi4/export-ta_arm64/lib/libmbedtls.a(constant_time.o)
                0x000000000000cd1c                mbedtls_ct_memcmp
                0x000000000000cd64                mbedtls_ct_uint_mask
                0x000000000000cd74                mbedtls_ct_mpi_uint_mask
                0x000000000000cd84                mbedtls_ct_size_bool_eq
                0x000000000000cd9c                mbedtls_ct_mpi_uint_lt
                0x000000000000cdb8                mbedtls_ct_uint_if
                0x000000000000cde8                mbedtls_ct_mpi_uint_cond_assign
                0x000000000000ce24                mbedtls_ct_base64_enc_char
                0x000000000000ced8                mbedtls_ct_base64_dec_value
                0x000000000000cf94                mbedtls_mpi_safe_cond_assign
                0x000000000000d050                mbedtls_mpi_safe_cond_swap
                0x000000000000d14c                mbedtls_mpi_lt_mpi_ct
                0x000000000000d244                mbedtls_ct_rsaes_pkcs1_v15_unpadding
 .text          0x000000000000d4c0       0x20 /home/jeferson/optee/optee_os-rpi4/out/arm-plat-rpi4/export-ta_arm64/lib/libmbedtls.a(platform_util.o)
                0x000000000000d4c0                mbedtls_platform_zeroize
 .text          0x000000000000d4e0      0xee0 /home/jeferson/optee/optee_os-rpi4/out/arm-plat-rpi4/export-ta_arm64/lib/libutils.a(bget_malloc.o)
                0x000000000000d550                bget
                0x000000000000d830                bgetz
                0x000000000000d8b8                brel
                0x000000000000db7c                bgetr
                0x000000000000dc4c                bpool
                0x000000000000dd1c                bstats
                0x000000000000ddb0                malloc_reset_stats
                0x000000000000ddc8                raw_memalign
                0x000000000000de4c                raw_malloc
                0x000000000000de5c                raw_free
                0x000000000000de6c                raw_calloc
                0x000000000000dedc                raw_realloc
                0x000000000000dfd0                malloc
                0x000000000000dfe8                calloc
                0x000000000000e004                realloc
                0x000000000000e01c                memalign
                0x000000000000e038                aligned_alloc
                0x000000000000e050                free
                0x000000000000e060                free_wipe
                0x000000000000e070                raw_malloc_get_ctx_size
                0x000000000000e078                raw_malloc_init_ctx
                0x000000000000e094                raw_malloc_add_pool
                0x000000000000e168                raw_malloc_buffer_overlaps_heap
                0x000000000000e1e8                raw_malloc_buffer_is_within_alloced
                0x000000000000e338                raw_malloc_get_stats
                0x000000000000e374                malloc_get_stats
                0x000000000000e384                malloc_add_pool
                0x000000000000e398                malloc_buffer_is_within_alloced
                0x000000000000e3ac                malloc_buffer_overlaps_heap
 .text          0x000000000000e3c0      0x12c /home/jeferson/optee/optee_os-rpi4/out/arm-plat-rpi4/export-ta_arm64/lib/libutils.a(snprintf.o)
                0x000000000000e3c0                snprintf
                0x000000000000e494                vsnprintf
 .text          0x000000000000e4ec       0x5c /home/jeferson/optee/optee_os-rpi4/out/arm-plat-rpi4/export-ta_arm64/lib/libutils.a(memmove.o)
                0x000000000000e4ec                memmove
 .text          0x000000000000e548       0x1c /home/jeferson/optee/optee_os-rpi4/out/arm-plat-rpi4/export-ta_arm64/lib/libutils.a(memset.o)
                0x000000000000e548                memset
 .text          0x000000000000e564       0x24 /home/jeferson/optee/optee_os-rpi4/out/arm-plat-rpi4/export-ta_arm64/lib/libutils.a(strcmp.o)
                0x000000000000e564                strcmp
 .text          0x000000000000e588       0x38 /home/jeferson/optee/optee_os-rpi4/out/arm-plat-rpi4/export-ta_arm64/lib/libutils.a(strlcpy.o)
                0x000000000000e588                strlcpy
 .text          0x000000000000e5c0      0x190 /home/jeferson/optee/optee_os-rpi4/out/arm-plat-rpi4/export-ta_arm64/lib/libutils.a(mempool.o)
                0x000000000000e5c0                mempool_alloc_pool
                0x000000000000e688                mempool_alloc
                0x000000000000e6ec                mempool_calloc
                0x000000000000e73c                mempool_free
 .text          0x000000000000e750       0x70 /home/jeferson/optee/optee_os-rpi4/out/arm-plat-rpi4/export-ta_arm64/lib/libutils.a(consttime_memcmp.o)
                0x000000000000e750                consttime_memcmp
 .text          0x000000000000e7c0        0x0 /home/jeferson/optee/optee_os-rpi4/out/arm-plat-rpi4/export-ta_arm64/lib/libutee.a(utee_syscalls_a64.o)
 .text          0x000000000000e7c0        0x0 /home/jeferson/optee/optee_os-rpi4/out/arm-plat-rpi4/export-ta_arm64/lib/libutee.a(abort.o)
 *(SORT_BY_ALIGNMENT(.stub))
 *(SORT_BY_ALIGNMENT(.glue_7))
 *(SORT_BY_ALIGNMENT(.glue_7t))
 *(SORT_BY_ALIGNMENT(.gnu.linkonce.t.*))
 *(SORT_BY_ALIGNMENT(.vfp11_veneer))
                0x000000000000e7c0                __text_end = .

.note.gnu.property
 *(SORT_BY_ALIGNMENT(.note.gnu.property))

.plt            0x000000000000e7c0        0x0
 *(SORT_BY_ALIGNMENT(.plt))
 .plt           0x000000000000e7c0        0x0 ./secure_storage_ta.o

.eh_frame_hdr
 *(SORT_BY_ALIGNMENT(.eh_frame_hdr))
 *(SORT_BY_ALIGNMENT(.eh_frame_entry) SORT_BY_ALIGNMENT(.eh_frame_entry.*))

.eh_frame       0x000000000000e7c0     0x30e4
 *(SORT_BY_ALIGNMENT(.eh_frame))
 .eh_frame      0x000000000000e7c0       0x98 ./secure_storage_ta.o
 .eh_frame      0x000000000000e858       0x58 ./user_ta_header.o
                                         0x68 (size before relaxing)
 .eh_frame      0x000000000000e8b0       0x18 /home/jeferson/optee/optee_os-rpi4/out/arm-plat-rpi4/export-ta_arm64/lib/libutils.a(stack_check.o)
                                         0x30 (size before relaxing)
 .eh_frame      0x000000000000e8c8       0xb8 /home/jeferson/optee/optee_os-rpi4/out/arm-plat-rpi4/export-ta_arm64/lib/libutils.a(trace.o)
                                         0xc8 (size before relaxing)
 .eh_frame      0x000000000000e980       0x18 /home/jeferson/optee/optee_os-rpi4/out/arm-plat-rpi4/export-ta_arm64/lib/libutils.a(memcpy.o)
                                         0x28 (size before relaxing)
 .eh_frame      0x000000000000e998       0xf0 /home/jeferson/optee/optee_os-rpi4/out/arm-plat-rpi4/export-ta_arm64/lib/libutils.a(snprintk.o)
                                        0x100 (size before relaxing)
 .eh_frame      0x000000000000ea88       0x18 /home/jeferson/optee/optee_os-rpi4/out/arm-plat-rpi4/export-ta_arm64/lib/libutils.a(memchr.o)
                                         0x28 (size before relaxing)
 .eh_frame      0x000000000000eaa0       0x18 /home/jeferson/optee/optee_os-rpi4/out/arm-plat-rpi4/export-ta_arm64/lib/libutils.a(strlen.o)
                                         0x28 (size before relaxing)
 .eh_frame      0x000000000000eab8       0xa8 /home/jeferson/optee/optee_os-rpi4/out/arm-plat-rpi4/export-ta_arm64/lib/libutee.a(trace_ext.o)
                                         0xc0 (size before relaxing)
 .eh_frame      0x000000000000eb60      0x588 /home/jeferson/optee/optee_os-rpi4/out/arm-plat-rpi4/export-ta_arm64/lib/libutee.a(tee_api.o)
                                        0x5a0 (size before relaxing)
 .eh_frame      0x000000000000f0e8      0x758 /home/jeferson/optee/optee_os-rpi4/out/arm-plat-rpi4/export-ta_arm64/lib/libutee.a(tee_api_objects.o)
                                        0x768 (size before relaxing)
 .eh_frame      0x000000000000f840      0x178 /home/jeferson/optee/optee_os-rpi4/out/arm-plat-rpi4/export-ta_arm64/lib/libutee.a(tee_api_panic.o)
                                        0x188 (size before relaxing)
 .eh_frame      0x000000000000f9b8       0xa8 /home/jeferson/optee/optee_os-rpi4/out/arm-plat-rpi4/export-ta_arm64/lib/libutee.a(tee_system_pta.o)
                                         0xc0 (size before relaxing)
 .eh_frame      0x000000000000fa60      0x150 /home/jeferson/optee/optee_os-rpi4/out/arm-plat-rpi4/export-ta_arm64/lib/libutee.a(user_ta_entry.o)
                                        0x160 (size before relaxing)
 .eh_frame      0x000000000000fbb0       0x80 /home/jeferson/optee/optee_os-rpi4/out/arm-plat-rpi4/export-ta_arm64/lib/libutee.a(user_ta_entry_compat.o)
                                         0x98 (size before relaxing)
 .eh_frame      0x000000000000fc30       0x18 /home/jeferson/optee/optee_os-rpi4/out/arm-plat-rpi4/export-ta_arm64/lib/libutee.a(abort.o)
                                         0x30 (size before relaxing)
 .eh_frame      0x000000000000fc48      0x7d0 /home/jeferson/optee/optee_os-rpi4/out/arm-plat-rpi4/export-ta_arm64/lib/libutee.a(tee_api_arith_mpi.o)
                                        0x7e0 (size before relaxing)
 .eh_frame      0x0000000000010418      0x310 /home/jeferson/optee/optee_os-rpi4/out/arm-plat-rpi4/export-ta_arm64/lib/libutee.a(tee_api_property.o)
                                        0x320 (size before relaxing)
 .eh_frame      0x0000000000010728       0x90 /home/jeferson/optee/optee_os-rpi4/out/arm-plat-rpi4/export-ta_arm64/lib/libutee.a(tcb.o)
                                         0xa0 (size before relaxing)
 .eh_frame      0x00000000000107b8       0x38 /home/jeferson/optee/optee_os-rpi4/out/arm-plat-rpi4/export-ta_arm64/lib/libutee.a(assert.o)
                                         0x50 (size before relaxing)
 .eh_frame      0x00000000000107f0       0x58 /home/jeferson/optee/optee_os-rpi4/out/arm-plat-rpi4/export-ta_arm64/lib/libutee.a(base64.o)
                                         0x70 (size before relaxing)
 .eh_frame      0x0000000000010848      0x988 /home/jeferson/optee/optee_os-rpi4/out/arm-plat-rpi4/export-ta_arm64/lib/libmbedtls.a(bignum.o)
                                        0x9a0 (size before relaxing)
 .eh_frame      0x00000000000111d0      0x1e8 /home/jeferson/optee/optee_os-rpi4/out/arm-plat-rpi4/export-ta_arm64/lib/libmbedtls.a(constant_time.o)
                                        0x1f8 (size before relaxing)
 .eh_frame      0x00000000000113b8       0x18 /home/jeferson/optee/optee_os-rpi4/out/arm-plat-rpi4/export-ta_arm64/lib/libmbedtls.a(platform_util.o)
                                         0x28 (size before relaxing)
 .eh_frame      0x00000000000113d0      0x378 /home/jeferson/optee/optee_os-rpi4/out/arm-plat-rpi4/export-ta_arm64/lib/libutils.a(bget_malloc.o)
                                        0x388 (size before relaxing)
 .eh_frame      0x0000000000011748       0x58 /home/jeferson/optee/optee_os-rpi4/out/arm-plat-rpi4/export-ta_arm64/lib/libutils.a(snprintf.o)
                                         0x68 (size before relaxing)
 .eh_frame      0x00000000000117a0       0x18 /home/jeferson/optee/optee_os-rpi4/out/arm-plat-rpi4/export-ta_arm64/lib/libutils.a(memmove.o)
                                         0x28 (size before relaxing)
 .eh_frame      0x00000000000117b8       0x18 /home/jeferson/optee/optee_os-rpi4/out/arm-plat-rpi4/export-ta_arm64/lib/libutils.a(memset.o)
                                         0x28 (size before relaxing)
 .eh_frame      0x00000000000117d0       0x18 /home/jeferson/optee/optee_os-rpi4/out/arm-plat-rpi4/export-ta_arm64/lib/libutils.a(strcmp.o)
                                         0x28 (size before relaxing)
 .eh_frame      0x00000000000117e8       0x18 /home/jeferson/optee/optee_os-rpi4/out/arm-plat-rpi4/export-ta_arm64/lib/libutils.a(strlcpy.o)
                                         0x28 (size before relaxing)
 .eh_frame      0x0000000000011800       0x88 /home/jeferson/optee/optee_os-rpi4/out/arm-plat-rpi4/export-ta_arm64/lib/libutils.a(mempool.o)
                                         0xa0 (size before relaxing)
 .eh_frame      0x0000000000011888       0x1c /home/jeferson/optee/optee_os-rpi4/out/arm-plat-rpi4/export-ta_arm64/lib/libutils.a(consttime_memcmp.o)
                                         0x30 (size before relaxing)
 *(SORT_BY_ALIGNMENT(.eh_frame.*))

.gcc_except_table
 *(SORT_BY_ALIGNMENT(.gcc_except_table) SORT_BY_ALIGNMENT(.gcc_except_table.*))

.rodata         0x00000000000118a8     0x13c1
 *(SORT_BY_ALIGNMENT(.gnu.linkonce.r.*))
 *(SORT_BY_ALIGNMENT(.rodata) SORT_BY_ALIGNMENT(.rodata.*))
 .rodata.user_ta_header.c
                0x00000000000118a8       0x33 ./user_ta_header.o
                0x00000000000118a8                ta_num_props
                0x00000000000118c8                __ta_no_share_heap_size
                0x00000000000118d0                ta_heap_size
                0x00000000000118d8                trace_ext_prefix
 *fill*         0x00000000000118db        0x5 
 .rodata.lib/libutee/tee_api.c
                0x00000000000118e0       0x20 /home/jeferson/optee/optee_os-rpi4/out/arm-plat-rpi4/export-ta_arm64/lib/libutee.a(tee_api.o)
 .rodata.lib/libutils/ext/snprintk.c
                0x0000000000011900       0xac /home/jeferson/optee/optee_os-rpi4/out/arm-plat-rpi4/export-ta_arm64/lib/libutils.a(snprintk.o)
 .rodata.lib/libutee/tee_system_pta.c
                0x00000000000119ac       0x31 /home/jeferson/optee/optee_os-rpi4/out/arm-plat-rpi4/export-ta_arm64/lib/libutee.a(tee_system_pta.o)
 *fill*         0x00000000000119dd        0x3 
 .rodata.lib/libutee/tee_api_property.c
                0x00000000000119e0       0x20 /home/jeferson/optee/optee_os-rpi4/out/arm-plat-rpi4/export-ta_arm64/lib/libutee.a(tee_api_property.o)
 .rodata.lib/libutee/base64.c
                0x0000000000011a00       0x45 /home/jeferson/optee/optee_os-rpi4/out/arm-plat-rpi4/export-ta_arm64/lib/libutee.a(base64.o)
 *fill*         0x0000000000011a45        0x3 
 .rodata.lib/libmbedtls/mbedtls/library/bignum.c
                0x0000000000011a48      0x2c4 /home/jeferson/optee/optee_os-rpi4/out/arm-plat-rpi4/export-ta_arm64/lib/libmbedtls.a(bignum.o)
 .rodata.str1.1.secure_storage_ta.c
                0x0000000000011d0c       0xfa ./secure_storage_ta.o
 .rodata.secure_storage_ta.c
                0x0000000000011e06       0x52 ./secure_storage_ta.o
 .rodata.str1.1.user_ta_header.c
                0x0000000000011e58      0x140 ./user_ta_header.o
 .rodata.str1.1.lib/libutils/isoc/stack_check.c
                0x0000000000011f98       0x18 /home/jeferson/optee/optee_os-rpi4/out/arm-plat-rpi4/export-ta_arm64/lib/libutils.a(stack_check.o)
 .rodata.str1.1.lib/libutils/ext/trace.c
                0x0000000000011fb0       0x1a /home/jeferson/optee/optee_os-rpi4/out/arm-plat-rpi4/export-ta_arm64/lib/libutils.a(trace.o)
                                         0x1b (size before relaxing)
 .rodata.lib/libutils/ext/trace.c
                0x0000000000011fca        0x5 /home/jeferson/optee/optee_os-rpi4/out/arm-plat-rpi4/export-ta_arm64/lib/libutils.a(trace.o)
 .rodata.str1.1.lib/libutils/ext/snprintk.c
                0x0000000000011fcf       0x38 /home/jeferson/optee/optee_os-rpi4/out/arm-plat-rpi4/export-ta_arm64/lib/libutils.a(snprintk.o)
 .rodata.str1.1.lib/libutee/trace_ext.c
                0x0000000000012007       0x38 /home/jeferson/optee/optee_os-rpi4/out/arm-plat-rpi4/export-ta_arm64/lib/libutee.a(trace_ext.o)
                                          0x2 (size before relaxing)
 .rodata.str1.1.lib/libutee/tee_api.c
                0x0000000000012007       0x11 /home/jeferson/optee/optee_os-rpi4/out/arm-plat-rpi4/export-ta_arm64/lib/libutee.a(tee_api.o)
 .rodata.str1.1.lib/libutee/tee_system_pta.c
                0x0000000000012018       0x55 /home/jeferson/optee/optee_os-rpi4/out/arm-plat-rpi4/export-ta_arm64/lib/libutee.a(tee_system_pta.o)
 .rodata.str1.1.lib/libutee/arch/arm/user_ta_entry.c
                0x000000000001206d       0x4f /home/jeferson/optee/optee_os-rpi4/out/arm-plat-rpi4/export-ta_arm64/lib/libutee.a(user_ta_entry.o)
 .rodata.lib/libutee/arch/arm/user_ta_entry.c
                0x00000000000120bc       0x16 /home/jeferson/optee/optee_os-rpi4/out/arm-plat-rpi4/export-ta_arm64/lib/libutee.a(user_ta_entry.o)
 .rodata.str1.1.lib/libutee/abort.c
                0x00000000000120d2        0x7 /home/jeferson/optee/optee_os-rpi4/out/arm-plat-rpi4/export-ta_arm64/lib/libutee.a(abort.o)
 .rodata.str1.1.lib/libutee/tee_api_arith_mpi.c
                0x00000000000120d9       0xc9 /home/jeferson/optee/optee_os-rpi4/out/arm-plat-rpi4/export-ta_arm64/lib/libutee.a(tee_api_arith_mpi.o)
 .rodata.lib/libutee/tee_api_arith_mpi.c
                0x00000000000121a2      0x14e /home/jeferson/optee/optee_os-rpi4/out/arm-plat-rpi4/export-ta_arm64/lib/libutee.a(tee_api_arith_mpi.o)
 .rodata.str1.1.lib/libutee/tee_api_property.c
                0x00000000000122f0       0x80 /home/jeferson/optee/optee_os-rpi4/out/arm-plat-rpi4/export-ta_arm64/lib/libutee.a(tee_api_property.o)
                                         0x88 (size before relaxing)
 .rodata.str1.1.lib/libutee/arch/arm/tcb.c
                0x0000000000012370       0x96 /home/jeferson/optee/optee_os-rpi4/out/arm-plat-rpi4/export-ta_arm64/lib/libutee.a(tcb.o)
 .rodata.lib/libutee/arch/arm/tcb.c
                0x0000000000012406       0x20 /home/jeferson/optee/optee_os-rpi4/out/arm-plat-rpi4/export-ta_arm64/lib/libutee.a(tcb.o)
 .rodata.str1.1.lib/libutee/assert.c
                0x0000000000012426       0x27 /home/jeferson/optee/optee_os-rpi4/out/arm-plat-rpi4/export-ta_arm64/lib/libutee.a(assert.o)
 .rodata.str1.1.lib/libmbedtls/mbedtls/library/bignum.c
                0x000000000001244d      0x456 /home/jeferson/optee/optee_os-rpi4/out/arm-plat-rpi4/export-ta_arm64/lib/libmbedtls.a(bignum.o)
                                        0x45d (size before relaxing)
 .rodata.str1.1.lib/libutils/isoc/bget_malloc.c
                0x00000000000128a3      0x2b9 /home/jeferson/optee/optee_os-rpi4/out/arm-plat-rpi4/export-ta_arm64/lib/libutils.a(bget_malloc.o)
                                        0x2c2 (size before relaxing)
 .rodata.lib/libutils/isoc/bget_malloc.c
                0x0000000000012b5c       0x58 /home/jeferson/optee/optee_os-rpi4/out/arm-plat-rpi4/export-ta_arm64/lib/libutils.a(bget_malloc.o)
 .rodata.str1.1.lib/libutils/ext/mempool.c
                0x0000000000012bb4       0x89 /home/jeferson/optee/optee_os-rpi4/out/arm-plat-rpi4/export-ta_arm64/lib/libutils.a(mempool.o)
 .rodata.lib/libutils/ext/mempool.c
                0x0000000000012c3d       0x2c /home/jeferson/optee/optee_os-rpi4/out/arm-plat-rpi4/export-ta_arm64/lib/libutils.a(mempool.o)

.gnu.version_d  0x0000000000012c70        0x0
 .gnu.version_d
                0x0000000000012c70        0x0 ./secure_storage_ta.o

.gnu.version    0x0000000000012c6a        0x0
 .gnu.version   0x0000000000012c6a        0x0 ./secure_storage_ta.o

.gnu.version_r  0x0000000000012c70        0x0
 .gnu.version_r
                0x0000000000012c70        0x0 ./secure_storage_ta.o

.gnu.hash       0x0000000000012c70       0x30
 .gnu.hash      0x0000000000012c70       0x30 ./secure_storage_ta.o

.ARM.extab
 *(SORT_BY_ALIGNMENT(.ARM.extab*) SORT_BY_ALIGNMENT(.gnu.linkonce.armextab.*))
                [!provide]                        PROVIDE (__exidx_start = .)

.ARM.exidx
 *(SORT_BY_ALIGNMENT(.ARM.exidx*) SORT_BY_ALIGNMENT(.gnu.linkonce.armexidx.*))
                [!provide]                        PROVIDE (__exidx_end = .)

.ctors
 *(SORT_BY_ALIGNMENT(.ctors))

.dtors
 *(SORT_BY_ALIGNMENT(.dtors))

.dynsym         0x0000000000012ca0       0x90
 *(SORT_BY_ALIGNMENT(.dynsym))
 .dynsym        0x0000000000012ca0       0x90 ./secure_storage_ta.o

.dynstr         0x0000000000012d30       0x2e
 *(SORT_BY_ALIGNMENT(.dynstr))
 .dynstr        0x0000000000012d30       0x2e ./secure_storage_ta.o

.hash           0x0000000000012d60       0x2c
 *(SORT_BY_ALIGNMENT(.hash))
 .hash          0x0000000000012d60       0x2c ./secure_storage_ta.o

.rela.dyn       0x0000000000012d90      0x348
 .rela.data.rel.ro
                0x0000000000012d90        0x0 ./secure_storage_ta.o
 .rela.ifunc    0x0000000000012d90        0x0 ./secure_storage_ta.o
 .rela.data.rel.ro.local
                0x0000000000012d90      0x2d0 ./secure_storage_ta.o
 .rela.data.rel.local
                0x0000000000013060       0x60 ./secure_storage_ta.o
 .rela.data.rel
                0x00000000000130c0       0x18 ./secure_storage_ta.o
                0x0000000000014000                . = ALIGN (0x1000)

.dynamic        0x0000000000014000      0x110
 *(SORT_BY_ALIGNMENT(.dynamic))
 .dynamic       0x0000000000014000      0x110 ./secure_storage_ta.o
                0x0000000000014000                _DYNAMIC

.tdata
 *(SORT_BY_ALIGNMENT(.tdata) SORT_BY_ALIGNMENT(.tdata.*) SORT_BY_ALIGNMENT(.gnu.linkonce.td.*))

.tbss
 *(SORT_BY_ALIGNMENT(.tbss) SORT_BY_ALIGNMENT(.tbss.*) SORT_BY_ALIGNMENT(.gnu.linkonce.tb.*))
 *(SORT_BY_ALIGNMENT(.tcommon))

.got            0x0000000000014110       0xd0
 *(SORT_BY_ALIGNMENT(.got.plt))
 .got.plt       0x0000000000014110       0x18 ./secure_storage_ta.o
 *(SORT_BY_ALIGNMENT(.got))
 .got           0x0000000000014128       0xb8 ./secure_storage_ta.o
                0x0000000000014128                _GLOBAL_OFFSET_TABLE_

.rel.text
 *(SORT_BY_ALIGNMENT(.rel.text))
 *(SORT_BY_ALIGNMENT(.rel.gnu.linkonce.t*))

.rela.text
 *(SORT_BY_ALIGNMENT(.rela.text))
 *(SORT_BY_ALIGNMENT(.rela.gnu.linkonce.t*))

.rel.data
 *(SORT_BY_ALIGNMENT(.rel.data))
 *(SORT_BY_ALIGNMENT(.rel.gnu.linkonce.d*))

.rela.data
 *(SORT_BY_ALIGNMENT(.rela.data))
 *(SORT_BY_ALIGNMENT(.rela.gnu.linkonce.d*))

.rel.tdata
 *(SORT_BY_ALIGNMENT(.rel.tdata) SORT_BY_ALIGNMENT(.rel.tdata.*) SORT_BY_ALIGNMENT(.rel.gnu.linkonce.td.*))

.rela.tdata
 *(SORT_BY_ALIGNMENT(.rela.tdata) SORT_BY_ALIGNMENT(.rela.tdata.*) SORT_BY_ALIGNMENT(.rela.gnu.linkonce.td.*))

.rel.tbss
 *(SORT_BY_ALIGNMENT(.rel.tbss) SORT_BY_ALIGNMENT(.rel.tbss.*) SORT_BY_ALIGNMENT(.rel.gnu.linkonce.tb.*))

.rela.tbss
 *(SORT_BY_ALIGNMENT(.rela.tbss) SORT_BY_ALIGNMENT(.rela.tbss.*) SORT_BY_ALIGNMENT(.rela.gnu.linkonce.tb.*))

.rel.rodata
 *(SORT_BY_ALIGNMENT(.rel.rodata))
 *(SORT_BY_ALIGNMENT(.rel.gnu.linkonce.r*))

.rela.rodata
 *(SORT_BY_ALIGNMENT(.rela.rodata))
 *(SORT_BY_ALIGNMENT(.rela.gnu.linkonce.r*))

.rel.dyn
 *(SORT_BY_ALIGNMENT(.rel.dyn))

.rel.got
 *(SORT_BY_ALIGNMENT(.rel.got))

.rela.got       0x00000000000141e0      0x210
 *(SORT_BY_ALIGNMENT(.rela.got))
 .rela.got      0x00000000000141e0      0x210 ./secure_storage_ta.o

.rel.ctors
 *(SORT_BY_ALIGNMENT(.rel.ctors))

.rela.ctors
 *(SORT_BY_ALIGNMENT(.rela.ctors))

.rel.dtors
 *(SORT_BY_ALIGNMENT(.rel.dtors))

.rela.dtors
 *(SORT_BY_ALIGNMENT(.rela.dtors))

.rel.init
 *(SORT_BY_ALIGNMENT(.rel.init))

.rela.init
 *(SORT_BY_ALIGNMENT(.rela.init))

.rel.fini
 *(SORT_BY_ALIGNMENT(.rel.fini))

.rela.fini
 *(SORT_BY_ALIGNMENT(.rela.fini))

.rel.bss
 *(SORT_BY_ALIGNMENT(.rel.bss))

.rela.bss       0x00000000000143f0        0x0
 *(SORT_BY_ALIGNMENT(.rela.bss))
 .rela.bss      0x00000000000143f0        0x0 ./secure_storage_ta.o

.rel.plt
 *(SORT_BY_ALIGNMENT(.rel.plt))

.rela.plt       0x00000000000143f0        0x0
 *(SORT_BY_ALIGNMENT(.rela.plt))
 .rela.plt      0x00000000000143f0        0x0 ./secure_storage_ta.o

.data           0x00000000000143f0      0x21c
 *(SORT_BY_ALIGNMENT(.data) SORT_BY_ALIGNMENT(.data.*) SORT_BY_ALIGNMENT(.gnu.linkonce.d.*))
 .data.rel.ro.local
                0x00000000000143f0      0x108 ./user_ta_header.o
                0x00000000000143f0                ta_props
 .data          0x00000000000144f8        0x8 /home/jeferson/optee/optee_os-rpi4/out/arm-plat-rpi4/export-ta_arm64/lib/libutils.a(stack_check.o)
                0x00000000000144f8                __stack_chk_guard
 .data.rel.local
                0x0000000000014500       0x20 /home/jeferson/optee/optee_os-rpi4/out/arm-plat-rpi4/export-ta_arm64/lib/libutee.a(user_ta_entry.o)
 .data.rel.ro.local
                0x0000000000014520       0x60 /home/jeferson/optee/optee_os-rpi4/out/arm-plat-rpi4/export-ta_arm64/lib/libutee.a(tee_api_property.o)
                0x0000000000014520                tee_props
 .data.rel      0x0000000000014580        0x8 /home/jeferson/optee/optee_os-rpi4/out/arm-plat-rpi4/export-ta_arm64/lib/libmbedtls.a(platform_util.o)
 .data.rel.local
                0x0000000000014588       0x80 /home/jeferson/optee/optee_os-rpi4/out/arm-plat-rpi4/export-ta_arm64/lib/libutils.a(bget_malloc.o)
 .data          0x0000000000014608        0x4 ./user_ta_header.o
                0x0000000000014608                trace_level
 .data          0x000000000001460c        0x0 ./secure_storage_ta.o
 .data.rel.ro   0x000000000001460c        0x0 ./secure_storage_ta.o
 .data          0x000000000001460c        0x0 /home/jeferson/optee/optee_os-rpi4/out/arm-plat-rpi4/export-ta_arm64/lib/libutils.a(trace.o)
 .data          0x000000000001460c        0x0 /home/jeferson/optee/optee_os-rpi4/out/arm-plat-rpi4/export-ta_arm64/lib/libutils.a(memcpy.o)
 .data          0x000000000001460c        0x0 /home/jeferson/optee/optee_os-rpi4/out/arm-plat-rpi4/export-ta_arm64/lib/libutils.a(snprintk.o)
 .data          0x000000000001460c        0x0 /home/jeferson/optee/optee_os-rpi4/out/arm-plat-rpi4/export-ta_arm64/lib/libutils.a(memchr.o)
 .data          0x000000000001460c        0x0 /home/jeferson/optee/optee_os-rpi4/out/arm-plat-rpi4/export-ta_arm64/lib/libutils.a(strlen.o)
 .data          0x000000000001460c        0x0 /home/jeferson/optee/optee_os-rpi4/out/arm-plat-rpi4/export-ta_arm64/lib/libutee.a(trace_ext.o)
 .data          0x000000000001460c        0x0 /home/jeferson/optee/optee_os-rpi4/out/arm-plat-rpi4/export-ta_arm64/lib/libutee.a(tee_api.o)
 .data          0x000000000001460c        0x0 /home/jeferson/optee/optee_os-rpi4/out/arm-plat-rpi4/export-ta_arm64/lib/libutee.a(tee_api_objects.o)
 .data          0x000000000001460c        0x0 /home/jeferson/optee/optee_os-rpi4/out/arm-plat-rpi4/export-ta_arm64/lib/libutee.a(tee_api_panic.o)
 .data          0x000000000001460c        0x0 /home/jeferson/optee/optee_os-rpi4/out/arm-plat-rpi4/export-ta_arm64/lib/libutee.a(tee_system_pta.o)
 .data          0x000000000001460c        0x0 /home/jeferson/optee/optee_os-rpi4/out/arm-plat-rpi4/export-ta_arm64/lib/libutee.a(utee_syscalls_a64.o)
 .data          0x000000000001460c        0x0 /home/jeferson/optee/optee_os-rpi4/out/arm-plat-rpi4/export-ta_arm64/lib/libutee.a(user_ta_entry.o)
 .data          0x000000000001460c        0x0 /home/jeferson/optee/optee_os-rpi4/out/arm-plat-rpi4/export-ta_arm64/lib/libutee.a(user_ta_entry_compat.o)
 .data          0x000000000001460c        0x0 /home/jeferson/optee/optee_os-rpi4/out/arm-plat-rpi4/export-ta_arm64/lib/libutee.a(abort.o)
 .data          0x000000000001460c        0x0 /home/jeferson/optee/optee_os-rpi4/out/arm-plat-rpi4/export-ta_arm64/lib/libutee.a(tee_api_arith_mpi.o)
 .data          0x000000000001460c        0x0 /home/jeferson/optee/optee_os-rpi4/out/arm-plat-rpi4/export-ta_arm64/lib/libutee.a(tee_api_property.o)
 .data          0x000000000001460c        0x0 /home/jeferson/optee/optee_os-rpi4/out/arm-plat-rpi4/export-ta_arm64/lib/libutee.a(tcb.o)
 .data          0x000000000001460c        0x0 /home/jeferson/optee/optee_os-rpi4/out/arm-plat-rpi4/export-ta_arm64/lib/libutee.a(assert.o)
 .data          0x000000000001460c        0x0 /home/jeferson/optee/optee_os-rpi4/out/arm-plat-rpi4/export-ta_arm64/lib/libutee.a(base64.o)
 .data          0x000000000001460c        0x0 /home/jeferson/optee/optee_os-rpi4/out/arm-plat-rpi4/export-ta_arm64/lib/libmbedtls.a(bignum.o)
 .data          0x000000000001460c        0x0 /home/jeferson/optee/optee_os-rpi4/out/arm-plat-rpi4/export-ta_arm64/lib/libmbedtls.a(constant_time.o)
 .data          0x000000000001460c        0x0 /home/jeferson/optee/optee_os-rpi4/out/arm-plat-rpi4/export-ta_arm64/lib/libmbedtls.a(platform_util.o)
 .data          0x000000000001460c        0x0 /home/jeferson/optee/optee_os-rpi4/out/arm-plat-rpi4/export-ta_arm64/lib/libutils.a(bget_malloc.o)
 .data          0x000000000001460c        0x0 /home/jeferson/optee/optee_os-rpi4/out/arm-plat-rpi4/export-ta_arm64/lib/libutils.a(snprintf.o)
 .data          0x000000000001460c        0x0 /home/jeferson/optee/optee_os-rpi4/out/arm-plat-rpi4/export-ta_arm64/lib/libutils.a(memmove.o)
 .data          0x000000000001460c        0x0 /home/jeferson/optee/optee_os-rpi4/out/arm-plat-rpi4/export-ta_arm64/lib/libutils.a(memset.o)
 .data          0x000000000001460c        0x0 /home/jeferson/optee/optee_os-rpi4/out/arm-plat-rpi4/export-ta_arm64/lib/libutils.a(strcmp.o)
 .data          0x000000000001460c        0x0 /home/jeferson/optee/optee_os-rpi4/out/arm-plat-rpi4/export-ta_arm64/lib/libutils.a(strlcpy.o)
 .data          0x000000000001460c        0x0 /home/jeferson/optee/optee_os-rpi4/out/arm-plat-rpi4/export-ta_arm64/lib/libutils.a(mempool.o)
 .data          0x000000000001460c        0x0 /home/jeferson/optee/optee_os-rpi4/out/arm-plat-rpi4/export-ta_arm64/lib/libutils.a(consttime_memcmp.o)

.bss            0x0000000000014610     0xb8a0
 *(SORT_BY_ALIGNMENT(.bss) SORT_BY_ALIGNMENT(.bss.*) SORT_BY_ALIGNMENT(.gnu.linkonce.b.*) SORT_BY_ALIGNMENT(COMMON))
 .bss           0x0000000000014610       0x10 /home/jeferson/optee/optee_os-rpi4/out/arm-plat-rpi4/export-ta_arm64/lib/libutee.a(tee_api.o)
 .bss           0x0000000000014620        0x8 /home/jeferson/optee/optee_os-rpi4/out/arm-plat-rpi4/export-ta_arm64/lib/libutee.a(tee_system_pta.o)
 .bss           0x0000000000014628       0x6c /home/jeferson/optee/optee_os-rpi4/out/arm-plat-rpi4/export-ta_arm64/lib/libutee.a(user_ta_entry.o)
                0x0000000000014638                __elf_phdr_info
                0x0000000000014648                __ta_no_share_malloc_ctx
                0x0000000000014650                ta_params
                0x0000000000014690                ta_param_types
 *fill*         0x0000000000014694        0x4 
 .bss           0x0000000000014698     0x3800 /home/jeferson/optee/optee_os-rpi4/out/arm-plat-rpi4/export-ta_arm64/lib/libutee.a(tee_api_arith_mpi.o)
 .bss           0x0000000000017e98       0x10 /home/jeferson/optee/optee_os-rpi4/out/arm-plat-rpi4/export-ta_arm64/lib/libutee.a(tcb.o)
 .bss           0x0000000000017ea8        0x8 /home/jeferson/optee/optee_os-rpi4/out/arm-plat-rpi4/export-ta_arm64/lib/libmbedtls.a(bignum.o)
                0x0000000000017ea8                mbedtls_mpi_mempool
 .bss           0x0000000000017eb0        0x0 ./secure_storage_ta.o
 .bss           0x0000000000017eb0     0x8000 ./user_ta_header.o
                0x0000000000017eb0                ta_heap
                0x0000000000017eb0                __ta_no_share_heap
 .bss           0x000000000001feb0        0x0 /home/jeferson/optee/optee_os-rpi4/out/arm-plat-rpi4/export-ta_arm64/lib/libutils.a(stack_check.o)
 .bss           0x000000000001feb0        0x0 /home/jeferson/optee/optee_os-rpi4/out/arm-plat-rpi4/export-ta_arm64/lib/libutils.a(trace.o)
 .bss           0x000000000001feb0        0x0 /home/jeferson/optee/optee_os-rpi4/out/arm-plat-rpi4/export-ta_arm64/lib/libutils.a(memcpy.o)
 .bss           0x000000000001feb0        0x0 /home/jeferson/optee/optee_os-rpi4/out/arm-plat-rpi4/export-ta_arm64/lib/libutils.a(snprintk.o)
 .bss           0x000000000001feb0        0x0 /home/jeferson/optee/optee_os-rpi4/out/arm-plat-rpi4/export-ta_arm64/lib/libutils.a(memchr.o)
 .bss           0x000000000001feb0        0x0 /home/jeferson/optee/optee_os-rpi4/out/arm-plat-rpi4/export-ta_arm64/lib/libutils.a(strlen.o)
 .bss           0x000000000001feb0        0x0 /home/jeferson/optee/optee_os-rpi4/out/arm-plat-rpi4/export-ta_arm64/lib/libutee.a(trace_ext.o)
 .bss           0x000000000001feb0        0x0 /home/jeferson/optee/optee_os-rpi4/out/arm-plat-rpi4/export-ta_arm64/lib/libutee.a(tee_api_objects.o)
 .bss           0x000000000001feb0        0x0 /home/jeferson/optee/optee_os-rpi4/out/arm-plat-rpi4/export-ta_arm64/lib/libutee.a(tee_api_panic.o)
 .bss           0x000000000001feb0        0x0 /home/jeferson/optee/optee_os-rpi4/out/arm-plat-rpi4/export-ta_arm64/lib/libutee.a(utee_syscalls_a64.o)
 .bss           0x000000000001feb0        0x0 /home/jeferson/optee/optee_os-rpi4/out/arm-plat-rpi4/export-ta_arm64/lib/libutee.a(user_ta_entry_compat.o)
 .bss           0x000000000001feb0        0x0 /home/jeferson/optee/optee_os-rpi4/out/arm-plat-rpi4/export-ta_arm64/lib/libutee.a(abort.o)
 .bss           0x000000000001feb0        0x0 /home/jeferson/optee/optee_os-rpi4/out/arm-plat-rpi4/export-ta_arm64/lib/libutee.a(tee_api_property.o)
 .bss           0x000000000001feb0        0x0 /home/jeferson/optee/optee_os-rpi4/out/arm-plat-rpi4/export-ta_arm64/lib/libutee.a(assert.o)
 .bss           0x000000000001feb0        0x0 /home/jeferson/optee/optee_os-rpi4/out/arm-plat-rpi4/export-ta_arm64/lib/libutee.a(base64.o)
 .bss           0x000000000001feb0        0x0 /home/jeferson/optee/optee_os-rpi4/out/arm-plat-rpi4/export-ta_arm64/lib/libmbedtls.a(constant_time.o)
 .bss           0x000000000001feb0        0x0 /home/jeferson/optee/optee_os-rpi4/out/arm-plat-rpi4/export-ta_arm64/lib/libmbedtls.a(platform_util.o)
 .bss           0x000000000001feb0        0x0 /home/jeferson/optee/optee_os-rpi4/out/arm-plat-rpi4/export-ta_arm64/lib/libutils.a(bget_malloc.o)
 .bss           0x000000000001feb0        0x0 /home/jeferson/optee/optee_os-rpi4/out/arm-plat-rpi4/export-ta_arm64/lib/libutils.a(snprintf.o)
 .bss           0x000000000001feb0        0x0 /home/jeferson/optee/optee_os-rpi4/out/arm-plat-rpi4/export-ta_arm64/lib/libutils.a(memmove.o)
 .bss           0x000000000001feb0        0x0 /home/jeferson/optee/optee_os-rpi4/out/arm-plat-rpi4/export-ta_arm64/lib/libutils.a(memset.o)
 .bss           0x000000000001feb0        0x0 /home/jeferson/optee/optee_os-rpi4/out/arm-plat-rpi4/export-ta_arm64/lib/libutils.a(strcmp.o)
 .bss           0x000000000001feb0        0x0 /home/jeferson/optee/optee_os-rpi4/out/arm-plat-rpi4/export-ta_arm64/lib/libutils.a(strlcpy.o)
 .bss           0x000000000001feb0        0x0 /home/jeferson/optee/optee_os-rpi4/out/arm-plat-rpi4/export-ta_arm64/lib/libutils.a(mempool.o)
 .bss           0x000000000001feb0        0x0 /home/jeferson/optee/optee_os-rpi4/out/arm-plat-rpi4/export-ta_arm64/lib/libutils.a(consttime_memcmp.o)
                0x000000000001feb0                . = ALIGN (0x8)
                0x000000000001feb0                __ftrace_buf_start = .
                0x000000000001feb0                . = (. + DEFINED (_mcount)?0x800:0x0)
                0x000000000001feb0                __ftrace_buf_end = .

.dynbss         0x000000000001feb0        0x0
 .dynbss        0x000000000001feb0        0x0 ./secure_storage_ta.o

/DISCARD/
 *(SORT_BY_ALIGNMENT(.interp))
LOAD ./secure_storage_ta.o
LOAD ./user_ta_header.o
START GROUP
LOAD /home/jeferson/optee/optee_os-rpi4/out/arm-plat-rpi4/export-ta_arm64/lib/libutils.a
LOAD /home/jeferson/optee/optee_os-rpi4/out/arm-plat-rpi4/export-ta_arm64/lib/libutee.a
LOAD /home/jeferson/optee/optee_os-rpi4/out/arm-plat-rpi4/export-ta_arm64/lib/libmbedtls.a
LOAD /home/jeferson/optee/optee_os-rpi4/out/arm-plat-rpi4/export-ta_arm64/lib/libdl.a
END GROUP
LOAD /home/jeferson/optee/buildroot/output/host/lib/gcc/aarch64-buildroot-linux-gnu/11.3.0/libgcc.a
LOAD /home/jeferson/optee/optee_os-rpi4/out/arm-plat-rpi4/export-ta_arm64/lib/libutils.a
OUTPUT(f4e750bb-1437-4fbf-8785-8d3580c34994.elf elf64-littleaarch64)
LOAD linker stubs

.debug_info     0x0000000000000000    0x1cfb8
 .debug_info    0x0000000000000000      0xc8f ./secure_storage_ta.o
 .debug_info    0x0000000000000c8f      0x78f ./user_ta_header.o
 .debug_info    0x000000000000141e      0x146 /home/jeferson/optee/optee_os-rpi4/out/arm-plat-rpi4/export-ta_arm64/lib/libutils.a(stack_check.o)
 .debug_info    0x0000000000001564      0x6ec /home/jeferson/optee/optee_os-rpi4/out/arm-plat-rpi4/export-ta_arm64/lib/libutils.a(trace.o)
 .debug_info    0x0000000000001c50      0x130 /home/jeferson/optee/optee_os-rpi4/out/arm-plat-rpi4/export-ta_arm64/lib/libutils.a(memcpy.o)
 .debug_info    0x0000000000001d80      0x961 /home/jeferson/optee/optee_os-rpi4/out/arm-plat-rpi4/export-ta_arm64/lib/libutils.a(snprintk.o)
 .debug_info    0x00000000000026e1       0xff /home/jeferson/optee/optee_os-rpi4/out/arm-plat-rpi4/export-ta_arm64/lib/libutils.a(memchr.o)
 .debug_info    0x00000000000027e0       0xbf /home/jeferson/optee/optee_os-rpi4/out/arm-plat-rpi4/export-ta_arm64/lib/libutils.a(strlen.o)
 .debug_info    0x000000000000289f      0x3d8 /home/jeferson/optee/optee_os-rpi4/out/arm-plat-rpi4/export-ta_arm64/lib/libutee.a(trace_ext.o)
 .debug_info    0x0000000000002c77     0x2775 /home/jeferson/optee/optee_os-rpi4/out/arm-plat-rpi4/export-ta_arm64/lib/libutee.a(tee_api.o)
 .debug_info    0x00000000000053ec     0x2ed2 /home/jeferson/optee/optee_os-rpi4/out/arm-plat-rpi4/export-ta_arm64/lib/libutee.a(tee_api_objects.o)
 .debug_info    0x00000000000082be      0xa4c /home/jeferson/optee/optee_os-rpi4/out/arm-plat-rpi4/export-ta_arm64/lib/libutee.a(tee_api_panic.o)
 .debug_info    0x0000000000008d0a      0x785 /home/jeferson/optee/optee_os-rpi4/out/arm-plat-rpi4/export-ta_arm64/lib/libutee.a(tee_system_pta.o)
 .debug_info    0x000000000000948f       0x23 /home/jeferson/optee/optee_os-rpi4/out/arm-plat-rpi4/export-ta_arm64/lib/libutee.a(utee_syscalls_a64.o)
 .debug_info    0x00000000000094b2     0x16ba /home/jeferson/optee/optee_os-rpi4/out/arm-plat-rpi4/export-ta_arm64/lib/libutee.a(user_ta_entry.o)
 .debug_info    0x000000000000ab6c      0x4d2 /home/jeferson/optee/optee_os-rpi4/out/arm-plat-rpi4/export-ta_arm64/lib/libutee.a(user_ta_entry_compat.o)
 .debug_info    0x000000000000b03e       0xf1 /home/jeferson/optee/optee_os-rpi4/out/arm-plat-rpi4/export-ta_arm64/lib/libutee.a(abort.o)
 .debug_info    0x000000000000b12f     0x51a9 /home/jeferson/optee/optee_os-rpi4/out/arm-plat-rpi4/export-ta_arm64/lib/libutee.a(tee_api_arith_mpi.o)
 .debug_info    0x00000000000102d8     0x1940 /home/jeferson/optee/optee_os-rpi4/out/arm-plat-rpi4/export-ta_arm64/lib/libutee.a(tee_api_property.o)
 .debug_info    0x0000000000011c18      0x8af /home/jeferson/optee/optee_os-rpi4/out/arm-plat-rpi4/export-ta_arm64/lib/libutee.a(tcb.o)
 .debug_info    0x00000000000124c7      0x1b7 /home/jeferson/optee/optee_os-rpi4/out/arm-plat-rpi4/export-ta_arm64/lib/libutee.a(assert.o)
 .debug_info    0x000000000001267e      0x339 /home/jeferson/optee/optee_os-rpi4/out/arm-plat-rpi4/export-ta_arm64/lib/libutee.a(base64.o)
 .debug_info    0x00000000000129b7     0x5e66 /home/jeferson/optee/optee_os-rpi4/out/arm-plat-rpi4/export-ta_arm64/lib/libmbedtls.a(bignum.o)
 .debug_info    0x000000000001881d     0x100f /home/jeferson/optee/optee_os-rpi4/out/arm-plat-rpi4/export-ta_arm64/lib/libmbedtls.a(constant_time.o)
 .debug_info    0x000000000001982c      0x14b /home/jeferson/optee/optee_os-rpi4/out/arm-plat-rpi4/export-ta_arm64/lib/libmbedtls.a(platform_util.o)
 .debug_info    0x0000000000019977     0x2797 /home/jeferson/optee/optee_os-rpi4/out/arm-plat-rpi4/export-ta_arm64/lib/libutils.a(bget_malloc.o)
 .debug_info    0x000000000001c10e      0x2a0 /home/jeferson/optee/optee_os-rpi4/out/arm-plat-rpi4/export-ta_arm64/lib/libutils.a(snprintf.o)
 .debug_info    0x000000000001c3ae       0xfb /home/jeferson/optee/optee_os-rpi4/out/arm-plat-rpi4/export-ta_arm64/lib/libutils.a(memmove.o)
 .debug_info    0x000000000001c4a9       0xd3 /home/jeferson/optee/optee_os-rpi4/out/arm-plat-rpi4/export-ta_arm64/lib/libutils.a(memset.o)
 .debug_info    0x000000000001c57c       0xb4 /home/jeferson/optee/optee_os-rpi4/out/arm-plat-rpi4/export-ta_arm64/lib/libutils.a(strcmp.o)
 .debug_info    0x000000000001c630      0x123 /home/jeferson/optee/optee_os-rpi4/out/arm-plat-rpi4/export-ta_arm64/lib/libutils.a(strlcpy.o)
 .debug_info    0x000000000001c753      0x733 /home/jeferson/optee/optee_os-rpi4/out/arm-plat-rpi4/export-ta_arm64/lib/libutils.a(mempool.o)
 .debug_info    0x000000000001ce86      0x132 /home/jeferson/optee/optee_os-rpi4/out/arm-plat-rpi4/export-ta_arm64/lib/libutils.a(consttime_memcmp.o)

.debug_abbrev   0x0000000000000000     0x487a
 .debug_abbrev  0x0000000000000000      0x2ad ./secure_storage_ta.o
 .debug_abbrev  0x00000000000002ad      0x280 ./user_ta_header.o
 .debug_abbrev  0x000000000000052d       0xb1 /home/jeferson/optee/optee_os-rpi4/out/arm-plat-rpi4/export-ta_arm64/lib/libutils.a(stack_check.o)
 .debug_abbrev  0x00000000000005de      0x2bf /home/jeferson/optee/optee_os-rpi4/out/arm-plat-rpi4/export-ta_arm64/lib/libutils.a(trace.o)
 .debug_abbrev  0x000000000000089d       0xbb /home/jeferson/optee/optee_os-rpi4/out/arm-plat-rpi4/export-ta_arm64/lib/libutils.a(memcpy.o)
 .debug_abbrev  0x0000000000000958      0x300 /home/jeferson/optee/optee_os-rpi4/out/arm-plat-rpi4/export-ta_arm64/lib/libutils.a(snprintk.o)
 .debug_abbrev  0x0000000000000c58       0xb4 /home/jeferson/optee/optee_os-rpi4/out/arm-plat-rpi4/export-ta_arm64/lib/libutils.a(memchr.o)
 .debug_abbrev  0x0000000000000d0c       0x85 /home/jeferson/optee/optee_os-rpi4/out/arm-plat-rpi4/export-ta_arm64/lib/libutils.a(strlen.o)
 .debug_abbrev  0x0000000000000d91      0x1c4 /home/jeferson/optee/optee_os-rpi4/out/arm-plat-rpi4/export-ta_arm64/lib/libutee.a(trace_ext.o)
 .debug_abbrev  0x0000000000000f55      0x55a /home/jeferson/optee/optee_os-rpi4/out/arm-plat-rpi4/export-ta_arm64/lib/libutee.a(tee_api.o)
 .debug_abbrev  0x00000000000014af      0x399 /home/jeferson/optee/optee_os-rpi4/out/arm-plat-rpi4/export-ta_arm64/lib/libutee.a(tee_api_objects.o)
 .debug_abbrev  0x0000000000001848      0x21c /home/jeferson/optee/optee_os-rpi4/out/arm-plat-rpi4/export-ta_arm64/lib/libutee.a(tee_api_panic.o)
 .debug_abbrev  0x0000000000001a64      0x283 /home/jeferson/optee/optee_os-rpi4/out/arm-plat-rpi4/export-ta_arm64/lib/libutee.a(tee_system_pta.o)
 .debug_abbrev  0x0000000000001ce7       0x12 /home/jeferson/optee/optee_os-rpi4/out/arm-plat-rpi4/export-ta_arm64/lib/libutee.a(utee_syscalls_a64.o)
 .debug_abbrev  0x0000000000001cf9      0x5aa /home/jeferson/optee/optee_os-rpi4/out/arm-plat-rpi4/export-ta_arm64/lib/libutee.a(user_ta_entry.o)
 .debug_abbrev  0x00000000000022a3      0x1a4 /home/jeferson/optee/optee_os-rpi4/out/arm-plat-rpi4/export-ta_arm64/lib/libutee.a(user_ta_entry_compat.o)
 .debug_abbrev  0x0000000000002447       0x94 /home/jeferson/optee/optee_os-rpi4/out/arm-plat-rpi4/export-ta_arm64/lib/libutee.a(abort.o)
 .debug_abbrev  0x00000000000024db      0x530 /home/jeferson/optee/optee_os-rpi4/out/arm-plat-rpi4/export-ta_arm64/lib/libutee.a(tee_api_arith_mpi.o)
 .debug_abbrev  0x0000000000002a0b      0x343 /home/jeferson/optee/optee_os-rpi4/out/arm-plat-rpi4/export-ta_arm64/lib/libutee.a(tee_api_property.o)
 .debug_abbrev  0x0000000000002d4e      0x2cf /home/jeferson/optee/optee_os-rpi4/out/arm-plat-rpi4/export-ta_arm64/lib/libutee.a(tcb.o)
 .debug_abbrev  0x000000000000301d       0xbc /home/jeferson/optee/optee_os-rpi4/out/arm-plat-rpi4/export-ta_arm64/lib/libutee.a(assert.o)
 .debug_abbrev  0x00000000000030d9      0x1a4 /home/jeferson/optee/optee_os-rpi4/out/arm-plat-rpi4/export-ta_arm64/lib/libutee.a(base64.o)
 .debug_abbrev  0x000000000000327d      0x5ed /home/jeferson/optee/optee_os-rpi4/out/arm-plat-rpi4/export-ta_arm64/lib/libmbedtls.a(bignum.o)
 .debug_abbrev  0x000000000000386a      0x390 /home/jeferson/optee/optee_os-rpi4/out/arm-plat-rpi4/export-ta_arm64/lib/libmbedtls.a(constant_time.o)
 .debug_abbrev  0x0000000000003bfa       0xd4 /home/jeferson/optee/optee_os-rpi4/out/arm-plat-rpi4/export-ta_arm64/lib/libmbedtls.a(platform_util.o)
 .debug_abbrev  0x0000000000003cce      0x48f /home/jeferson/optee/optee_os-rpi4/out/arm-plat-rpi4/export-ta_arm64/lib/libutils.a(bget_malloc.o)
 .debug_abbrev  0x000000000000415d      0x155 /home/jeferson/optee/optee_os-rpi4/out/arm-plat-rpi4/export-ta_arm64/lib/libutils.a(snprintf.o)
 .debug_abbrev  0x00000000000042b2       0xa6 /home/jeferson/optee/optee_os-rpi4/out/arm-plat-rpi4/export-ta_arm64/lib/libutils.a(memmove.o)
 .debug_abbrev  0x0000000000004358       0xa3 /home/jeferson/optee/optee_os-rpi4/out/arm-plat-rpi4/export-ta_arm64/lib/libutils.a(memset.o)
 .debug_abbrev  0x00000000000043fb       0x6f /home/jeferson/optee/optee_os-rpi4/out/arm-plat-rpi4/export-ta_arm64/lib/libutils.a(strcmp.o)
 .debug_abbrev  0x000000000000446a       0xa5 /home/jeferson/optee/optee_os-rpi4/out/arm-plat-rpi4/export-ta_arm64/lib/libutils.a(strlcpy.o)
 .debug_abbrev  0x000000000000450f      0x2a9 /home/jeferson/optee/optee_os-rpi4/out/arm-plat-rpi4/export-ta_arm64/lib/libutils.a(mempool.o)
 .debug_abbrev  0x00000000000047b8       0xc2 /home/jeferson/optee/optee_os-rpi4/out/arm-plat-rpi4/export-ta_arm64/lib/libutils.a(consttime_memcmp.o)

.debug_loclists
                0x0000000000000000    0x10991
 .debug_loclists
                0x0000000000000000      0x4d6 ./secure_storage_ta.o
 .debug_loclists
                0x00000000000004d6      0x151 ./user_ta_header.o
 .debug_loclists
                0x0000000000000627      0x2a5 /home/jeferson/optee/optee_os-rpi4/out/arm-plat-rpi4/export-ta_arm64/lib/libutils.a(trace.o)
 .debug_loclists
                0x00000000000008cc      0x2e5 /home/jeferson/optee/optee_os-rpi4/out/arm-plat-rpi4/export-ta_arm64/lib/libutils.a(memcpy.o)
 .debug_loclists
                0x0000000000000bb1     0x16ab /home/jeferson/optee/optee_os-rpi4/out/arm-plat-rpi4/export-ta_arm64/lib/libutils.a(snprintk.o)
 .debug_loclists
                0x000000000000225c       0x65 /home/jeferson/optee/optee_os-rpi4/out/arm-plat-rpi4/export-ta_arm64/lib/libutils.a(memchr.o)
 .debug_loclists
                0x00000000000022c1       0x34 /home/jeferson/optee/optee_os-rpi4/out/arm-plat-rpi4/export-ta_arm64/lib/libutils.a(strlen.o)
 .debug_loclists
                0x00000000000022f5       0xae /home/jeferson/optee/optee_os-rpi4/out/arm-plat-rpi4/export-ta_arm64/lib/libutee.a(trace_ext.o)
 .debug_loclists
                0x00000000000023a3     0x1210 /home/jeferson/optee/optee_os-rpi4/out/arm-plat-rpi4/export-ta_arm64/lib/libutee.a(tee_api.o)
 .debug_loclists
                0x00000000000035b3     0x184d /home/jeferson/optee/optee_os-rpi4/out/arm-plat-rpi4/export-ta_arm64/lib/libutee.a(tee_api_objects.o)
 .debug_loclists
                0x0000000000004e00      0x533 /home/jeferson/optee/optee_os-rpi4/out/arm-plat-rpi4/export-ta_arm64/lib/libutee.a(tee_api_panic.o)
 .debug_loclists
                0x0000000000005333      0x321 /home/jeferson/optee/optee_os-rpi4/out/arm-plat-rpi4/export-ta_arm64/lib/libutee.a(tee_system_pta.o)
 .debug_loclists
                0x0000000000005654      0x614 /home/jeferson/optee/optee_os-rpi4/out/arm-plat-rpi4/export-ta_arm64/lib/libutee.a(user_ta_entry.o)
 .debug_loclists
                0x0000000000005c68      0x1cb /home/jeferson/optee/optee_os-rpi4/out/arm-plat-rpi4/export-ta_arm64/lib/libutee.a(user_ta_entry_compat.o)
 .debug_loclists
                0x0000000000005e33     0x1f1c /home/jeferson/optee/optee_os-rpi4/out/arm-plat-rpi4/export-ta_arm64/lib/libutee.a(tee_api_arith_mpi.o)
 .debug_loclists
                0x0000000000007d4f      0xb90 /home/jeferson/optee/optee_os-rpi4/out/arm-plat-rpi4/export-ta_arm64/lib/libutee.a(tee_api_property.o)
 .debug_loclists
                0x00000000000088df      0x29d /home/jeferson/optee/optee_os-rpi4/out/arm-plat-rpi4/export-ta_arm64/lib/libutee.a(tcb.o)
 .debug_loclists
                0x0000000000008b7c       0x71 /home/jeferson/optee/optee_os-rpi4/out/arm-plat-rpi4/export-ta_arm64/lib/libutee.a(assert.o)
 .debug_loclists
                0x0000000000008bed      0x2e3 /home/jeferson/optee/optee_os-rpi4/out/arm-plat-rpi4/export-ta_arm64/lib/libutee.a(base64.o)
 .debug_loclists
                0x0000000000008ed0     0x495d /home/jeferson/optee/optee_os-rpi4/out/arm-plat-rpi4/export-ta_arm64/lib/libmbedtls.a(bignum.o)
 .debug_loclists
                0x000000000000d82d      0xd02 /home/jeferson/optee/optee_os-rpi4/out/arm-plat-rpi4/export-ta_arm64/lib/libmbedtls.a(constant_time.o)
 .debug_loclists
                0x000000000000e52f       0x45 /home/jeferson/optee/optee_os-rpi4/out/arm-plat-rpi4/export-ta_arm64/lib/libmbedtls.a(platform_util.o)
 .debug_loclists
                0x000000000000e574     0x1d1f /home/jeferson/optee/optee_os-rpi4/out/arm-plat-rpi4/export-ta_arm64/lib/libutils.a(bget_malloc.o)
 .debug_loclists
                0x0000000000010293       0xd0 /home/jeferson/optee/optee_os-rpi4/out/arm-plat-rpi4/export-ta_arm64/lib/libutils.a(snprintf.o)
 .debug_loclists
                0x0000000000010363      0x179 /home/jeferson/optee/optee_os-rpi4/out/arm-plat-rpi4/export-ta_arm64/lib/libutils.a(memmove.o)
 .debug_loclists
                0x00000000000104dc       0x67 /home/jeferson/optee/optee_os-rpi4/out/arm-plat-rpi4/export-ta_arm64/lib/libutils.a(memset.o)
 .debug_loclists
                0x0000000000010543       0x50 /home/jeferson/optee/optee_os-rpi4/out/arm-plat-rpi4/export-ta_arm64/lib/libutils.a(strcmp.o)
 .debug_loclists
                0x0000000000010593       0x9e /home/jeferson/optee/optee_os-rpi4/out/arm-plat-rpi4/export-ta_arm64/lib/libutils.a(strlcpy.o)
 .debug_loclists
                0x0000000000010631      0x295 /home/jeferson/optee/optee_os-rpi4/out/arm-plat-rpi4/export-ta_arm64/lib/libutils.a(mempool.o)
 .debug_loclists
                0x00000000000108c6       0xcb /home/jeferson/optee/optee_os-rpi4/out/arm-plat-rpi4/export-ta_arm64/lib/libutils.a(consttime_memcmp.o)

.debug_aranges  0x0000000000000000      0x9b0
 .debug_aranges
                0x0000000000000000       0x30 ./secure_storage_ta.o
 .debug_aranges
                0x0000000000000030       0x30 ./user_ta_header.o
 .debug_aranges
                0x0000000000000060       0x30 /home/jeferson/optee/optee_os-rpi4/out/arm-plat-rpi4/export-ta_arm64/lib/libutils.a(stack_check.o)
 .debug_aranges
                0x0000000000000090       0x30 /home/jeferson/optee/optee_os-rpi4/out/arm-plat-rpi4/export-ta_arm64/lib/libutils.a(trace.o)
 .debug_aranges
                0x00000000000000c0       0x30 /home/jeferson/optee/optee_os-rpi4/out/arm-plat-rpi4/export-ta_arm64/lib/libutils.a(memcpy.o)
 .debug_aranges
                0x00000000000000f0       0x30 /home/jeferson/optee/optee_os-rpi4/out/arm-plat-rpi4/export-ta_arm64/lib/libutils.a(snprintk.o)
 .debug_aranges
                0x0000000000000120       0x30 /home/jeferson/optee/optee_os-rpi4/out/arm-plat-rpi4/export-ta_arm64/lib/libutils.a(memchr.o)
 .debug_aranges
                0x0000000000000150       0x30 /home/jeferson/optee/optee_os-rpi4/out/arm-plat-rpi4/export-ta_arm64/lib/libutils.a(strlen.o)
 .debug_aranges
                0x0000000000000180       0x30 /home/jeferson/optee/optee_os-rpi4/out/arm-plat-rpi4/export-ta_arm64/lib/libutee.a(trace_ext.o)
 .debug_aranges
                0x00000000000001b0       0x30 /home/jeferson/optee/optee_os-rpi4/out/arm-plat-rpi4/export-ta_arm64/lib/libutee.a(tee_api.o)
 .debug_aranges
                0x00000000000001e0       0x30 /home/jeferson/optee/optee_os-rpi4/out/arm-plat-rpi4/export-ta_arm64/lib/libutee.a(tee_api_objects.o)
 .debug_aranges
                0x0000000000000210       0x30 /home/jeferson/optee/optee_os-rpi4/out/arm-plat-rpi4/export-ta_arm64/lib/libutee.a(tee_api_panic.o)
 .debug_aranges
                0x0000000000000240       0x30 /home/jeferson/optee/optee_os-rpi4/out/arm-plat-rpi4/export-ta_arm64/lib/libutee.a(tee_system_pta.o)
 .debug_aranges
                0x0000000000000270      0x3b0 /home/jeferson/optee/optee_os-rpi4/out/arm-plat-rpi4/export-ta_arm64/lib/libutee.a(utee_syscalls_a64.o)
 .debug_aranges
                0x0000000000000620       0x30 /home/jeferson/optee/optee_os-rpi4/out/arm-plat-rpi4/export-ta_arm64/lib/libutee.a(user_ta_entry.o)
 .debug_aranges
                0x0000000000000650       0x30 /home/jeferson/optee/optee_os-rpi4/out/arm-plat-rpi4/export-ta_arm64/lib/libutee.a(user_ta_entry_compat.o)
 .debug_aranges
                0x0000000000000680       0x30 /home/jeferson/optee/optee_os-rpi4/out/arm-plat-rpi4/export-ta_arm64/lib/libutee.a(abort.o)
 .debug_aranges
                0x00000000000006b0       0x30 /home/jeferson/optee/optee_os-rpi4/out/arm-plat-rpi4/export-ta_arm64/lib/libutee.a(tee_api_arith_mpi.o)
 .debug_aranges
                0x00000000000006e0       0x30 /home/jeferson/optee/optee_os-rpi4/out/arm-plat-rpi4/export-ta_arm64/lib/libutee.a(tee_api_property.o)
 .debug_aranges
                0x0000000000000710       0x30 /home/jeferson/optee/optee_os-rpi4/out/arm-plat-rpi4/export-ta_arm64/lib/libutee.a(tcb.o)
 .debug_aranges
                0x0000000000000740       0x30 /home/jeferson/optee/optee_os-rpi4/out/arm-plat-rpi4/export-ta_arm64/lib/libutee.a(assert.o)
 .debug_aranges
                0x0000000000000770       0x30 /home/jeferson/optee/optee_os-rpi4/out/arm-plat-rpi4/export-ta_arm64/lib/libutee.a(base64.o)
 .debug_aranges
                0x00000000000007a0       0x30 /home/jeferson/optee/optee_os-rpi4/out/arm-plat-rpi4/export-ta_arm64/lib/libmbedtls.a(bignum.o)
 .debug_aranges
                0x00000000000007d0       0x30 /home/jeferson/optee/optee_os-rpi4/out/arm-plat-rpi4/export-ta_arm64/lib/libmbedtls.a(constant_time.o)
 .debug_aranges
                0x0000000000000800       0x30 /home/jeferson/optee/optee_os-rpi4/out/arm-plat-rpi4/export-ta_arm64/lib/libmbedtls.a(platform_util.o)
 .debug_aranges
                0x0000000000000830       0x30 /home/jeferson/optee/optee_os-rpi4/out/arm-plat-rpi4/export-ta_arm64/lib/libutils.a(bget_malloc.o)
 .debug_aranges
                0x0000000000000860       0x30 /home/jeferson/optee/optee_os-rpi4/out/arm-plat-rpi4/export-ta_arm64/lib/libutils.a(snprintf.o)
 .debug_aranges
                0x0000000000000890       0x30 /home/jeferson/optee/optee_os-rpi4/out/arm-plat-rpi4/export-ta_arm64/lib/libutils.a(memmove.o)
 .debug_aranges
                0x00000000000008c0       0x30 /home/jeferson/optee/optee_os-rpi4/out/arm-plat-rpi4/export-ta_arm64/lib/libutils.a(memset.o)
 .debug_aranges
                0x00000000000008f0       0x30 /home/jeferson/optee/optee_os-rpi4/out/arm-plat-rpi4/export-ta_arm64/lib/libutils.a(strcmp.o)
 .debug_aranges
                0x0000000000000920       0x30 /home/jeferson/optee/optee_os-rpi4/out/arm-plat-rpi4/export-ta_arm64/lib/libutils.a(strlcpy.o)
 .debug_aranges
                0x0000000000000950       0x30 /home/jeferson/optee/optee_os-rpi4/out/arm-plat-rpi4/export-ta_arm64/lib/libutils.a(mempool.o)
 .debug_aranges
                0x0000000000000980       0x30 /home/jeferson/optee/optee_os-rpi4/out/arm-plat-rpi4/export-ta_arm64/lib/libutils.a(consttime_memcmp.o)

.debug_rnglists
                0x0000000000000000      0x873
 .debug_rnglists
                0x0000000000000000       0x3b ./secure_storage_ta.o
 .debug_rnglists
                0x000000000000003b       0x17 ./user_ta_header.o
 .debug_rnglists
                0x0000000000000052       0x27 /home/jeferson/optee/optee_os-rpi4/out/arm-plat-rpi4/export-ta_arm64/lib/libutils.a(trace.o)
 .debug_rnglists
                0x0000000000000079       0x17 /home/jeferson/optee/optee_os-rpi4/out/arm-plat-rpi4/export-ta_arm64/lib/libutils.a(snprintk.o)
 .debug_rnglists
                0x0000000000000090       0x8e /home/jeferson/optee/optee_os-rpi4/out/arm-plat-rpi4/export-ta_arm64/lib/libutee.a(tee_api.o)
 .debug_rnglists
                0x000000000000011e       0x3c /home/jeferson/optee/optee_os-rpi4/out/arm-plat-rpi4/export-ta_arm64/lib/libutee.a(tee_api_panic.o)
 .debug_rnglists
                0x000000000000015a       0x1c /home/jeferson/optee/optee_os-rpi4/out/arm-plat-rpi4/export-ta_arm64/lib/libutee.a(tee_system_pta.o)
 .debug_rnglists
                0x0000000000000176      0x247 /home/jeferson/optee/optee_os-rpi4/out/arm-plat-rpi4/export-ta_arm64/lib/libutee.a(utee_syscalls_a64.o)
 .debug_rnglists
                0x00000000000003bd       0x69 /home/jeferson/optee/optee_os-rpi4/out/arm-plat-rpi4/export-ta_arm64/lib/libutee.a(user_ta_entry.o)
 .debug_rnglists
                0x0000000000000426       0x17 /home/jeferson/optee/optee_os-rpi4/out/arm-plat-rpi4/export-ta_arm64/lib/libutee.a(abort.o)
 .debug_rnglists
                0x000000000000043d      0x14f /home/jeferson/optee/optee_os-rpi4/out/arm-plat-rpi4/export-ta_arm64/lib/libutee.a(tee_api_arith_mpi.o)
 .debug_rnglists
                0x000000000000058c       0x2c /home/jeferson/optee/optee_os-rpi4/out/arm-plat-rpi4/export-ta_arm64/lib/libutee.a(tee_api_property.o)
 .debug_rnglists
                0x00000000000005b8       0x37 /home/jeferson/optee/optee_os-rpi4/out/arm-plat-rpi4/export-ta_arm64/lib/libutee.a(base64.o)
 .debug_rnglists
                0x00000000000005ef       0xfe /home/jeferson/optee/optee_os-rpi4/out/arm-plat-rpi4/export-ta_arm64/lib/libmbedtls.a(bignum.o)
 .debug_rnglists
                0x00000000000006ed       0x85 /home/jeferson/optee/optee_os-rpi4/out/arm-plat-rpi4/export-ta_arm64/lib/libmbedtls.a(constant_time.o)
 .debug_rnglists
                0x0000000000000772       0xe5 /home/jeferson/optee/optee_os-rpi4/out/arm-plat-rpi4/export-ta_arm64/lib/libutils.a(bget_malloc.o)
 .debug_rnglists
                0x0000000000000857       0x1c /home/jeferson/optee/optee_os-rpi4/out/arm-plat-rpi4/export-ta_arm64/lib/libutils.a(mempool.o)

.debug_macro    0x0000000000000000    0x1a726
 .debug_macro   0x0000000000000000       0xd9 ./secure_storage_ta.o
 .debug_macro   0x00000000000000d9      0x9f4 ./secure_storage_ta.o
 .debug_macro   0x0000000000000acd       0x7c ./secure_storage_ta.o
 .debug_macro   0x0000000000000b49      0x1a0 ./secure_storage_ta.o
 .debug_macro   0x0000000000000ce9       0xc4 ./secure_storage_ta.o
 .debug_macro   0x0000000000000dad       0x22 ./secure_storage_ta.o
 .debug_macro   0x0000000000000dcf      0x10b ./secure_storage_ta.o
 .debug_macro   0x0000000000000eda      0x174 ./secure_storage_ta.o
 .debug_macro   0x000000000000104e      0xceb ./secure_storage_ta.o
 .debug_macro   0x0000000000001d39       0x22 ./secure_storage_ta.o
 .debug_macro   0x0000000000001d5b       0x35 ./secure_storage_ta.o
 .debug_macro   0x0000000000001d90       0x58 ./secure_storage_ta.o
 .debug_macro   0x0000000000001de8       0x34 ./secure_storage_ta.o
 .debug_macro   0x0000000000001e1c       0x79 ./secure_storage_ta.o
 .debug_macro   0x0000000000001e95      0x184 ./secure_storage_ta.o
 .debug_macro   0x0000000000002019       0xf7 ./secure_storage_ta.o
 .debug_macro   0x0000000000002110      0x1a0 ./user_ta_header.o
 .debug_macro   0x00000000000022b0      0x9f4 ./user_ta_header.o
 .debug_macro   0x0000000000002ca4       0x2e ./user_ta_header.o
 .debug_macro   0x0000000000002cd2       0x2e ./user_ta_header.o
 .debug_macro   0x0000000000002d00       0x33 ./user_ta_header.o
 .debug_macro   0x0000000000002d33       0xf0 ./user_ta_header.o
 .debug_macro   0x0000000000002e23       0x88 ./user_ta_header.o
 .debug_macro   0x0000000000002eab       0x22 ./user_ta_header.o
 .debug_macro   0x0000000000002ecd       0xb5 /home/jeferson/optee/optee_os-rpi4/out/arm-plat-rpi4/export-ta_arm64/lib/libutils.a(stack_check.o)
 .debug_macro   0x0000000000002f82      0x9b8 /home/jeferson/optee/optee_os-rpi4/out/arm-plat-rpi4/export-ta_arm64/lib/libutils.a(stack_check.o)
 .debug_macro   0x000000000000393a      0x584 /home/jeferson/optee/optee_os-rpi4/out/arm-plat-rpi4/export-ta_arm64/lib/libutils.a(stack_check.o)